#
# A fatal error has been detected by the Java Runtime Environment:
#
#  EXCEPTION_UNCAUGHT_CXX_EXCEPTION (0xe06d7363) at pc=0x00007ffdaca4fb4c, pid=22524, tid=21200
#
# JRE version: OpenJDK Runtime Environment Temurin-17.0.12+7 (17.0.12+7) (build 17.0.12+7)
# Java VM: OpenJDK 64-Bit Server VM Temurin-17.0.12+7 (17.0.12+7, mixed mode, sharing, tiered, compressed oops, compressed class ptrs, g1 gc, windows-amd64)
# Problematic frame:
# C  [KERNELBASE.dll+0x5fb4c]
#
# No core dump will be written. Minidumps are not enabled by default on client versions of Windows
#
# If you would like to submit a bug report, please visit:
#   https://github.com/adoptium/adoptium-support/issues
# The crash happened outside the Java Virtual Machine in native code.
# See problematic frame for where to report the bug.
#

---------------  S U M M A R Y ------------

Command Line: -agentlib:jdwp=transport=dt_socket,server=n,suspend=y,address=localhost:54342 -Djava.library.path=C:\Users\Roman\Documents\FRC Code\frc-2025-code\build\jni\release -XX:+ShowCodeDetailsInExceptionMessages frc.robot.Main

Host: 11th Gen Intel(R) Core(TM) i3-1115G4 @ 3.00GHz, 4 cores, 11G,  Windows 11 , 64 bit Build 22621 (10.0.22621.4391)
Time: Fri Feb 21 19:06:29 2025 Central Standard Time (Mexico) elapsed time: 7.493815 seconds (0d 0h 0m 7s)

---------------  T H R E A D  ---------------

Current thread (0x00000284910046a0):  JavaThread "AdvantageKit_LogReceiver" daemon [_thread_in_native, id=21200, stack(0x0000008bc2e00000,0x0000008bc2f00000)]

Stack: [0x0000008bc2e00000,0x0000008bc2f00000],  sp=0x0000008bc2efef30,  free space=1019k
Native frames: (J=compiled Java code, j=interpreted, Vv=VM code, C=native code)
C  [KERNELBASE.dll+0x5fb4c]
C  [VCRUNTIME140.dll+0x5267]
C  [wpiutil.dll+0x1a425]

Java frames: (J=compiled Java code, j=interpreted, Vv=VM code)
j  edu.wpi.first.util.datalog.DataLogJNI.fgCreate(Ljava/lang/String;Ljava/lang/String;)J+0
j  edu.wpi.first.util.datalog.DataLogWriter.<init>(Ljava/lang/String;Ljava/lang/String;)V+3
j  org.littletonrobotics.junction.wpilog.WPILOGWriter.start()V+96
j  org.littletonrobotics.junction.ReceiverThread.run()V+28
v  ~StubRoutines::call_stub

siginfo: EXCEPTION_UNCAUGHT_CXX_EXCEPTION (0xe06d7363), ExceptionInformation=0x0000000019930520 0x0000008bc2eff0d0 0x00007ffd27f3bd38 0x00007ffd27d00000 


Registers:
RAX=0x0000000000000000, RBX=0x00007ffd27f3bd38, RCX=0x0000000000000000, RDX=0x0000000000000000
RSP=0x0000008bc2efef30, RBP=0x0000008bc2eff1e9, RSI=0x0000008bc2eff0d0, RDI=0x0000000019930520
R8 =0x0055002d006e0065, R9 =0x0045004b005c0053, R10=0x004c0045004e0052, R11=0x0045005300410042
R12=0x0000000000000000, R13=0x0000000000000000, R14=0x0000008bc2eff288, R15=0x0000000000000000
RIP=0x00007ffdaca4fb4c, EFLAGS=0x0000000000000202


Register to memory mapping:

RIP=0x00007ffdaca4fb4c KERNELBASE.dll
RAX=0x0 is NULL
RBX=0x00007ffd27f3bd38 wpiutil.dll
RCX=0x0 is NULL
RDX=0x0 is NULL
RSP=0x0000008bc2efef30 is pointing into the stack for thread: 0x00000284910046a0
RBP=0x0000008bc2eff1e9 is pointing into the stack for thread: 0x00000284910046a0
RSI=0x0000008bc2eff0d0 is pointing into the stack for thread: 0x00000284910046a0
RDI=0x0000000019930520 is an unknown value
R8 =0x0055002d006e0065 is an unknown value
R9 =0x0045004b005c0053 is an unknown value
R10=0x004c0045004e0052 is an unknown value
R11=0x0045005300410042 is an unknown value
R12=0x0 is NULL
R13=0x0 is NULL
R14=0x0000008bc2eff288 is pointing into the stack for thread: 0x00000284910046a0
R15=0x0 is NULL


Top of Stack: (sp=0x0000008bc2efef30)
0x0000008bc2efef30:   0000000000000004 00007ffd27f3bd38
0x0000008bc2efef40:   0000008bc2eff0d0 000002849101c920
0x0000008bc2efef50:   00000081e06d7363 0000000000000000
0x0000008bc2efef60:   00007ffdaca4fb4c 0000008b00000004
0x0000008bc2efef70:   0000000019930520 0000008bc2eff0d0
0x0000008bc2efef80:   00007ffd27f3bd38 00007ffd27d00000
0x0000008bc2efef90:   0000028400000000 0000000000000000
0x0000008bc2efefa0:   0000000000000000 00007ffd27f3bd38
0x0000008bc2efefb0:   0000008bc2eff288 00007ffdaf706bef
0x0000008bc2efefc0:   0000008bc2eff030 00007ffd28073000
0x0000008bc2efefd0:   0000008bc2eff0d0 0000000019930520
0x0000008bc2efefe0:   00007ffd28073000 00007ffd27d00000
0x0000008bc2efeff0:   0000cdc794e0e416 0000008bc2eff1e9
0x0000008bc2eff000:   00007ffd27f3bd38 00007ffd29435267
0x0000008bc2eff010:   0000028486b43130 0000000000000019
0x0000008bc2eff020:   0000008bc2eff0d0 0000000000000000
0x0000008bc2eff030:   00007ffd27d00000 0000000019930520
0x0000008bc2eff040:   0000008bc2eff0d0 00007ffd27f3bd38
0x0000008bc2eff050:   00007ffd27d00000 0000008bc2eff288
0x0000008bc2eff060:   0000008bc2eff288 00007ffd27d1a425
0x0000008bc2eff070:   0000008bc2eff028 0000000000000040
0x0000008bc2eff080:   00007ffd27ee8a74 0000008bc2eff3a0
0x0000008bc2eff090:   0000cdc700000005 00007ffd28069010
0x0000008bc2eff0a0:   0000cdc700000005 00007ffd28069010
0x0000008bc2eff0b0:   0000737574617473 0000000000000000
0x0000008bc2eff0c0:   0000000000000006 000000000000000f
0x0000008bc2eff0d0:   00007ffd27ee8a58 0000028486b43130
0x0000008bc2eff0e0:   0000000000000001 0000cdc700000005
0x0000008bc2eff0f0:   00007ffd28069010 000002849101cae0
0x0000008bc2eff100:   0000000000000000 000000000000002c
0x0000008bc2eff110:   000000000000002f 0000000000000000
0x0000008bc2eff120:   0000000000000000 0000000000000000 

Instructions: (pc=0x00007ffdaca4fb4c)
0x00007ffdaca4fa4c:   ff 4c 8d 05 ec d9 2d 00 33 d2 b9 00 00 10 00 e8
0x00007ffdaca4fa5c:   a0 41 fe ff 4c 8b f0 48 89 44 24 58 48 85 c0 0f
0x00007ffdaca4fa6c:   84 0b fe ff ff 4c 8d 05 10 da 2d 00 33 d2 8d 4a
0x00007ffdaca4fa7c:   02 e8 7e 41 fe ff 48 8b f8 48 89 44 24 50 e9 ed
0x00007ffdaca4fa8c:   fd ff ff 45 33 c0 49 8b d7 48 83 c9 ff e8 c2 a5
0x00007ffdaca4fa9c:   01 00 e9 08 ff ff ff 48 8b 0d e6 c4 30 00 e8 f1
0x00007ffdaca4faac:   c3 fd ff 48 8b cf e8 89 98 fc ff e9 f8 fe ff ff
0x00007ffdaca4fabc:   49 8b ce e8 7c 98 fc ff e9 f4 fe ff ff 48 8b ce
0x00007ffdaca4facc:   e8 6f 98 fc ff e9 f0 fe ff ff cc cc 71 18 d3 7a
0x00007ffdaca4fadc:   1a 87 89 f9 48 81 ec d8 00 00 00 48 8b 05 02 95
0x00007ffdaca4faec:   30 00 48 33 c4 48 89 84 24 c0 00 00 00 48 83 64
0x00007ffdaca4fafc:   24 28 00 48 8d 05 da ff ff ff 83 e2 01 89 4c 24
0x00007ffdaca4fb0c:   20 89 54 24 24 48 89 44 24 30 4d 85 c9 74 4f b8
0x00007ffdaca4fb1c:   0f 00 00 00 48 8d 4c 24 40 44 3b c0 49 8b d1 41
0x00007ffdaca4fb2c:   0f 46 c0 44 8b c0 44 89 44 24 38 49 c1 e0 03 e8
0x00007ffdaca4fb3c:   67 e9 07 00 48 8d 4c 24 20 48 ff 15 a4 14 21 00
0x00007ffdaca4fb4c:   0f 1f 44 00 00 48 8b 8c 24 c0 00 00 00 48 33 cc
0x00007ffdaca4fb5c:   e8 df 0e 05 00 48 81 c4 d8 00 00 00 c3 cc 83 64
0x00007ffdaca4fb6c:   24 38 00 eb cf cc cc cc cc cc cc cc 48 8b c4 48
0x00007ffdaca4fb7c:   89 58 08 48 89 70 10 48 89 78 18 4c 89 68 20 55
0x00007ffdaca4fb8c:   41 56 41 57 48 8d 68 a1 48 81 ec e0 00 00 00 48
0x00007ffdaca4fb9c:   8b 05 4e 94 30 00 48 33 c4 48 89 45 3f 45 33 ff
0x00007ffdaca4fbac:   66 c7 45 2b 00 05 48 8d 45 c7 44 89 7d 27 48 89
0x00007ffdaca4fbbc:   44 24 50 48 8d 4d 27 44 89 7c 24 48 45 33 c9 44
0x00007ffdaca4fbcc:   89 7c 24 40 45 8d 47 12 44 89 7c 24 38 b2 01 44
0x00007ffdaca4fbdc:   89 7c 24 30 41 8b df 44 89 7c 24 28 41 8b ff 44
0x00007ffdaca4fbec:   89 7c 24 20 45 8b f7 44 89 7d 2f 66 c7 45 33 00
0x00007ffdaca4fbfc:   01 44 89 7d 37 66 c7 45 3b 00 10 4c 89 7d c7 4c
0x00007ffdaca4fc0c:   89 7d cf 4c 89 7d d7 4c 89 7d df 48 ff 15 f2 14
0x00007ffdaca4fc1c:   21 00 0f 1f 44 00 00 85 c0 0f 88 a7 02 00 00 48
0x00007ffdaca4fc2c:   8d 45 cf 41 b9 20 02 00 00 48 89 44 24 50 45 8d
0x00007ffdaca4fc3c:   6f 02 44 89 7c 24 48 45 8d 47 20 44 89 7c 24 40 


Stack slot to memory mapping:
stack at sp + 0 slots: 0x0000000000000004 is an unknown value
stack at sp + 1 slots: 0x00007ffd27f3bd38 wpiutil.dll
stack at sp + 2 slots: 0x0000008bc2eff0d0 is pointing into the stack for thread: 0x00000284910046a0
stack at sp + 3 slots: 0x000002849101c920 points into unknown readable memory: 0x006c005c003a0046 | 46 00 3a 00 5c 00 6c 00
stack at sp + 4 slots: 0x00000081e06d7363 is an unknown value
stack at sp + 5 slots: 0x0 is NULL
stack at sp + 6 slots: 0x00007ffdaca4fb4c KERNELBASE.dll
stack at sp + 7 slots: 0x0000008b00000004 is an unknown value


---------------  P R O C E S S  ---------------

Threads class SMR info:
_java_thread_list=0x0000028486b56540, length=25, elements={
0x000002841f73ce80, 0x000002843f6853f0, 0x000002843f685fb0, 0x000002843f699190,
0x000002843f69bd60, 0x000002843f69e730, 0x000002843f69f890, 0x000002843f6a0630,
0x000002843f6a64a0, 0x000002843f6ba1c0, 0x000002843f90af80, 0x000002843f90e050,
0x000002843f911870, 0x000002843f913110, 0x000002843f913c30, 0x000002843fa5e630,
0x000002849078c310, 0x000002849083cb40, 0x0000028490d56af0, 0x0000028490af6690,
0x0000028491003c80, 0x0000028491006500, 0x00000284910050c0, 0x0000028491004190,
0x00000284910046a0
}

Java Threads: ( => current thread )
  0x000002841f73ce80 JavaThread "main" [_thread_in_native, id=18620, stack(0x0000008bbd600000,0x0000008bbd700000)]
  0x000002843f6853f0 JavaThread "Reference Handler" daemon [_thread_blocked, id=15052, stack(0x0000008bbdd00000,0x0000008bbde00000)]
  0x000002843f685fb0 JavaThread "Finalizer" daemon [_thread_blocked, id=21172, stack(0x0000008bbde00000,0x0000008bbdf00000)]
  0x000002843f699190 JavaThread "Signal Dispatcher" daemon [_thread_blocked, id=19436, stack(0x0000008bbdf00000,0x0000008bbe000000)]
  0x000002843f69bd60 JavaThread "Attach Listener" daemon [_thread_blocked, id=8096, stack(0x0000008bbe000000,0x0000008bbe100000)]
  0x000002843f69e730 JavaThread "Service Thread" daemon [_thread_blocked, id=17656, stack(0x0000008bbe100000,0x0000008bbe200000)]
  0x000002843f69f890 JavaThread "Monitor Deflation Thread" daemon [_thread_blocked, id=6528, stack(0x0000008bbe200000,0x0000008bbe300000)]
  0x000002843f6a0630 JavaThread "C2 CompilerThread0" daemon [_thread_blocked, id=3232, stack(0x0000008bbe300000,0x0000008bbe400000)]
  0x000002843f6a64a0 JavaThread "C1 CompilerThread0" daemon [_thread_blocked, id=18192, stack(0x0000008bbe400000,0x0000008bbe500000)]
  0x000002843f6ba1c0 JavaThread "Sweeper thread" daemon [_thread_blocked, id=22048, stack(0x0000008bbe500000,0x0000008bbe600000)]
  0x000002843f90af80 JavaThread "JDWP Transport Listener: dt_socket" daemon [_thread_blocked, id=15176, stack(0x0000008bbe600000,0x0000008bbe700000)]
  0x000002843f90e050 JavaThread "JDWP Event Helper Thread" daemon [_thread_blocked, id=5276, stack(0x0000008bbe700000,0x0000008bbe800000)]
  0x000002843f911870 JavaThread "JDWP Command Reader" daemon [_thread_in_native, id=792, stack(0x0000008bbe800000,0x0000008bbe900000)]
  0x000002843f913110 JavaThread "Notification Thread" daemon [_thread_blocked, id=19468, stack(0x0000008bbe900000,0x0000008bbea00000)]
  0x000002843f913c30 JavaThread "Common-Cleaner" daemon [_thread_blocked, id=16068, stack(0x0000008bbeb00000,0x0000008bbec00000)]
  0x000002843fa5e630 JavaThread "robot main" daemon [_thread_in_native_trans, id=20128, stack(0x0000008bbf200000,0x0000008bbf300000)]
  0x000002849078c310 JavaThread "NTListener" daemon [_thread_in_native, id=21476, stack(0x0000008bc1500000,0x0000008bc1600000)]
  0x000002849083cb40 JavaThread "Thread-0" daemon [_thread_in_native, id=9704, stack(0x0000008bc1600000,0x0000008bc1700000)]
  0x0000028490d56af0 JavaThread "Notifier" daemon [_thread_in_native, id=14120, stack(0x0000008bc2500000,0x0000008bc2600000)]
  0x0000028490af6690 JavaThread "Notifier" daemon [_thread_in_native, id=20388, stack(0x0000008bc2700000,0x0000008bc2800000)]
  0x0000028491003c80 JavaThread "Cleaner-0" daemon [_thread_blocked, id=21620, stack(0x0000008bc2800000,0x0000008bc2900000)]
  0x0000028491006500 JavaThread "ADStar Planning Thread" daemon [_thread_blocked, id=22232, stack(0x0000008bc2b00000,0x0000008bc2c00000)]
  0x00000284910050c0 JavaThread "Thread-5" [_thread_in_native, id=3292, stack(0x0000008bc2600000,0x0000008bc2700000)]
  0x0000028491004190 JavaThread "DataLogDS" daemon [_thread_in_native, id=6032, stack(0x0000008bc2d00000,0x0000008bc2e00000)]
=>0x00000284910046a0 JavaThread "AdvantageKit_LogReceiver" daemon [_thread_in_native, id=21200, stack(0x0000008bc2e00000,0x0000008bc2f00000)]

Other Threads:
  0x000002843f6812a0 VMThread "VM Thread" [stack: 0x0000008bbdc00000,0x0000008bbdd00000] [id=8108]
  0x000002843f9135f0 WatcherThread [stack: 0x0000008bbea00000,0x0000008bbeb00000] [id=14984]
  0x000002841f79bb60 GCTaskThread "GC Thread#0" [stack: 0x0000008bbd700000,0x0000008bbd800000] [id=17772]
  0x0000028490a95c90 GCTaskThread "GC Thread#1" [stack: 0x0000008bc1700000,0x0000008bc1800000] [id=5900]
  0x0000028490a96fd0 GCTaskThread "GC Thread#2" [stack: 0x0000008bc1800000,0x0000008bc1900000] [id=14736]
  0x0000028490a98e10 GCTaskThread "GC Thread#3" [stack: 0x0000008bc1900000,0x0000008bc1a00000] [id=18144]
  0x000002841f7a85f0 ConcurrentGCThread "G1 Main Marker" [stack: 0x0000008bbd800000,0x0000008bbd900000] [id=13848]
  0x000002841f7a9010 ConcurrentGCThread "G1 Conc#0" [stack: 0x0000008bbd900000,0x0000008bbda00000] [id=6764]
  0x000002843f5420c0 ConcurrentGCThread "G1 Refine#0" [stack: 0x0000008bbda00000,0x0000008bbdb00000] [id=22460]
  0x000002843f542af0 ConcurrentGCThread "G1 Service" [stack: 0x0000008bbdb00000,0x0000008bbdc00000] [id=14580]

Threads with active compile tasks:

VM state: not at safepoint (normal execution)

VM Mutex/Monitor currently owned by a thread: None

Heap address: 0x0000000744c00000, size: 2996 MB, Compressed Oops mode: Zero based, Oop shift amount: 3

CDS archive(s) mapped at: [0x0000028440000000-0x0000028440bb0000-0x0000028440bb0000), size 12255232, SharedBaseAddress: 0x0000028440000000, ArchiveRelocationMode: 1.
Compressed class space mapped at: 0x0000028441000000-0x0000028481000000, reserved size: 1073741824
Narrow klass base: 0x0000028440000000, Narrow klass shift: 0, Narrow klass range: 0x100000000

GC Precious Log:
 CPUs: 4 total, 4 available
 Memory: 11982M
 Large Page Support: Disabled
 NUMA Support: Disabled
 Compressed Oops: Enabled (Zero based)
 Heap Region Size: 2M
 Heap Min Capacity: 8M
 Heap Initial Capacity: 188M
 Heap Max Capacity: 2996M
 Pre-touch: Disabled
 Parallel Workers: 4
 Concurrent Workers: 1
 Concurrent Refinement Workers: 4
 Periodic GC: Disabled

Heap:
 garbage-first heap   total 192512K, used 57810K [0x0000000744c00000, 0x0000000800000000)
  region size 2048K, 29 young (59392K), 1 survivors (2048K)
 Metaspace       used 16094K, committed 16384K, reserved 1114112K
  class space    used 1701K, committed 1856K, reserved 1048576K

Heap Regions: E=young(eden), S=young(survivor), O=old, HS=humongous(starts), HC=humongous(continues), CS=collection set, F=free, OA=open archive, CA=closed archive, TAMS=top-at-mark-start (previous, next)
|   0|0x0000000744c00000, 0x0000000744d87200, 0x0000000744e00000| 76%| O|  |TAMS 0x0000000744c00000, 0x0000000744c00000| Untracked 
|   1|0x0000000744e00000, 0x0000000744e00000, 0x0000000745000000|  0%| F|  |TAMS 0x0000000744e00000, 0x0000000744e00000| Untracked 
|   2|0x0000000745000000, 0x0000000745000000, 0x0000000745200000|  0%| F|  |TAMS 0x0000000745000000, 0x0000000745000000| Untracked 
|   3|0x0000000745200000, 0x0000000745200000, 0x0000000745400000|  0%| F|  |TAMS 0x0000000745200000, 0x0000000745200000| Untracked 
|   4|0x0000000745400000, 0x0000000745400000, 0x0000000745600000|  0%| F|  |TAMS 0x0000000745400000, 0x0000000745400000| Untracked 
|   5|0x0000000745600000, 0x0000000745600000, 0x0000000745800000|  0%| F|  |TAMS 0x0000000745600000, 0x0000000745600000| Untracked 
|   6|0x0000000745800000, 0x0000000745800000, 0x0000000745a00000|  0%| F|  |TAMS 0x0000000745800000, 0x0000000745800000| Untracked 
|   7|0x0000000745a00000, 0x0000000745a00000, 0x0000000745c00000|  0%| F|  |TAMS 0x0000000745a00000, 0x0000000745a00000| Untracked 
|   8|0x0000000745c00000, 0x0000000745c00000, 0x0000000745e00000|  0%| F|  |TAMS 0x0000000745c00000, 0x0000000745c00000| Untracked 
|   9|0x0000000745e00000, 0x0000000745e00000, 0x0000000746000000|  0%| F|  |TAMS 0x0000000745e00000, 0x0000000745e00000| Untracked 
|  10|0x0000000746000000, 0x0000000746000000, 0x0000000746200000|  0%| F|  |TAMS 0x0000000746000000, 0x0000000746000000| Untracked 
|  11|0x0000000746200000, 0x0000000746200000, 0x0000000746400000|  0%| F|  |TAMS 0x0000000746200000, 0x0000000746200000| Untracked 
|  12|0x0000000746400000, 0x0000000746400000, 0x0000000746600000|  0%| F|  |TAMS 0x0000000746400000, 0x0000000746400000| Untracked 
|  13|0x0000000746600000, 0x0000000746600000, 0x0000000746800000|  0%| F|  |TAMS 0x0000000746600000, 0x0000000746600000| Untracked 
|  14|0x0000000746800000, 0x0000000746800000, 0x0000000746a00000|  0%| F|  |TAMS 0x0000000746800000, 0x0000000746800000| Untracked 
|  15|0x0000000746a00000, 0x0000000746a00000, 0x0000000746c00000|  0%| F|  |TAMS 0x0000000746a00000, 0x0000000746a00000| Untracked 
|  16|0x0000000746c00000, 0x0000000746c00000, 0x0000000746e00000|  0%| F|  |TAMS 0x0000000746c00000, 0x0000000746c00000| Untracked 
|  17|0x0000000746e00000, 0x0000000746e00000, 0x0000000747000000|  0%| F|  |TAMS 0x0000000746e00000, 0x0000000746e00000| Untracked 
|  18|0x0000000747000000, 0x0000000747000000, 0x0000000747200000|  0%| F|  |TAMS 0x0000000747000000, 0x0000000747000000| Untracked 
|  19|0x0000000747200000, 0x0000000747200000, 0x0000000747400000|  0%| F|  |TAMS 0x0000000747200000, 0x0000000747200000| Untracked 
|  20|0x0000000747400000, 0x0000000747400000, 0x0000000747600000|  0%| F|  |TAMS 0x0000000747400000, 0x0000000747400000| Untracked 
|  21|0x0000000747600000, 0x0000000747600000, 0x0000000747800000|  0%| F|  |TAMS 0x0000000747600000, 0x0000000747600000| Untracked 
|  22|0x0000000747800000, 0x0000000747800000, 0x0000000747a00000|  0%| F|  |TAMS 0x0000000747800000, 0x0000000747800000| Untracked 
|  23|0x0000000747a00000, 0x0000000747a00000, 0x0000000747c00000|  0%| F|  |TAMS 0x0000000747a00000, 0x0000000747a00000| Untracked 
|  24|0x0000000747c00000, 0x0000000747c00000, 0x0000000747e00000|  0%| F|  |TAMS 0x0000000747c00000, 0x0000000747c00000| Untracked 
|  25|0x0000000747e00000, 0x0000000747e00000, 0x0000000748000000|  0%| F|  |TAMS 0x0000000747e00000, 0x0000000747e00000| Untracked 
|  26|0x0000000748000000, 0x0000000748000000, 0x0000000748200000|  0%| F|  |TAMS 0x0000000748000000, 0x0000000748000000| Untracked 
|  27|0x0000000748200000, 0x0000000748200000, 0x0000000748400000|  0%| F|  |TAMS 0x0000000748200000, 0x0000000748200000| Untracked 
|  28|0x0000000748400000, 0x0000000748400000, 0x0000000748600000|  0%| F|  |TAMS 0x0000000748400000, 0x0000000748400000| Untracked 
|  29|0x0000000748600000, 0x0000000748600000, 0x0000000748800000|  0%| F|  |TAMS 0x0000000748600000, 0x0000000748600000| Untracked 
|  30|0x0000000748800000, 0x0000000748800000, 0x0000000748a00000|  0%| F|  |TAMS 0x0000000748800000, 0x0000000748800000| Untracked 
|  31|0x0000000748a00000, 0x0000000748a00000, 0x0000000748c00000|  0%| F|  |TAMS 0x0000000748a00000, 0x0000000748a00000| Untracked 
|  32|0x0000000748c00000, 0x0000000748c00000, 0x0000000748e00000|  0%| F|  |TAMS 0x0000000748c00000, 0x0000000748c00000| Untracked 
|  33|0x0000000748e00000, 0x0000000748e00000, 0x0000000749000000|  0%| F|  |TAMS 0x0000000748e00000, 0x0000000748e00000| Untracked 
|  34|0x0000000749000000, 0x0000000749000000, 0x0000000749200000|  0%| F|  |TAMS 0x0000000749000000, 0x0000000749000000| Untracked 
|  35|0x0000000749200000, 0x0000000749200000, 0x0000000749400000|  0%| F|  |TAMS 0x0000000749200000, 0x0000000749200000| Untracked 
|  36|0x0000000749400000, 0x0000000749400000, 0x0000000749600000|  0%| F|  |TAMS 0x0000000749400000, 0x0000000749400000| Untracked 
|  37|0x0000000749600000, 0x0000000749600000, 0x0000000749800000|  0%| F|  |TAMS 0x0000000749600000, 0x0000000749600000| Untracked 
|  38|0x0000000749800000, 0x0000000749800000, 0x0000000749a00000|  0%| F|  |TAMS 0x0000000749800000, 0x0000000749800000| Untracked 
|  39|0x0000000749a00000, 0x0000000749a00000, 0x0000000749c00000|  0%| F|  |TAMS 0x0000000749a00000, 0x0000000749a00000| Untracked 
|  40|0x0000000749c00000, 0x0000000749c00000, 0x0000000749e00000|  0%| F|  |TAMS 0x0000000749c00000, 0x0000000749c00000| Untracked 
|  41|0x0000000749e00000, 0x0000000749e00000, 0x000000074a000000|  0%| F|  |TAMS 0x0000000749e00000, 0x0000000749e00000| Untracked 
|  42|0x000000074a000000, 0x000000074a000000, 0x000000074a200000|  0%| F|  |TAMS 0x000000074a000000, 0x000000074a000000| Untracked 
|  43|0x000000074a200000, 0x000000074a200000, 0x000000074a400000|  0%| F|  |TAMS 0x000000074a200000, 0x000000074a200000| Untracked 
|  44|0x000000074a400000, 0x000000074a400000, 0x000000074a600000|  0%| F|  |TAMS 0x000000074a400000, 0x000000074a400000| Untracked 
|  45|0x000000074a600000, 0x000000074a600000, 0x000000074a800000|  0%| F|  |TAMS 0x000000074a600000, 0x000000074a600000| Untracked 
|  46|0x000000074a800000, 0x000000074a800000, 0x000000074aa00000|  0%| F|  |TAMS 0x000000074a800000, 0x000000074a800000| Untracked 
|  47|0x000000074aa00000, 0x000000074aa00000, 0x000000074ac00000|  0%| F|  |TAMS 0x000000074aa00000, 0x000000074aa00000| Untracked 
|  48|0x000000074ac00000, 0x000000074ac00000, 0x000000074ae00000|  0%| F|  |TAMS 0x000000074ac00000, 0x000000074ac00000| Untracked 
|  49|0x000000074ae00000, 0x000000074ae00000, 0x000000074b000000|  0%| F|  |TAMS 0x000000074ae00000, 0x000000074ae00000| Untracked 
|  50|0x000000074b000000, 0x000000074b000000, 0x000000074b200000|  0%| F|  |TAMS 0x000000074b000000, 0x000000074b000000| Untracked 
|  51|0x000000074b200000, 0x000000074b200000, 0x000000074b400000|  0%| F|  |TAMS 0x000000074b200000, 0x000000074b200000| Untracked 
|  52|0x000000074b400000, 0x000000074b400000, 0x000000074b600000|  0%| F|  |TAMS 0x000000074b400000, 0x000000074b400000| Untracked 
|  53|0x000000074b600000, 0x000000074b600000, 0x000000074b800000|  0%| F|  |TAMS 0x000000074b600000, 0x000000074b600000| Untracked 
|  54|0x000000074b800000, 0x000000074b800000, 0x000000074ba00000|  0%| F|  |TAMS 0x000000074b800000, 0x000000074b800000| Untracked 
|  55|0x000000074ba00000, 0x000000074ba00000, 0x000000074bc00000|  0%| F|  |TAMS 0x000000074ba00000, 0x000000074ba00000| Untracked 
|  56|0x000000074bc00000, 0x000000074bc00000, 0x000000074be00000|  0%| F|  |TAMS 0x000000074bc00000, 0x000000074bc00000| Untracked 
|  57|0x000000074be00000, 0x000000074be00000, 0x000000074c000000|  0%| F|  |TAMS 0x000000074be00000, 0x000000074be00000| Untracked 
|  58|0x000000074c000000, 0x000000074c000000, 0x000000074c200000|  0%| F|  |TAMS 0x000000074c000000, 0x000000074c000000| Untracked 
|  59|0x000000074c200000, 0x000000074c200000, 0x000000074c400000|  0%| F|  |TAMS 0x000000074c200000, 0x000000074c200000| Untracked 
|  60|0x000000074c400000, 0x000000074c400000, 0x000000074c600000|  0%| F|  |TAMS 0x000000074c400000, 0x000000074c400000| Untracked 
|  61|0x000000074c600000, 0x000000074c600000, 0x000000074c800000|  0%| F|  |TAMS 0x000000074c600000, 0x000000074c600000| Untracked 
|  62|0x000000074c800000, 0x000000074c800000, 0x000000074ca00000|  0%| F|  |TAMS 0x000000074c800000, 0x000000074c800000| Untracked 
|  63|0x000000074ca00000, 0x000000074ca00000, 0x000000074cc00000|  0%| F|  |TAMS 0x000000074ca00000, 0x000000074ca00000| Untracked 
|  64|0x000000074cc00000, 0x000000074cd00800, 0x000000074ce00000| 50%| E|  |TAMS 0x000000074cc00000, 0x000000074cc00000| Complete 
|  65|0x000000074ce00000, 0x000000074d000000, 0x000000074d000000|100%| E|CS|TAMS 0x000000074ce00000, 0x000000074ce00000| Complete 
|  66|0x000000074d000000, 0x000000074d200000, 0x000000074d200000|100%| E|CS|TAMS 0x000000074d000000, 0x000000074d000000| Complete 
|  67|0x000000074d200000, 0x000000074d400000, 0x000000074d400000|100%| E|CS|TAMS 0x000000074d200000, 0x000000074d200000| Complete 
|  68|0x000000074d400000, 0x000000074d600000, 0x000000074d600000|100%| E|CS|TAMS 0x000000074d400000, 0x000000074d400000| Complete 
|  69|0x000000074d600000, 0x000000074d800000, 0x000000074d800000|100%| E|CS|TAMS 0x000000074d600000, 0x000000074d600000| Complete 
|  70|0x000000074d800000, 0x000000074da00000, 0x000000074da00000|100%| E|CS|TAMS 0x000000074d800000, 0x000000074d800000| Complete 
|  71|0x000000074da00000, 0x000000074dc00000, 0x000000074dc00000|100%| E|CS|TAMS 0x000000074da00000, 0x000000074da00000| Complete 
|  72|0x000000074dc00000, 0x000000074de00000, 0x000000074de00000|100%| E|CS|TAMS 0x000000074dc00000, 0x000000074dc00000| Complete 
|  73|0x000000074de00000, 0x000000074e000000, 0x000000074e000000|100%| E|CS|TAMS 0x000000074de00000, 0x000000074de00000| Complete 
|  74|0x000000074e000000, 0x000000074e200000, 0x000000074e200000|100%| E|CS|TAMS 0x000000074e000000, 0x000000074e000000| Complete 
|  75|0x000000074e200000, 0x000000074e400000, 0x000000074e400000|100%| E|CS|TAMS 0x000000074e200000, 0x000000074e200000| Complete 
|  76|0x000000074e400000, 0x000000074e600000, 0x000000074e600000|100%| E|CS|TAMS 0x000000074e400000, 0x000000074e400000| Complete 
|  77|0x000000074e600000, 0x000000074e800000, 0x000000074e800000|100%| E|CS|TAMS 0x000000074e600000, 0x000000074e600000| Complete 
|  78|0x000000074e800000, 0x000000074ea00000, 0x000000074ea00000|100%| E|CS|TAMS 0x000000074e800000, 0x000000074e800000| Complete 
|  79|0x000000074ea00000, 0x000000074ec00000, 0x000000074ec00000|100%| E|CS|TAMS 0x000000074ea00000, 0x000000074ea00000| Complete 
|  80|0x000000074ec00000, 0x000000074ee00000, 0x000000074ee00000|100%| E|CS|TAMS 0x000000074ec00000, 0x000000074ec00000| Complete 
|  81|0x000000074ee00000, 0x000000074f000000, 0x000000074f000000|100%| E|CS|TAMS 0x000000074ee00000, 0x000000074ee00000| Complete 
|  82|0x000000074f000000, 0x000000074f200000, 0x000000074f200000|100%| E|CS|TAMS 0x000000074f000000, 0x000000074f000000| Complete 
|  83|0x000000074f200000, 0x000000074f400000, 0x000000074f400000|100%| E|CS|TAMS 0x000000074f200000, 0x000000074f200000| Complete 
|  84|0x000000074f400000, 0x000000074f600000, 0x000000074f600000|100%| E|CS|TAMS 0x000000074f400000, 0x000000074f400000| Complete 
|  85|0x000000074f600000, 0x000000074f6ed7e0, 0x000000074f800000| 46%| S|CS|TAMS 0x000000074f600000, 0x000000074f600000| Complete 
|  86|0x000000074f800000, 0x000000074fa00000, 0x000000074fa00000|100%| E|CS|TAMS 0x000000074f800000, 0x000000074f800000| Complete 
|  87|0x000000074fa00000, 0x000000074fc00000, 0x000000074fc00000|100%| E|CS|TAMS 0x000000074fa00000, 0x000000074fa00000| Complete 
|  88|0x000000074fc00000, 0x000000074fe00000, 0x000000074fe00000|100%| E|CS|TAMS 0x000000074fc00000, 0x000000074fc00000| Complete 
|  89|0x000000074fe00000, 0x0000000750000000, 0x0000000750000000|100%| E|CS|TAMS 0x000000074fe00000, 0x000000074fe00000| Complete 
|  90|0x0000000750000000, 0x0000000750200000, 0x0000000750200000|100%| E|CS|TAMS 0x0000000750000000, 0x0000000750000000| Complete 
|  91|0x0000000750200000, 0x0000000750400000, 0x0000000750400000|100%| E|CS|TAMS 0x0000000750200000, 0x0000000750200000| Complete 
|  92|0x0000000750400000, 0x0000000750600000, 0x0000000750600000|100%| E|CS|TAMS 0x0000000750400000, 0x0000000750400000| Complete 
|  93|0x0000000750600000, 0x0000000750800000, 0x0000000750800000|100%| E|CS|TAMS 0x0000000750600000, 0x0000000750600000| Complete 

Card table byte_map: [0x0000028436850000,0x0000028436e30000] _byte_map_base: 0x0000028432e2a000

Marking Bits (Prev, Next): (CMBitMap*) 0x000002841f79c180, (CMBitMap*) 0x000002841f79c1c0
 Prev Bits: [0x0000028437410000, 0x000002843a2e0000)
 Next Bits: [0x000002843a2e0000, 0x000002843d1b0000)

Polling page: 0x000002841d660000

Metaspace:

Usage:
  Non-class:     14.06 MB used.
      Class:      1.66 MB used.
       Both:     15.72 MB used.

Virtual space:
  Non-class space:       64.00 MB reserved,      14.19 MB ( 22%) committed,  1 nodes.
      Class space:        1.00 GB reserved,       1.81 MB ( <1%) committed,  1 nodes.
             Both:        1.06 GB reserved,      16.00 MB (  1%) committed. 

Chunk freelists:
   Non-Class:  960.00 KB
       Class:  14.06 MB
        Both:  14.99 MB

MaxMetaspaceSize: unlimited
CompressedClassSpaceSize: 1.00 GB
Initial GC threshold: 21.00 MB
Current GC threshold: 21.00 MB
CDS: on
MetaspaceReclaimPolicy: balanced
 - commit_granule_bytes: 65536.
 - commit_granule_words: 8192.
 - virtual_space_node_default_size: 8388608.
 - enlarge_chunks_in_place: 1.
 - new_chunks_are_fully_committed: 0.
 - uncommit_free_chunks: 1.
 - use_allocation_guard: 0.
 - handle_deallocations: 1.


Internal statistics:

num_allocs_failed_limit: 0.
num_arena_births: 324.
num_arena_deaths: 0.
num_vsnodes_births: 2.
num_vsnodes_deaths: 0.
num_space_committed: 256.
num_space_uncommitted: 0.
num_chunks_returned_to_freelist: 0.
num_chunks_taken_from_freelist: 868.
num_chunk_merges: 0.
num_chunk_splits: 632.
num_chunks_enlarged: 489.
num_inconsistent_stats: 0.

CodeHeap 'non-profiled nmethods': size=120000Kb used=1110Kb max_used=1110Kb free=118890Kb
 bounds [0x000002842ed40000, 0x000002842efb0000, 0x0000028436270000]
CodeHeap 'profiled nmethods': size=120000Kb used=4419Kb max_used=4419Kb free=115580Kb
 bounds [0x0000028427270000, 0x00000284276d0000, 0x000002842e7a0000]
CodeHeap 'non-nmethods': size=5760Kb used=1394Kb max_used=1430Kb free=4365Kb
 bounds [0x000002842e7a0000, 0x000002842ea10000, 0x000002842ed40000]
 total_blobs=2950 nmethods=2312 adapters=550
 compilation: enabled
              stopped_count=0, restarted_count=0
 full_count=0

Compilation events (20 events):
Event: 7.286 Thread 0x00000284910a3850 nmethod 2007 0x000002842ee2bd10 code [0x000002842ee2be80, 0x000002842ee2bf58]
Event: 7.304 Thread 0x00000284910a3850 2008       4       java.nio.Buffer::position (52 bytes)
Event: 7.305 Thread 0x00000284910a3850 nmethod 2008 0x000002842ee2c010 code [0x000002842ee2c180, 0x000002842ee2c258]
Event: 7.305 Thread 0x00000284910a3850 2009   !   4       java.nio.DirectByteBuffer::get (34 bytes)
Event: 7.306 Thread 0x000002843f6a64a0 2010       3       java.nio.DirectByteBufferR::slice (74 bytes)
Event: 7.307 Thread 0x00000284910a3850 nmethod 2009 0x000002842ee2c310 code [0x000002842ee2c4a0, 0x000002842ee2c5d8]
Event: 7.307 Thread 0x000002843f6a64a0 nmethod 2010 0x0000028427621b90 code [0x0000028427621d40, 0x0000028427622028]
Event: 7.307 Thread 0x000002843f6a64a0 2011   !   3       edu.wpi.first.util.datalog.DataLogReader::getRecord (148 bytes)
Event: 7.308 Thread 0x000002843f6a64a0 nmethod 2011 0x0000028427622110 code [0x0000028427622360, 0x0000028427622cf8]
Event: 7.308 Thread 0x000002843f6a64a0 2012       3       edu.wpi.first.util.datalog.DataLogReader::getNextRecord (106 bytes)
Event: 7.308 Thread 0x00000284910a3850 2014   !   4       jdk.internal.misc.ScopedMemoryAccess::getByte (20 bytes)
Event: 7.308 Thread 0x000002843f6a64a0 nmethod 2012 0x0000028427623310 code [0x00000284276234e0, 0x00000284276238f8]
Event: 7.308 Thread 0x000002843f6a64a0 2013       3       java.nio.Buffer::checkIndex (24 bytes)
Event: 7.308 Thread 0x000002843f6a64a0 nmethod 2013 0x0000028427623a90 code [0x0000028427623c40, 0x0000028427623ea8]
Event: 7.308 Thread 0x000002843f6a64a0 2017       3       org.littletonrobotics.junction.LogTable::put (39 bytes)
Event: 7.309 Thread 0x00000284910a3850 nmethod 2014 0x000002842ee2cb90 code [0x000002842ee2cd00, 0x000002842ee2cdd8]
Event: 7.309 Thread 0x00000284910a3850 2016       4       java.nio.Buffer::scope (17 bytes)
Event: 7.309 Thread 0x00000284910a3850 nmethod 2016 0x000002842ee2cf10 code [0x000002842ee2d080, 0x000002842ee2d118]
Event: 7.310 Thread 0x000002843f6a64a0 nmethod 2017 0x0000028427623f90 code [0x00000284276242a0, 0x0000028427625508]
Event: 7.310 Thread 0x000002843f6a64a0 2018       3       org.littletonrobotics.junction.LogTable::writeAllowed (63 bytes)

GC Heap History (4 events):
Event: 1.331 GC heap before
{Heap before GC invocations=0 (full 0):
 garbage-first heap   total 192512K, used 12288K [0x0000000744c00000, 0x0000000800000000)
  region size 2048K, 6 young (12288K), 0 survivors (0K)
 Metaspace       used 4393K, committed 4544K, reserved 1114112K
  class space    used 413K, committed 512K, reserved 1048576K
}
Event: 1.389 GC heap after
{Heap after GC invocations=1 (full 0):
 garbage-first heap   total 192512K, used 1582K [0x0000000744c00000, 0x0000000800000000)
  region size 2048K, 1 young (2048K), 1 survivors (2048K)
 Metaspace       used 4393K, committed 4544K, reserved 1114112K
  class space    used 413K, committed 512K, reserved 1048576K
}
Event: 4.419 GC heap before
{Heap before GC invocations=1 (full 0):
 garbage-first heap   total 192512K, used 15918K [0x0000000744c00000, 0x0000000800000000)
  region size 2048K, 8 young (16384K), 1 survivors (2048K)
 Metaspace       used 7612K, committed 7808K, reserved 1114112K
  class space    used 736K, committed 832K, reserved 1048576K
}
Event: 4.423 GC heap after
{Heap after GC invocations=2 (full 0):
 garbage-first heap   total 192512K, used 2514K [0x0000000744c00000, 0x0000000800000000)
  region size 2048K, 1 young (2048K), 1 survivors (2048K)
 Metaspace       used 7612K, committed 7808K, reserved 1114112K
  class space    used 736K, committed 832K, reserved 1048576K
}

Dll operation events (17 events):
Event: 0.017 Loaded shared library C:\Users\Public\wpilib\2025\jdk\bin\java.dll
Event: 0.048 Loaded shared library C:\Users\Public\wpilib\2025\jdk\bin\jsvml.dll
Event: 0.363 Loaded shared library C:\Users\Public\wpilib\2025\jdk\bin\net.dll
Event: 0.365 Loaded shared library C:\Users\Public\wpilib\2025\jdk\bin\nio.dll
Event: 0.371 Loaded shared library C:\Users\Public\wpilib\2025\jdk\bin\zip.dll
Event: 0.480 Loaded shared library C:\Users\Roman\Documents\FRC Code\frc-2025-code\build\jni\release\wpiutiljni.dll
Event: 0.486 Loaded shared library C:\Users\Roman\Documents\FRC Code\frc-2025-code\build\jni\release\wpiHaljni.dll
Event: 0.864 Loaded shared library C:\Users\Roman\Documents\FRC Code\frc-2025-code\build\jni\release\ntcorejni.dll
Event: 1.038 Loaded shared library C:\Users\Public\wpilib\2025\jdk\bin\management.dll
Event: 1.048 Loaded shared library C:\Users\Public\wpilib\2025\jdk\bin\management_ext.dll
Event: 1.412 Loaded shared library C:\Users\Roman\Documents\FRC Code\frc-2025-code\build\jni\release\CTRE_PhoenixTools_Sim.dll
Event: 1.454 Loaded shared library C:\Users\Roman\Documents\FRC Code\frc-2025-code\build\jni\release\CTRE_Phoenix6_Sim.dll
Event: 3.401 Loaded shared library C:\Users\Roman\Documents\FRC Code\frc-2025-code\build\jni\release\wpimathjni.dll
Event: 3.903 Loaded shared library C:\Users\Roman\Documents\FRC Code\frc-2025-code\build\jni\release\grapplefrcdriver.dll
Event: 4.463 Loaded shared library C:\Users\Roman\Documents\FRC Code\frc-2025-code\build\jni\release\REVLibDriver.dll
Event: 4.869 Loaded shared library C:\Users\Public\wpilib\2025\jdk\bin\jimage.dll
Event: 7.278 Loaded shared library C:\Users\Roman\Documents\FRC Code\frc-2025-code\build\jni\release\wpilibio.dll

Deoptimization events (20 events):
Event: 6.980 Thread 0x000002843fa5e630 Uncommon trap: trap_request=0xffffff45 fr.pc=0x000002842edc5658 relative=0x00000000000001d8
Event: 6.980 Thread 0x000002843fa5e630 Uncommon trap: reason=unstable_if action=reinterpret pc=0x000002842edc5658 method=java.lang.String.indexOf(Ljava/lang/String;)I @ 10 c2
Event: 6.980 Thread 0x000002843fa5e630 DEOPT PACKING pc=0x000002842edc5658 sp=0x0000008bbf2feea0
Event: 6.980 Thread 0x000002843fa5e630 DEOPT UNPACKING pc=0x000002842e7fa1a3 sp=0x0000008bbf2fee40 mode 2
Event: 6.980 Thread 0x000002843fa5e630 Uncommon trap: trap_request=0xffffff45 fr.pc=0x000002842ed680c0 relative=0x0000000000000520
Event: 6.980 Thread 0x000002843fa5e630 Uncommon trap: reason=unstable_if action=reinterpret pc=0x000002842ed680c0 method=java.lang.AbstractStringBuilder.putStringAt(ILjava/lang/String;II)V @ 8 c2
Event: 6.980 Thread 0x000002843fa5e630 DEOPT PACKING pc=0x000002842ed680c0 sp=0x0000008bbf2fee20
Event: 6.980 Thread 0x000002843fa5e630 DEOPT UNPACKING pc=0x000002842e7fa1a3 sp=0x0000008bbf2fece8 mode 2
Event: 6.980 Thread 0x000002843fa5e630 Uncommon trap: trap_request=0xffffff45 fr.pc=0x000002842ed6d1b0 relative=0x0000000000000510
Event: 6.980 Thread 0x000002843fa5e630 Uncommon trap: reason=unstable_if action=reinterpret pc=0x000002842ed6d1b0 method=java.lang.AbstractStringBuilder.putStringAt(ILjava/lang/String;II)V @ 8 c2
Event: 6.980 Thread 0x000002843fa5e630 DEOPT PACKING pc=0x000002842ed6d1b0 sp=0x0000008bbf2fedd0
Event: 6.980 Thread 0x000002843fa5e630 DEOPT UNPACKING pc=0x000002842e7fa1a3 sp=0x0000008bbf2fecf0 mode 2
Event: 6.980 Thread 0x000002843fa5e630 Uncommon trap: trap_request=0xffffff45 fr.pc=0x000002842ed68acc relative=0x000000000000014c
Event: 6.980 Thread 0x000002843fa5e630 Uncommon trap: reason=unstable_if action=reinterpret pc=0x000002842ed68acc method=java.lang.String.getBytes([BIIBI)V @ 6 c2
Event: 6.980 Thread 0x000002843fa5e630 DEOPT PACKING pc=0x000002842ed68acc sp=0x0000008bbf2fec70
Event: 6.980 Thread 0x000002843fa5e630 DEOPT UNPACKING pc=0x000002842e7fa1a3 sp=0x0000008bbf2fec58 mode 2
Event: 6.980 Thread 0x000002843fa5e630 Uncommon trap: trap_request=0xffffff45 fr.pc=0x000002842ee1008c relative=0x00000000000003ec
Event: 6.980 Thread 0x000002843fa5e630 Uncommon trap: reason=unstable_if action=reinterpret pc=0x000002842ee1008c method=java.lang.StringBuilder.toString()Ljava/lang/String; @ 4 c2
Event: 6.980 Thread 0x000002843fa5e630 DEOPT PACKING pc=0x000002842ee1008c sp=0x0000008bbf2fee70
Event: 6.980 Thread 0x000002843fa5e630 DEOPT UNPACKING pc=0x000002842e7fa1a3 sp=0x0000008bbf2fee60 mode 2

Classes loaded (20 events):
Event: 7.137 Loading class jdk/internal/reflect/UnsafeBooleanFieldAccessorImpl
Event: 7.137 Loading class jdk/internal/reflect/UnsafeBooleanFieldAccessorImpl done
Event: 7.137 Loading class jdk/internal/reflect/UnsafeQualifiedStaticIntegerFieldAccessorImpl
Event: 7.137 Loading class jdk/internal/reflect/UnsafeQualifiedStaticIntegerFieldAccessorImpl done
Event: 7.137 Loading class jdk/internal/reflect/UnsafeQualifiedIntegerFieldAccessorImpl
Event: 7.137 Loading class jdk/internal/reflect/UnsafeQualifiedIntegerFieldAccessorImpl done
Event: 7.137 Loading class jdk/internal/reflect/UnsafeLongFieldAccessorImpl
Event: 7.138 Loading class jdk/internal/reflect/UnsafeLongFieldAccessorImpl done
Event: 7.138 Loading class jdk/internal/reflect/UnsafeQualifiedDoubleFieldAccessorImpl
Event: 7.138 Loading class jdk/internal/reflect/UnsafeQualifiedDoubleFieldAccessorImpl done
Event: 7.139 Loading class jdk/internal/reflect/UnsafeStaticObjectFieldAccessorImpl
Event: 7.139 Loading class jdk/internal/reflect/UnsafeStaticObjectFieldAccessorImpl done
Event: 7.141 Loading class jdk/internal/reflect/UnsafeQualifiedLongFieldAccessorImpl
Event: 7.142 Loading class jdk/internal/reflect/UnsafeQualifiedLongFieldAccessorImpl done
Event: 7.143 Loading class jdk/internal/reflect/UnsafeStaticLongFieldAccessorImpl
Event: 7.143 Loading class jdk/internal/reflect/UnsafeStaticLongFieldAccessorImpl done
Event: 7.143 Loading class jdk/internal/reflect/UnsafeStaticBooleanFieldAccessorImpl
Event: 7.143 Loading class jdk/internal/reflect/UnsafeStaticBooleanFieldAccessorImpl done
Event: 7.308 Loading class jdk/internal/misc/ScopedMemoryAccess$Scope
Event: 7.308 Loading class jdk/internal/misc/ScopedMemoryAccess$Scope done

Classes unloaded (0 events):
No events

Classes redefined (0 events):
No events

Internal exceptions (20 events):
Event: 6.758 Thread 0x000002843fa5e630 Exception <a 'java/lang/NoSuchMethodError'{0x000000074e5b4180}: 'int java.lang.invoke.DirectMethodHandle$Holder.invokeVirtual(java.lang.Object, java.lang.Object, java.lang.Object)'> (0x000000074e5b4180) 
thrown [s\src\hotspot\share\interpreter\linkResolver.cpp, line 759]
Event: 6.759 Thread 0x000002843fa5e630 Exception <a 'java/lang/NoSuchMethodError'{0x000000074e5b87e0}: 'int java.lang.invoke.DirectMethodHandle$Holder.invokeStaticInit(java.lang.Object, java.lang.Object, java.lang.Object)'> (0x000000074e5b87e0) 
thrown [s\src\hotspot\share\interpreter\linkResolver.cpp, line 759]
Event: 6.759 Thread 0x000002843fa5e630 Exception <a 'java/lang/NoSuchMethodError'{0x000000074e5bc090}: 'int java.lang.invoke.DirectMethodHandle$Holder.invokeStaticInit(java.lang.Object, int, int)'> (0x000000074e5bc090) 
thrown [s\src\hotspot\share\interpreter\linkResolver.cpp, line 759]
Event: 6.761 Thread 0x000002843fa5e630 Exception <a 'java/lang/NoSuchMethodError'{0x000000074e5c3880}: 'int java.lang.invoke.DirectMethodHandle$Holder.invokeStaticInit(java.lang.Object, long, long)'> (0x000000074e5c3880) 
thrown [s\src\hotspot\share\interpreter\linkResolver.cpp, line 759]
Event: 6.761 Thread 0x000002843fa5e630 Exception <a 'java/lang/NoSuchMethodError'{0x000000074e5ca6d0}: 'int java.lang.invoke.DirectMethodHandle$Holder.invokeStaticInit(java.lang.Object, float, float)'> (0x000000074e5ca6d0) 
thrown [s\src\hotspot\share\interpreter\linkResolver.cpp, line 759]
Event: 6.771 Thread 0x000002843fa5e630 Exception <a 'java/lang/NoSuchMethodError'{0x000000074e5d1528}: 'int java.lang.invoke.DirectMethodHandle$Holder.invokeStaticInit(java.lang.Object, double, double)'> (0x000000074e5d1528) 
thrown [s\src\hotspot\share\interpreter\linkResolver.cpp, line 759]
Event: 6.774 Thread 0x000002843fa5e630 Exception <a 'java/lang/NoSuchMethodError'{0x000000074e5d5b30}: 'int java.lang.invoke.DirectMethodHandle$Holder.invokeStatic(java.lang.Object, long)'> (0x000000074e5d5b30) 
thrown [s\src\hotspot\share\interpreter\linkResolver.cpp, line 759]
Event: 6.778 Thread 0x000002843fa5e630 Exception <a 'java/lang/NoSuchMethodError'{0x000000074e5ea8f0}: 'int java.lang.invoke.DirectMethodHandle$Holder.invokeSpecial(java.lang.Object, java.lang.Object, int)'> (0x000000074e5ea8f0) 
thrown [s\src\hotspot\share\interpreter\linkResolver.cpp, line 759]
Event: 6.791 Thread 0x000002843fa5e630 Exception <a 'java/lang/NoSuchMethodError'{0x000000074e200088}: 'int java.lang.invoke.Invokers$Holder.linkToTargetMethod(java.lang.Object, java.lang.Object)'> (0x000000074e200088) 
thrown [s\src\hotspot\share\interpreter\linkResolver.cpp, line 759]
Event: 6.811 Thread 0x000002843fa5e630 Exception <a 'java/lang/NoSuchMethodError'{0x000000074e245a48}: 'int java.lang.invoke.DirectMethodHandle$Holder.invokeSpecial(java.lang.Object, java.lang.Object, java.lang.Object, java.lang.Object)'> (0x000000074e245a48) 
thrown [s\src\hotspot\share\interpreter\linkResolver.cpp, line 759]
Event: 6.820 Thread 0x000002843fa5e630 Exception <a 'java/lang/NoSuchMethodError'{0x000000074e25b060}: 'java.lang.Object java.lang.invoke.DirectMethodHandle$Holder.invokeSpecial(java.lang.Object, java.lang.Object, int, java.lang.Object, java.lang.Object)'> (0x000000074e25b060) 
thrown [s\src\hotspot\share\interpreter\linkResolver.cpp, line 759]
Event: 6.820 Thread 0x000002843fa5e630 Exception <a 'java/lang/NoSuchMethodError'{0x000000074e25ec50}: 'java.lang.Object java.lang.invoke.DelegatingMethodHandle$Holder.delegate(java.lang.Object, int, java.lang.Object, java.lang.Object)'> (0x000000074e25ec50) 
thrown [s\src\hotspot\share\interpreter\linkResolver.cpp, line 759]
Event: 6.822 Thread 0x000002843fa5e630 Exception <a 'java/lang/NoSuchMethodError'{0x000000074e26f6a8}: 'int java.lang.invoke.Invokers$Holder.linkToTargetMethod(java.lang.Object, java.lang.Object, java.lang.Object)'> (0x000000074e26f6a8) 
thrown [s\src\hotspot\share\interpreter\linkResolver.cpp, line 759]
Event: 6.872 Thread 0x000002843fa5e630 Exception <a 'java/lang/NoSuchMethodError'{0x000000074e2f0d00}: 'java.lang.Object java.lang.invoke.DirectMethodHandle$Holder.newInvokeSpecial(java.lang.Object, java.lang.Object, int, int)'> (0x000000074e2f0d00) 
thrown [s\src\hotspot\share\interpreter\linkResolver.cpp, line 759]
Event: 6.872 Thread 0x000002843fa5e630 Exception <a 'java/lang/NoSuchMethodError'{0x000000074e2f4c38}: 'java.lang.Object java.lang.invoke.DirectMethodHandle$Holder.invokeSpecial(java.lang.Object, java.lang.Object, java.lang.Object, int, int)'> (0x000000074e2f4c38) 
thrown [s\src\hotspot\share\interpreter\linkResolver.cpp, line 759]
Event: 6.873 Thread 0x000002843fa5e630 Exception <a 'java/lang/NoSuchMethodError'{0x000000074e2fbde0}: 'void java.lang.invoke.DirectMethodHandle$Holder.invokeSpecial(java.lang.Object, java.lang.Object, double)'> (0x000000074e2fbde0) 
thrown [s\src\hotspot\share\interpreter\linkResolver.cpp, line 759]
Event: 6.874 Thread 0x000002843fa5e630 Exception <a 'java/lang/NoSuchMethodError'{0x000000074e08eaf0}: 'java.lang.Object java.lang.invoke.DirectMethodHandle$Holder.newInvokeSpecial(java.lang.Object, java.lang.Object, double)'> (0x000000074e08eaf0) 
thrown [s\src\hotspot\share\interpreter\linkResolver.cpp, line 759]
Event: 6.889 Thread 0x000002843fa5e630 Implicit null exception at 0x000002842edf4c41 to 0x000002842edf5a48
Event: 6.889 Thread 0x000002843fa5e630 Implicit null exception at 0x000002842eddc98f to 0x000002842eddca0d
Event: 7.007 Thread 0x000002843fa5e630 Exception <a 'java/lang/NoSuchMethodError'{0x000000074e13f3d8}: 'java.lang.Object java.lang.invoke.Invokers$Holder.invoke_MT(java.lang.Object, java.lang.Object, java.lang.Object)'> (0x000000074e13f3d8) 
thrown [s\src\hotspot\share\interpreter\linkResolver.cpp, line 759]

VM Operations (20 events):
Event: 5.340 Executing VM operation: HandshakeAllThreads
Event: 5.341 Executing VM operation: HandshakeAllThreads done
Event: 5.769 Executing VM operation: HandshakeAllThreads
Event: 5.770 Executing VM operation: HandshakeAllThreads done
Event: 5.770 Executing VM operation: Cleanup
Event: 5.770 Executing VM operation: Cleanup done
Event: 6.409 Executing VM operation: ChangeBreakpoints
Event: 6.409 Executing VM operation: ChangeBreakpoints done
Event: 6.719 Executing VM operation: HandshakeAllThreads
Event: 6.719 Executing VM operation: HandshakeAllThreads done
Event: 6.719 Executing VM operation: HandshakeAllThreads
Event: 6.719 Executing VM operation: HandshakeAllThreads done
Event: 6.719 Executing VM operation: HandshakeAllThreads
Event: 6.719 Executing VM operation: HandshakeAllThreads done
Event: 6.728 Executing VM operation: HandshakeAllThreads
Event: 6.728 Executing VM operation: HandshakeAllThreads done
Event: 6.899 Executing VM operation: HandshakeAllThreads
Event: 6.915 Executing VM operation: HandshakeAllThreads done
Event: 7.030 Executing VM operation: ICBufferFull
Event: 7.038 Executing VM operation: ICBufferFull done

Events (20 events):
Event: 0.070 Thread 0x000002843f69f890 Thread added: 0x000002843f69f890
Event: 0.070 Thread 0x000002843f6a0630 Thread added: 0x000002843f6a0630
Event: 0.070 Thread 0x000002843f6a64a0 Thread added: 0x000002843f6a64a0
Event: 0.070 Thread 0x000002843f6ba1c0 Thread added: 0x000002843f6ba1c0
Event: 0.142 Thread 0x000002843f90af80 Thread added: 0x000002843f90af80
Event: 0.142 Thread 0x000002843f90e050 Thread added: 0x000002843f90e050
Event: 0.146 Thread 0x000002843f911870 Thread added: 0x000002843f911870
Event: 0.330 Thread 0x000002843f913110 Thread added: 0x000002843f913110
Event: 0.336 Thread 0x000002843f913c30 Thread added: 0x000002843f913c30
Event: 0.920 Thread 0x000002843fa5e630 Thread added: 0x000002843fa5e630
Event: 0.979 Thread 0x000002849078c310 Thread added: 0x000002849078c310
Event: 1.020 Thread 0x000002849083cb40 Thread added: 0x000002849083cb40
Event: 2.318 Thread 0x0000028490d56af0 Thread added: 0x0000028490d56af0
Event: 3.331 Thread 0x0000028490af6690 Thread added: 0x0000028490af6690
Event: 3.899 Thread 0x0000028491003c80 Thread added: 0x0000028491003c80
Event: 6.796 Thread 0x00000284910a3850 Thread added: 0x00000284910a3850
Event: 6.801 Thread 0x0000028491006500 Thread added: 0x0000028491006500
Event: 6.869 Thread 0x00000284910050c0 Thread added: 0x00000284910050c0
Event: 6.897 Thread 0x0000028491004190 Thread added: 0x0000028491004190
Event: 7.019 Thread 0x00000284910046a0 Thread added: 0x00000284910046a0


Dynamic libraries:
0x00007ff6d28f0000 - 0x00007ff6d28fe000 	C:\Users\Public\wpilib\2025\jdk\bin\java.exe
0x00007ffdaf690000 - 0x00007ffdaf8a7000 	C:\WINDOWS\SYSTEM32\ntdll.dll
0x00007ffdae2c0000 - 0x00007ffdae384000 	C:\WINDOWS\System32\KERNEL32.DLL
0x00007ffdac9f0000 - 0x00007ffdacdaa000 	C:\WINDOWS\System32\KERNELBASE.dll
0x00007ffdad260000 - 0x00007ffdad371000 	C:\WINDOWS\System32\ucrtbase.dll
0x00007ffd2d450000 - 0x00007ffd2d467000 	C:\Users\Public\wpilib\2025\jdk\bin\jli.dll
0x00007ffdaf030000 - 0x00007ffdaf1de000 	C:\WINDOWS\System32\USER32.dll
0x00007ffdad230000 - 0x00007ffdad256000 	C:\WINDOWS\System32\win32u.dll
0x00007ffdad4f0000 - 0x00007ffdad519000 	C:\WINDOWS\System32\GDI32.dll
0x00007ffdad110000 - 0x00007ffdad22b000 	C:\WINDOWS\System32\gdi32full.dll
0x00007ffdac950000 - 0x00007ffdac9ea000 	C:\WINDOWS\System32\msvcp_win.dll
0x00007ffd29430000 - 0x00007ffd2944e000 	C:\Users\Public\wpilib\2025\jdk\bin\VCRUNTIME140.dll
0x00007ffd95c10000 - 0x00007ffd95ea2000 	C:\WINDOWS\WinSxS\amd64_microsoft.windows.common-controls_6595b64144ccf1df_6.0.22621.4541_none_2710d1c57384c085\COMCTL32.dll
0x00007ffdaf3f0000 - 0x00007ffdaf497000 	C:\WINDOWS\System32\msvcrt.dll
0x00007ffdad430000 - 0x00007ffdad461000 	C:\WINDOWS\System32\IMM32.DLL
0x00007ffda14b0000 - 0x00007ffda14bc000 	C:\Users\Public\wpilib\2025\jdk\bin\vcruntime140_1.dll
0x00007ffd148e0000 - 0x00007ffd1496d000 	C:\Users\Public\wpilib\2025\jdk\bin\msvcp140.dll
0x00007ffd13c70000 - 0x00007ffd148da000 	C:\Users\Public\wpilib\2025\jdk\bin\server\jvm.dll
0x00007ffdade60000 - 0x00007ffdadf12000 	C:\WINDOWS\System32\ADVAPI32.dll
0x00007ffdad380000 - 0x00007ffdad427000 	C:\WINDOWS\System32\sechost.dll
0x00007ffdacdb0000 - 0x00007ffdacdd8000 	C:\WINDOWS\System32\bcrypt.dll
0x00007ffdae690000 - 0x00007ffdae7a4000 	C:\WINDOWS\System32\RPCRT4.dll
0x00007ffdae7b0000 - 0x00007ffdae821000 	C:\WINDOWS\System32\WS2_32.dll
0x00007ffdac1d0000 - 0x00007ffdac21d000 	C:\WINDOWS\SYSTEM32\POWRPROF.dll
0x00007ffda3820000 - 0x00007ffda3854000 	C:\WINDOWS\SYSTEM32\WINMM.dll
0x00007ffda3460000 - 0x00007ffda346a000 	C:\WINDOWS\SYSTEM32\VERSION.dll
0x00007ffdac1b0000 - 0x00007ffdac1c3000 	C:\WINDOWS\SYSTEM32\UMPDC.dll
0x00007ffdab990000 - 0x00007ffdab9a8000 	C:\WINDOWS\SYSTEM32\kernel.appcore.dll
0x00007ffd5bfd0000 - 0x00007ffd5bfda000 	C:\Users\Public\wpilib\2025\jdk\bin\jimage.dll
0x00007ffda9f70000 - 0x00007ffdaa1a2000 	C:\WINDOWS\SYSTEM32\DBGHELP.DLL
0x00007ffdadf20000 - 0x00007ffdae2b1000 	C:\WINDOWS\System32\combase.dll
0x00007ffdaef30000 - 0x00007ffdaf007000 	C:\WINDOWS\System32\OLEAUT32.dll
0x00007ffda1470000 - 0x00007ffda14a2000 	C:\WINDOWS\SYSTEM32\dbgcore.DLL
0x00007ffdad010000 - 0x00007ffdad08b000 	C:\WINDOWS\System32\bcryptPrimitives.dll
0x00007ffd84510000 - 0x00007ffd8454b000 	C:\Users\Public\wpilib\2025\jdk\bin\jdwp.dll
0x00007ffd13c40000 - 0x00007ffd13c65000 	C:\Users\Public\wpilib\2025\jdk\bin\java.dll
0x00007ffd14a70000 - 0x00007ffd14b47000 	C:\Users\Public\wpilib\2025\jdk\bin\jsvml.dll
0x00007ffdad520000 - 0x00007ffdadd99000 	C:\WINDOWS\System32\SHELL32.dll
0x00007ffdaa840000 - 0x00007ffdab149000 	C:\WINDOWS\SYSTEM32\windows.storage.dll
0x00007ffdaa700000 - 0x00007ffdaa83f000 	C:\WINDOWS\SYSTEM32\wintypes.dll
0x00007ffdae840000 - 0x00007ffdae93a000 	C:\WINDOWS\System32\SHCORE.dll
0x00007ffdae3f0000 - 0x00007ffdae44e000 	C:\WINDOWS\System32\shlwapi.dll
0x00007ffdac880000 - 0x00007ffdac8ab000 	C:\WINDOWS\SYSTEM32\profapi.dll
0x00007ffd9f630000 - 0x00007ffd9f63c000 	C:\Users\Public\wpilib\2025\jdk\bin\dt_socket.dll
0x00007ffdab3b0000 - 0x00007ffdab3dd000 	C:\WINDOWS\SYSTEM32\IPHLPAPI.DLL
0x00007ffdabe80000 - 0x00007ffdabee9000 	C:\WINDOWS\system32\mswsock.dll
0x00007ffdab3e0000 - 0x00007ffdab4e2000 	C:\WINDOWS\SYSTEM32\DNSAPI.dll
0x00007ffdae830000 - 0x00007ffdae839000 	C:\WINDOWS\System32\NSI.dll
0x00000000553f0000 - 0x00000000553fb000 	C:\Program Files\National Instruments\Shared\mDNS Responder\nimdnsNSP.dll
0x00000000553d0000 - 0x00000000553e1000 	C:\WINDOWS\SYSTEM32\nimdnsResponder.dll
0x00000000553a0000 - 0x00000000553c6000 	C:\Program Files\Bonjour\mdnsNSP.dll
0x00007ffda17f0000 - 0x00007ffda17fa000 	C:\Windows\System32\rasadhlp.dll
0x00007ffda3130000 - 0x00007ffda31b3000 	C:\WINDOWS\System32\fwpuclnt.dll
0x00007ffd14a50000 - 0x00007ffd14a69000 	C:\Users\Public\wpilib\2025\jdk\bin\net.dll
0x00007ffda5950000 - 0x00007ffda5a86000 	C:\WINDOWS\SYSTEM32\WINHTTP.dll
0x00007ffd14a30000 - 0x00007ffd14a46000 	C:\Users\Public\wpilib\2025\jdk\bin\nio.dll
0x00007ffd162d0000 - 0x00007ffd162e8000 	C:\Users\Public\wpilib\2025\jdk\bin\zip.dll
0x00007ffd9f120000 - 0x00007ffd9f130000 	C:\Users\Roman\Documents\FRC Code\frc-2025-code\build\jni\release\wpiutiljni.dll
0x00007ffd27d00000 - 0x00007ffd2808c000 	C:\Users\Roman\Documents\FRC Code\frc-2025-code\build\jni\release\wpiutil.dll
0x00007ffd83d60000 - 0x00007ffd83da3000 	C:\Users\Roman\Documents\FRC Code\frc-2025-code\build\jni\release\wpiHaljni.dll
0x00007ffd76300000 - 0x00007ffd763a3000 	C:\Users\Roman\Documents\FRC Code\frc-2025-code\build\jni\release\wpiHal.dll
0x00007ffd26ff0000 - 0x00007ffd27cf3000 	C:\Users\Roman\Documents\FRC Code\frc-2025-code\build\jni\release\halsim_gui.dll
0x00007ffd4f5a0000 - 0x00007ffd4f7ac000 	C:\Users\Roman\Documents\FRC Code\frc-2025-code\build\jni\release\wpimath.dll
0x00007ffd30f10000 - 0x00007ffd31085000 	C:\Users\Roman\Documents\FRC Code\frc-2025-code\build\jni\release\ntcore.dll
0x00007ffdaa1e0000 - 0x00007ffdaa437000 	C:\WINDOWS\SYSTEM32\d3d11.dll
0x00007ffda3ec0000 - 0x00007ffda42a6000 	C:\WINDOWS\SYSTEM32\D3DCOMPILER_47.dll
0x00007ffd762b0000 - 0x00007ffd762f1000 	C:\Users\Public\wpilib\2025\jdk\bin\MSVCP140_2.dll
0x00007ffd26c30000 - 0x00007ffd26fec000 	C:\Users\Roman\Documents\FRC Code\frc-2025-code\build\jni\release\wpinet.dll
0x00007ffdaa460000 - 0x00007ffdaa557000 	C:\WINDOWS\SYSTEM32\dxgi.dll
0x00007ffdac0e0000 - 0x00007ffdac0fb000 	C:\WINDOWS\SYSTEM32\CRYPTSP.dll
0x00007ffdabf70000 - 0x00007ffdabf98000 	C:\WINDOWS\SYSTEM32\USERENV.dll
0x00007ffdac0d0000 - 0x00007ffdac0dc000 	C:\WINDOWS\SYSTEM32\CRYPTBASE.DLL
0x00007ffd75790000 - 0x00007ffd757d6000 	C:\WINDOWS\SYSTEM32\dinput8.dll
0x00007ffd844f0000 - 0x00007ffd84501000 	C:\WINDOWS\SYSTEM32\xinput1_4.dll
0x00007ffdac660000 - 0x00007ffdac6ae000 	C:\WINDOWS\SYSTEM32\cfgmgr32.dll
0x00007ffdac610000 - 0x00007ffdac63c000 	C:\WINDOWS\SYSTEM32\DEVOBJ.dll
0x00007ffda91c0000 - 0x00007ffda91eb000 	C:\WINDOWS\SYSTEM32\dwmapi.dll
0x00007ffd7ecf0000 - 0x00007ffd7ef04000 	C:\WINDOWS\SYSTEM32\inputhost.dll
0x00007ffda5040000 - 0x00007ffda5173000 	C:\WINDOWS\SYSTEM32\CoreMessaging.dll
0x00007ffda6480000 - 0x00007ffda6531000 	C:\WINDOWS\system32\uxtheme.dll
0x00007ffdaedc0000 - 0x00007ffdaef21000 	C:\WINDOWS\System32\MSCTF.dll
0x00007ffd9c8a0000 - 0x00007ffd9c9e5000 	C:\WINDOWS\SYSTEM32\textinputframework.dll
0x00007ffda2dc0000 - 0x00007ffda312d000 	C:\WINDOWS\SYSTEM32\CoreUIComponents.dll
0x00007ffda9580000 - 0x00007ffda95b7000 	C:\WINDOWS\SYSTEM32\dxcore.dll
0x00007ffda3690000 - 0x00007ffda36d9000 	C:\WINDOWS\SYSTEM32\directxdatabasehelper.dll
0x00007ffd9eb60000 - 0x00007ffd9efdc000 	C:\WINDOWS\System32\DriverStore\FileRepository\iigd_dch.inf_amd64_9741ef1f4093481f\igd10iumd64.dll
0x00007ffda5460000 - 0x00007ffda54f7000 	C:\WINDOWS\SYSTEM32\apphelp.dll
0x00007ffd9f870000 - 0x00007ffda1123000 	C:\WINDOWS\System32\DriverStore\FileRepository\iigd_dch.inf_amd64_9741ef1f4093481f\igd10um64xe.DLL
0x00007ffdacde0000 - 0x00007ffdacf46000 	C:\WINDOWS\System32\CRYPT32.dll
0x00007ffdaf4a0000 - 0x00007ffdaf645000 	C:\WINDOWS\System32\ole32.dll
0x00007ffda1500000 - 0x00007ffda1588000 	C:\WINDOWS\System32\DriverStore\FileRepository\iigd_dch.inf_amd64_9741ef1f4093481f\IntelControlLib.dll
0x00007ffdae940000 - 0x00007ffdaedb4000 	C:\WINDOWS\System32\SETUPAPI.dll
0x00007ffdad090000 - 0x00007ffdad102000 	C:\WINDOWS\System32\WINTRUST.dll
0x00007ffdac130000 - 0x00007ffdac142000 	C:\WINDOWS\SYSTEM32\MSASN1.dll
0x00007ffd9f1c0000 - 0x00007ffd9f5d7000 	C:\WINDOWS\System32\DriverStore\FileRepository\iigd_dch.inf_amd64_9741ef1f4093481f\igdgmm64.dll
0x00007ffd97390000 - 0x00007ffd9b08c000 	C:\WINDOWS\System32\DriverStore\FileRepository\iigd_dch.inf_amd64_9741ef1f4093481f\igc64.dll
0x00007ffd78f40000 - 0x00007ffd78f7c000 	C:\Users\Roman\Documents\FRC Code\frc-2025-code\build\jni\release\ntcorejni.dll
0x00007ffdab150000 - 0x00007ffdab15e000 	C:\WINDOWS\SYSTEM32\HID.DLL
0x00007ffda14f0000 - 0x00007ffda14f9000 	C:\Users\Public\wpilib\2025\jdk\bin\management.dll
0x00007ffda14e0000 - 0x00007ffda14eb000 	C:\Users\Public\wpilib\2025\jdk\bin\management_ext.dll
0x00007ffdade30000 - 0x00007ffdade38000 	C:\WINDOWS\System32\PSAPI.DLL
0x00007ffdabaa0000 - 0x00007ffdabad4000 	C:\WINDOWS\SYSTEM32\ntmarta.dll
0x00007ffd2f430000 - 0x00007ffd2f70d000 	C:\Users\Roman\Documents\FRC Code\frc-2025-code\build\jni\release\CTRE_PhoenixTools_Sim.dll
0x00007ffd83e80000 - 0x00007ffd83e99000 	C:\Users\Roman\Documents\FRC Code\frc-2025-code\build\jni\release\CTRE_SimVictorSPX.dll
0x00007ffd7d8d0000 - 0x00007ffd7d8ec000 	C:\Users\Roman\Documents\FRC Code\frc-2025-code\build\jni\release\CTRE_SimTalonSRX.dll
0x00007ffd7d780000 - 0x00007ffd7d791000 	C:\Users\Roman\Documents\FRC Code\frc-2025-code\build\jni\release\CTRE_SimPigeonIMU.dll
0x00007ffd7d420000 - 0x00007ffd7d433000 	C:\Users\Roman\Documents\FRC Code\frc-2025-code\build\jni\release\CTRE_SimCANCoder.dll
0x00007ffd75dd0000 - 0x00007ffd75e08000 	C:\Users\Roman\Documents\FRC Code\frc-2025-code\build\jni\release\CTRE_SimProTalonFX.dll
0x00007ffd75750000 - 0x00007ffd7578a000 	C:\Users\Roman\Documents\FRC Code\frc-2025-code\build\jni\release\CTRE_SimProTalonFXS.dll
0x00007ffd78fe0000 - 0x00007ffd78fff000 	C:\Users\Roman\Documents\FRC Code\frc-2025-code\build\jni\release\CTRE_SimProPigeon2.dll
0x00007ffd76490000 - 0x00007ffd764ac000 	C:\Users\Roman\Documents\FRC Code\frc-2025-code\build\jni\release\CTRE_SimProCANcoder.dll
0x00007ffd76010000 - 0x00007ffd7602c000 	C:\Users\Roman\Documents\FRC Code\frc-2025-code\build\jni\release\CTRE_SimProCANrange.dll
0x00007ffd2eb20000 - 0x00007ffd2ed1f000 	C:\Users\Roman\Documents\FRC Code\frc-2025-code\build\jni\release\CTRE_Phoenix6_Sim.dll
0x00007ffd4f510000 - 0x00007ffd4f5a0000 	C:\Users\Roman\Documents\FRC Code\frc-2025-code\build\jni\release\wpimathjni.dll
0x00007ffd269d0000 - 0x00007ffd26c2d000 	C:\Users\Roman\Documents\FRC Code\frc-2025-code\build\jni\release\grapplefrcdriver.dll
0x00007ffd5b690000 - 0x00007ffd5b6ca000 	C:\Users\Roman\Documents\FRC Code\frc-2025-code\build\jni\release\REVLibDriver.dll
0x00007ffd9f0f0000 - 0x00007ffd9f0fb000 	C:\Users\Roman\Documents\FRC Code\frc-2025-code\build\jni\release\wpilibio.dll

dbghelp: loaded successfully - version: 4.0.5 - missing functions: none
symbol engine: initialized successfully - sym options: 0x614 - pdb path: .;C:\Users\Public\wpilib\2025\jdk\bin;C:\WINDOWS\SYSTEM32;C:\WINDOWS\WinSxS\amd64_microsoft.windows.common-controls_6595b64144ccf1df_6.0.22621.4541_none_2710d1c57384c085;C:\Users\Public\wpilib\2025\jdk\bin\server;C:\Program Files\National Instruments\Shared\mDNS Responder;C:\Program Files\Bonjour;C:\Users\Roman\Documents\FRC Code\frc-2025-code\build\jni\release;C:\WINDOWS\System32\DriverStore\FileRepository\iigd_dch.inf_amd64_9741ef1f4093481f

VM Arguments:
jvm_args: -agentlib:jdwp=transport=dt_socket,server=n,suspend=y,address=localhost:54342 -Djava.library.path=C:\Users\Roman\Documents\FRC Code\frc-2025-code\build\jni\release -XX:+ShowCodeDetailsInExceptionMessages 
java_command: frc.robot.Main
java_class_path (initial): C:\Users\Roman\Documents\FRC Code\frc-2025-code\bin\main;C:\Users\Roman\Documents\FRC Code\frc-2025-code\bin\default;C:\Users\Public\wpilib\2025\maven\edu\wpi\first\wpilibj\wpilibj-java\2025.3.1\wpilibj-java-2025.3.1.jar;C:\Users\Public\wpilib\2025\maven\edu\wpi\first\wpimath\wpimath-java\2025.3.1\wpimath-java-2025.3.1.jar;C:\Users\Public\wpilib\2025\maven\edu\wpi\first\ntcore\ntcore-java\2025.3.1\ntcore-java-2025.3.1.jar;C:\Users\Public\wpilib\2025\maven\edu\wpi\first\cscore\cscore-java\2025.3.1\cscore-java-2025.3.1.jar;C:\Users\Public\wpilib\2025\maven\edu\wpi\first\cameraserver\cameraserver-java\2025.3.1\cameraserver-java-2025.3.1.jar;C:\Users\Public\wpilib\2025\maven\edu\wpi\first\hal\hal-java\2025.3.1\hal-java-2025.3.1.jar;C:\Users\Public\wpilib\2025\maven\edu\wpi\first\wpinet\wpinet-java\2025.3.1\wpinet-java-2025.3.1.jar;C:\Users\Public\wpilib\2025\maven\edu\wpi\first\wpiutil\wpiutil-java\2025.3.1\wpiutil-java-2025.3.1.jar;C:\Users\Public\wpilib\2025\maven\edu\wpi\first\apriltag\apriltag-java\2025.3.1\apriltag-java-2025.3.1.jar;C:\Users\Public\wpilib\2025\maven\edu\wpi\first\wpiunits\wpiunits-java\2025.3.1\wpiunits-java-2025.3.1.jar;C:\Users\Public\wpilib\2025\maven\edu\wpi\first\epilogue\epilogue-runtime-java\2025.3.1\epilogue-runtime-java-2025.3.1.jar;C:\Users\Public\wpilib\2025\maven\edu\wpi\first\thirdparty\frc2025\opencv\opencv-java\4.10.0-3\opencv-java-4.10.0-3.jar;C:\Users\Public\wpilib\2025\maven\org\ejml\ejml-simple\0.43.1\ejml-simple-0.43.1.jar;C:\Users\Public\wpilib\2025\maven\com\fasterxml\jackson\core\jackson-core\2.15.2\jackson-core-2.15.2.jar;C:\Users\Public\wpilib\2025\maven\com\fasterxml\jackson\core\jackson-databind\2.15.2\jackson-databind-2.15.2.jar;C:\Users\Public\wpilib\2025\maven\com\fasterxml\jackson\core\jackson-annotations\2.15.2\jackson-annotations-2.15.2.jar;C:\Users\Public\wpilib\2025\maven\us\hebi\quickbuf\quickbuf-runtime\1.3.3\quickbuf-runtime-1.3.3.jar;C:\Users\Public\wpilib\2025\maven\edu\wpi\first\
Launcher Type: SUN_STANDARD

[Global flags]
     intx CICompilerCount                          = 3                                         {product} {ergonomic}
     uint ConcGCThreads                            = 1                                         {product} {ergonomic}
     uint G1ConcRefinementThreads                  = 4                                         {product} {ergonomic}
   size_t G1HeapRegionSize                         = 2097152                                   {product} {ergonomic}
    uintx GCDrainStackTargetSize                   = 64                                        {product} {ergonomic}
   size_t InitialHeapSize                          = 197132288                                 {product} {ergonomic}
   size_t MarkStackSize                            = 4194304                                   {product} {ergonomic}
   size_t MaxHeapSize                              = 3141533696                                {product} {ergonomic}
   size_t MaxNewSize                               = 1883242496                                {product} {ergonomic}
   size_t MinHeapDeltaBytes                        = 2097152                                   {product} {ergonomic}
   size_t MinHeapSize                              = 8388608                                   {product} {ergonomic}
    uintx NonNMethodCodeHeapSize                   = 5832780                                {pd product} {ergonomic}
    uintx NonProfiledCodeHeapSize                  = 122912730                              {pd product} {ergonomic}
    uintx ProfiledCodeHeapSize                     = 122912730                              {pd product} {ergonomic}
    uintx ReservedCodeCacheSize                    = 251658240                              {pd product} {ergonomic}
     bool SegmentedCodeCache                       = true                                      {product} {ergonomic}
     bool ShowCodeDetailsInExceptionMessages       = true                                   {manageable} {command line}
   size_t SoftMaxHeapSize                          = 3141533696                             {manageable} {ergonomic}
     bool UseCompressedClassPointers               = true                           {product lp64_product} {ergonomic}
     bool UseCompressedOops                        = true                           {product lp64_product} {ergonomic}
     bool UseG1GC                                  = true                                      {product} {ergonomic}
     bool UseLargePagesIndividualAllocation        = false                                  {pd product} {ergonomic}

Logging:
Log output configuration:
 #0: stdout all=warning uptime,level,tags
 #1: stderr all=off uptime,level,tags

Environment Variables:
JAVA_HOME=C:\Users\Public\wpilib\2025\jdk
PATH=C:\Users\Roman\Documents\FRC Code\frc-2025-code\build\jni\release;C:\WINDOWS\system32\
USERNAME=Roman
LANG=en_US.UTF-8
OS=Windows_NT
PROCESSOR_IDENTIFIER=Intel64 Family 6 Model 140 Stepping 1, GenuineIntel
TMP=C:\Users\Roman\AppData\Local\Temp
TEMP=C:\Users\Roman\AppData\Local\Temp



Periodic native trim disabled


---------------  S Y S T E M  ---------------

OS:
 Windows 11 , 64 bit Build 22621 (10.0.22621.4391)
OS uptime: 0 days 3:25 hours
Hyper-V role detected

CPU: total 4 (initial active 4) (2 cores per cpu, 2 threads per core) family 6 model 140 stepping 1 microcode 0x86, cx8, cmov, fxsr, ht, mmx, 3dnowpref, sse, sse2, sse3, ssse3, sse4.1, sse4.2, popcnt, lzcnt, tsc, tscinvbit, avx, avx2, aes, erms, clmul, bmi1, bmi2, adx, avx512f, avx512dq, avx512cd, avx512bw, avx512vl, sha, fma, vzeroupper, avx512_vpopcntdq, avx512_vpclmulqdq, avx512_vaes, avx512_vnni, clflush, clflushopt, clwb, avx512_vbmi2, avx512_vbmi, hv
Processor Information for all 4 processors :
  Max Mhz: 2995, Current Mhz: 2995, Mhz Limit: 2995

Memory: 4k page, system-wide physical 11982M (1111M free)
TotalPageFile size 21183M (AvailPageFile size 3803M)
current process WorkingSet (physical memory assigned to process): 222M, peak: 222M
current process commit charge ("private bytes"): 419M, peak: 427M

vm_info: OpenJDK 64-Bit Server VM (17.0.12+7) for windows-amd64 JRE (17.0.12+7), built on Jul 16 2024 22:08:24 by "admin" with MS VC++ 16.10 / 16.11 (VS2019)

END.
