#
# A fatal error has been detected by the Java Runtime Environment:
#
#  EXCEPTION_UNCAUGHT_CXX_EXCEPTION (0xe06d7363) at pc=0x00007ffec468fb4c, pid=25972, tid=26028
#
# JRE version: OpenJDK Runtime Environment Temurin-17.0.12+7 (17.0.12+7) (build 17.0.12+7)
# Java VM: OpenJDK 64-Bit Server VM Temurin-17.0.12+7 (17.0.12+7, mixed mode, sharing, tiered, compressed oops, compressed class ptrs, g1 gc, windows-amd64)
# Problematic frame:
# C  [KERNELBASE.dll+0x5fb4c]
#
# No core dump will be written. Minidumps are not enabled by default on client versions of Windows
#
# If you would like to submit a bug report, please visit:
#   https://github.com/adoptium/adoptium-support/issues
# The crash happened outside the Java Virtual Machine in native code.
# See problematic frame for where to report the bug.
#

---------------  S U M M A R Y ------------

Command Line: -agentlib:jdwp=transport=dt_socket,server=n,suspend=y,address=localhost:49752 -Djava.library.path=C:\Users\Roman\Documents\FRC Code\frc-2025-code\build\jni\release -XX:+ShowCodeDetailsInExceptionMessages frc.robot.Main

Host: 11th Gen Intel(R) Core(TM) i3-1115G4 @ 3.00GHz, 4 cores, 11G,  Windows 11 , 64 bit Build 22621 (10.0.22621.4391)
Time: Sat Feb  8 18:09:27 2025 Central Standard Time (Mexico) elapsed time: 5.138496 seconds (0d 0h 0m 5s)

---------------  T H R E A D  ---------------

Current thread (0x0000016379562460):  JavaThread "AdvantageKit_LogReceiver" daemon [_thread_in_native, id=26028, stack(0x0000003af4000000,0x0000003af4100000)]

Stack: [0x0000003af4000000,0x0000003af4100000],  sp=0x0000003af40fec80,  free space=1019k
Native frames: (J=compiled Java code, j=interpreted, Vv=VM code, C=native code)
C  [KERNELBASE.dll+0x5fb4c]
C  [VCRUNTIME140.dll+0x5267]
C  [wpiutil.dll+0x1a405]

Java frames: (J=compiled Java code, j=interpreted, Vv=VM code)
j  edu.wpi.first.util.datalog.DataLogJNI.fgCreate(Ljava/lang/String;Ljava/lang/String;)J+0
j  edu.wpi.first.util.datalog.DataLogWriter.<init>(Ljava/lang/String;Ljava/lang/String;)V+3
j  org.littletonrobotics.junction.wpilog.WPILOGWriter.start()V+96
j  org.littletonrobotics.junction.ReceiverThread.run()V+28
v  ~StubRoutines::call_stub

siginfo: EXCEPTION_UNCAUGHT_CXX_EXCEPTION (0xe06d7363), ExceptionInformation=0x0000000019930520 0x0000003af40fee20 0x00007ffe301ee8d0 0x00007ffe2ffb0000 


Registers:
RAX=0x0000000000000000, RBX=0x00007ffe301ee8d0, RCX=0x0000000000000000, RDX=0x0000000000000000
RSP=0x0000003af40fec80, RBP=0x0000003af40fef39, RSI=0x0000003af40fee20, RDI=0x0000000019930520
R8 =0x0055002d006e0065, R9 =0x0045004b005c0053, R10=0x004c0045004e0052, R11=0x0045005300410042
R12=0x0000000000000000, R13=0x0000000000000000, R14=0x0000003af40fefd8, R15=0x0000000000000000
RIP=0x00007ffec468fb4c, EFLAGS=0x0000000000000206


Register to memory mapping:

RIP=0x00007ffec468fb4c KERNELBASE.dll
RAX=0x0 is NULL
RBX=0x00007ffe301ee8d0 wpiutil.dll
RCX=0x0 is NULL
RDX=0x0 is NULL
RSP=0x0000003af40fec80 is pointing into the stack for thread: 0x0000016379562460
RBP=0x0000003af40fef39 is pointing into the stack for thread: 0x0000016379562460
RSI=0x0000003af40fee20 is pointing into the stack for thread: 0x0000016379562460
RDI=0x0000000019930520 is an unknown value
R8 =0x0055002d006e0065 is an unknown value
R9 =0x0045004b005c0053 is an unknown value
R10=0x004c0045004e0052 is an unknown value
R11=0x0045005300410042 is an unknown value
R12=0x0 is NULL
R13=0x0 is NULL
R14=0x0000003af40fefd8 is pointing into the stack for thread: 0x0000016379562460
R15=0x0 is NULL


Top of Stack: (sp=0x0000003af40fec80)
0x0000003af40fec80:   0000000000000004 00007ffe301ee8d0
0x0000003af40fec90:   0000003af40fee20 0000016379733600
0x0000003af40feca0:   00000081e06d7363 0000000000000000
0x0000003af40fecb0:   00007ffec468fb4c 0000003a00000004
0x0000003af40fecc0:   0000000019930520 0000003af40fee20
0x0000003af40fecd0:   00007ffe301ee8d0 00007ffe2ffb0000
0x0000003af40fece0:   0000016300000000 0000000000000000
0x0000003af40fecf0:   0000000000000000 00007ffe301ee8d0
0x0000003af40fed00:   0000003af40fefd8 00007ffec73e6bef
0x0000003af40fed10:   0000003af40fed80 00007ffe30326000
0x0000003af40fed20:   0000003af40fee20 0000000019930520
0x0000003af40fed30:   00007ffe30326000 00007ffe2ffb0000
0x0000003af40fed40:   0000d0d6fd78379c 0000003af40fef39
0x0000003af40fed50:   00007ffe301ee8d0 00007ffe3b865267
0x0000003af40fed60:   00000163799bb840 0000000000000019
0x0000003af40fed70:   0000003af40fee20 0000000000000000
0x0000003af40fed80:   00007ffe2ffb0000 0000000019930520
0x0000003af40fed90:   0000003af40fee20 00007ffe301ee8d0
0x0000003af40feda0:   00007ffe2ffb0000 0000003af40fefd8
0x0000003af40fedb0:   0000003af40fefd8 00007ffe2ffca405
0x0000003af40fedc0:   0000003af40fed78 0000000000000040
0x0000003af40fedd0:   00007ffe3019ab14 0000003af40ff0f0
0x0000003af40fede0:   0000d0d600000005 00007ffe3031c010
0x0000003af40fedf0:   0000d0d600000005 00007ffe3031c010
0x0000003af40fee00:   0000737574617473 0000000000000000
0x0000003af40fee10:   0000000000000006 000000000000000f
0x0000003af40fee20:   00007ffe3019aaf8 00000163799bb840
0x0000003af40fee30:   0000000000000001 0000d0d600000005
0x0000003af40fee40:   00007ffe3031c010 0000016379733130
0x0000003af40fee50:   0000000000000000 0000000000000029
0x0000003af40fee60:   000000000000002f 0000000000000000
0x0000003af40fee70:   0000000000000000 0000000000000000 

Instructions: (pc=0x00007ffec468fb4c)
0x00007ffec468fa4c:   ff 4c 8d 05 ec d9 2d 00 33 d2 b9 00 00 10 00 e8
0x00007ffec468fa5c:   a0 41 fe ff 4c 8b f0 48 89 44 24 58 48 85 c0 0f
0x00007ffec468fa6c:   84 0b fe ff ff 4c 8d 05 10 da 2d 00 33 d2 8d 4a
0x00007ffec468fa7c:   02 e8 7e 41 fe ff 48 8b f8 48 89 44 24 50 e9 ed
0x00007ffec468fa8c:   fd ff ff 45 33 c0 49 8b d7 48 83 c9 ff e8 c2 a5
0x00007ffec468fa9c:   01 00 e9 08 ff ff ff 48 8b 0d e6 c4 30 00 e8 f1
0x00007ffec468faac:   c3 fd ff 48 8b cf e8 89 98 fc ff e9 f8 fe ff ff
0x00007ffec468fabc:   49 8b ce e8 7c 98 fc ff e9 f4 fe ff ff 48 8b ce
0x00007ffec468facc:   e8 6f 98 fc ff e9 f0 fe ff ff cc cc 71 18 d3 7a
0x00007ffec468fadc:   1a 87 89 f9 48 81 ec d8 00 00 00 48 8b 05 02 95
0x00007ffec468faec:   30 00 48 33 c4 48 89 84 24 c0 00 00 00 48 83 64
0x00007ffec468fafc:   24 28 00 48 8d 05 da ff ff ff 83 e2 01 89 4c 24
0x00007ffec468fb0c:   20 89 54 24 24 48 89 44 24 30 4d 85 c9 74 4f b8
0x00007ffec468fb1c:   0f 00 00 00 48 8d 4c 24 40 44 3b c0 49 8b d1 41
0x00007ffec468fb2c:   0f 46 c0 44 8b c0 44 89 44 24 38 49 c1 e0 03 e8
0x00007ffec468fb3c:   67 e9 07 00 48 8d 4c 24 20 48 ff 15 a4 14 21 00
0x00007ffec468fb4c:   0f 1f 44 00 00 48 8b 8c 24 c0 00 00 00 48 33 cc
0x00007ffec468fb5c:   e8 df 0e 05 00 48 81 c4 d8 00 00 00 c3 cc 83 64
0x00007ffec468fb6c:   24 38 00 eb cf cc cc cc cc cc cc cc 48 8b c4 48
0x00007ffec468fb7c:   89 58 08 48 89 70 10 48 89 78 18 4c 89 68 20 55
0x00007ffec468fb8c:   41 56 41 57 48 8d 68 a1 48 81 ec e0 00 00 00 48
0x00007ffec468fb9c:   8b 05 4e 94 30 00 48 33 c4 48 89 45 3f 45 33 ff
0x00007ffec468fbac:   66 c7 45 2b 00 05 48 8d 45 c7 44 89 7d 27 48 89
0x00007ffec468fbbc:   44 24 50 48 8d 4d 27 44 89 7c 24 48 45 33 c9 44
0x00007ffec468fbcc:   89 7c 24 40 45 8d 47 12 44 89 7c 24 38 b2 01 44
0x00007ffec468fbdc:   89 7c 24 30 41 8b df 44 89 7c 24 28 41 8b ff 44
0x00007ffec468fbec:   89 7c 24 20 45 8b f7 44 89 7d 2f 66 c7 45 33 00
0x00007ffec468fbfc:   01 44 89 7d 37 66 c7 45 3b 00 10 4c 89 7d c7 4c
0x00007ffec468fc0c:   89 7d cf 4c 89 7d d7 4c 89 7d df 48 ff 15 f2 14
0x00007ffec468fc1c:   21 00 0f 1f 44 00 00 85 c0 0f 88 a7 02 00 00 48
0x00007ffec468fc2c:   8d 45 cf 41 b9 20 02 00 00 48 89 44 24 50 45 8d
0x00007ffec468fc3c:   6f 02 44 89 7c 24 48 45 8d 47 20 44 89 7c 24 40 


Stack slot to memory mapping:
stack at sp + 0 slots: 0x0000000000000004 is an unknown value
stack at sp + 1 slots: 0x00007ffe301ee8d0 wpiutil.dll
stack at sp + 2 slots: 0x0000003af40fee20 is pointing into the stack for thread: 0x0000016379562460
stack at sp + 3 slots: 0x0000016379733600 points into unknown readable memory: 0x006c005c003a0045 | 45 00 3a 00 5c 00 6c 00
stack at sp + 4 slots: 0x00000081e06d7363 is an unknown value
stack at sp + 5 slots: 0x0 is NULL
stack at sp + 6 slots: 0x00007ffec468fb4c KERNELBASE.dll
stack at sp + 7 slots: 0x0000003a00000004 is an unknown value


---------------  P R O C E S S  ---------------

Threads class SMR info:
_java_thread_list=0x00000163799ba100, length=24, elements={
0x0000016312d17f40, 0x0000016332c823a0, 0x0000016332c82e70, 0x0000016332c94460,
0x0000016332c95430, 0x0000016332c99f10, 0x0000016332c9a8d0, 0x0000016332c9be80,
0x0000016332cb3780, 0x00000163780a5510, 0x00000163781856f0, 0x0000016378189bb0,
0x000001637818e230, 0x000001637818e920, 0x00000163781910c0, 0x0000016378b46cd0,
0x000001637893e0c0, 0x0000016378f066f0, 0x0000016378e92960, 0x000001637904f8f0,
0x00000163793864c0, 0x00000163792a3080, 0x00000163795600f0, 0x0000016379562460
}

Java Threads: ( => current thread )
  0x0000016312d17f40 JavaThread "main" [_thread_in_native, id=22540, stack(0x0000003aeee00000,0x0000003aeef00000)]
  0x0000016332c823a0 JavaThread "Reference Handler" daemon [_thread_blocked, id=20052, stack(0x0000003aef500000,0x0000003aef600000)]
  0x0000016332c82e70 JavaThread "Finalizer" daemon [_thread_blocked, id=14264, stack(0x0000003aef600000,0x0000003aef700000)]
  0x0000016332c94460 JavaThread "Signal Dispatcher" daemon [_thread_blocked, id=18300, stack(0x0000003aef700000,0x0000003aef800000)]
  0x0000016332c95430 JavaThread "Attach Listener" daemon [_thread_blocked, id=4432, stack(0x0000003aef800000,0x0000003aef900000)]
  0x0000016332c99f10 JavaThread "Service Thread" daemon [_thread_blocked, id=10164, stack(0x0000003aef900000,0x0000003aefa00000)]
  0x0000016332c9a8d0 JavaThread "Monitor Deflation Thread" daemon [_thread_blocked, id=23080, stack(0x0000003aefa00000,0x0000003aefb00000)]
  0x0000016332c9be80 JavaThread "C2 CompilerThread0" daemon [_thread_blocked, id=19436, stack(0x0000003aefb00000,0x0000003aefc00000)]
  0x0000016332cb3780 JavaThread "C1 CompilerThread0" daemon [_thread_blocked, id=26224, stack(0x0000003aefc00000,0x0000003aefd00000)]
  0x00000163780a5510 JavaThread "Sweeper thread" daemon [_thread_blocked, id=25400, stack(0x0000003aefd00000,0x0000003aefe00000)]
  0x00000163781856f0 JavaThread "JDWP Transport Listener: dt_socket" daemon [_thread_blocked, id=18200, stack(0x0000003aefe00000,0x0000003aeff00000)]
  0x0000016378189bb0 JavaThread "JDWP Event Helper Thread" daemon [_thread_blocked, id=6024, stack(0x0000003aeff00000,0x0000003af0000000)]
  0x000001637818e230 JavaThread "JDWP Command Reader" daemon [_thread_in_native, id=23616, stack(0x0000003af0000000,0x0000003af0100000)]
  0x000001637818e920 JavaThread "Notification Thread" daemon [_thread_blocked, id=25332, stack(0x0000003af0100000,0x0000003af0200000)]
  0x00000163781910c0 JavaThread "Common-Cleaner" daemon [_thread_blocked, id=9940, stack(0x0000003af0300000,0x0000003af0400000)]
  0x0000016378b46cd0 JavaThread "NTListener" daemon [_thread_in_native, id=4372, stack(0x0000003af2900000,0x0000003af2a00000)]
  0x000001637893e0c0 JavaThread "Thread-0" daemon [_thread_in_native, id=25916, stack(0x0000003af2a00000,0x0000003af2b00000)]
  0x0000016378f066f0 JavaThread "Notifier" daemon [_thread_in_native, id=18488, stack(0x0000003af3900000,0x0000003af3a00000)]
  0x0000016378e92960 JavaThread "Notifier" daemon [_thread_in_native, id=25376, stack(0x0000003af3b00000,0x0000003af3c00000)]
  0x000001637904f8f0 JavaThread "Cleaner-0" daemon [_thread_blocked, id=11352, stack(0x0000003af3c00000,0x0000003af3d00000)]
  0x00000163793864c0 JavaThread "ADStar Planning Thread" daemon [_thread_blocked, id=22740, stack(0x0000003af3e00000,0x0000003af3f00000)]
  0x00000163792a3080 JavaThread "C2 CompilerThread1" daemon [_thread_blocked, id=11612, stack(0x0000003af3f00000,0x0000003af4000000)]
  0x00000163795600f0 JavaThread "Thread-5" [_thread_in_native, id=25340, stack(0x0000003af3a00000,0x0000003af3b00000)]
=>0x0000016379562460 JavaThread "AdvantageKit_LogReceiver" daemon [_thread_in_native, id=26028, stack(0x0000003af4000000,0x0000003af4100000)]

Other Threads:
  0x0000016378042010 VMThread "VM Thread" [stack: 0x0000003aef400000,0x0000003aef500000] [id=19356]
  0x000001637818fe10 WatcherThread [stack: 0x0000003af0200000,0x0000003af0300000] [id=18680]
  0x0000016312d76800 GCTaskThread "GC Thread#0" [stack: 0x0000003aeef00000,0x0000003aef000000] [id=26064]
  0x0000016378c5ffe0 GCTaskThread "GC Thread#1" [stack: 0x0000003af3200000,0x0000003af3300000] [id=21424]
  0x00000163782f5060 GCTaskThread "GC Thread#2" [stack: 0x0000003af3300000,0x0000003af3400000] [id=10520]
  0x0000016378cf48b0 GCTaskThread "GC Thread#3" [stack: 0x0000003af3400000,0x0000003af3500000] [id=10088]
  0x0000016312da1be0 ConcurrentGCThread "G1 Main Marker" [stack: 0x0000003aef000000,0x0000003aef100000] [id=25628]
  0x0000016312da2600 ConcurrentGCThread "G1 Conc#0" [stack: 0x0000003aef100000,0x0000003aef200000] [id=16724]
  0x0000016312dce8d0 ConcurrentGCThread "G1 Refine#0" [stack: 0x0000003aef200000,0x0000003aef300000] [id=26428]
  0x0000016332b34830 ConcurrentGCThread "G1 Service" [stack: 0x0000003aef300000,0x0000003aef400000] [id=7892]

Threads with active compile tasks:
C1 CompilerThread0     5306 1822       3       edu.wpi.first.wpilibj2.command.button.CommandGenericHID$$Lambda$159/0x0000016334114fc0::getAsBoolean (12 bytes)

VM state: not at safepoint (normal execution)

VM Mutex/Monitor currently owned by a thread: None

Heap address: 0x0000000744c00000, size: 2996 MB, Compressed Oops mode: Zero based, Oop shift amount: 3

CDS archive(s) mapped at: [0x0000016333000000-0x0000016333bb0000-0x0000016333bb0000), size 12255232, SharedBaseAddress: 0x0000016333000000, ArchiveRelocationMode: 1.
Compressed class space mapped at: 0x0000016334000000-0x0000016374000000, reserved size: 1073741824
Narrow klass base: 0x0000016333000000, Narrow klass shift: 0, Narrow klass range: 0x100000000

GC Precious Log:
 CPUs: 4 total, 4 available
 Memory: 11982M
 Large Page Support: Disabled
 NUMA Support: Disabled
 Compressed Oops: Enabled (Zero based)
 Heap Region Size: 2M
 Heap Min Capacity: 8M
 Heap Initial Capacity: 188M
 Heap Max Capacity: 2996M
 Pre-touch: Disabled
 Parallel Workers: 4
 Concurrent Workers: 1
 Concurrent Refinement Workers: 4
 Periodic GC: Disabled

Heap:
 garbage-first heap   total 192512K, used 27080K [0x0000000744c00000, 0x0000000800000000)
  region size 2048K, 14 young (28672K), 1 survivors (2048K)
 Metaspace       used 10451K, committed 10752K, reserved 1114112K
  class space    used 1106K, committed 1216K, reserved 1048576K

Heap Regions: E=young(eden), S=young(survivor), O=old, HS=humongous(starts), HC=humongous(continues), CS=collection set, F=free, OA=open archive, CA=closed archive, TAMS=top-at-mark-start (previous, next)
|   0|0x0000000744c00000, 0x0000000744d87800, 0x0000000744e00000| 76%| O|  |TAMS 0x0000000744c00000, 0x0000000744c00000| Untracked 
|   1|0x0000000744e00000, 0x0000000744e00000, 0x0000000745000000|  0%| F|  |TAMS 0x0000000744e00000, 0x0000000744e00000| Untracked 
|   2|0x0000000745000000, 0x0000000745000000, 0x0000000745200000|  0%| F|  |TAMS 0x0000000745000000, 0x0000000745000000| Untracked 
|   3|0x0000000745200000, 0x0000000745200000, 0x0000000745400000|  0%| F|  |TAMS 0x0000000745200000, 0x0000000745200000| Untracked 
|   4|0x0000000745400000, 0x0000000745400000, 0x0000000745600000|  0%| F|  |TAMS 0x0000000745400000, 0x0000000745400000| Untracked 
|   5|0x0000000745600000, 0x0000000745600000, 0x0000000745800000|  0%| F|  |TAMS 0x0000000745600000, 0x0000000745600000| Untracked 
|   6|0x0000000745800000, 0x0000000745800000, 0x0000000745a00000|  0%| F|  |TAMS 0x0000000745800000, 0x0000000745800000| Untracked 
|   7|0x0000000745a00000, 0x0000000745a00000, 0x0000000745c00000|  0%| F|  |TAMS 0x0000000745a00000, 0x0000000745a00000| Untracked 
|   8|0x0000000745c00000, 0x0000000745c00000, 0x0000000745e00000|  0%| F|  |TAMS 0x0000000745c00000, 0x0000000745c00000| Untracked 
|   9|0x0000000745e00000, 0x0000000745e00000, 0x0000000746000000|  0%| F|  |TAMS 0x0000000745e00000, 0x0000000745e00000| Untracked 
|  10|0x0000000746000000, 0x0000000746000000, 0x0000000746200000|  0%| F|  |TAMS 0x0000000746000000, 0x0000000746000000| Untracked 
|  11|0x0000000746200000, 0x0000000746200000, 0x0000000746400000|  0%| F|  |TAMS 0x0000000746200000, 0x0000000746200000| Untracked 
|  12|0x0000000746400000, 0x0000000746400000, 0x0000000746600000|  0%| F|  |TAMS 0x0000000746400000, 0x0000000746400000| Untracked 
|  13|0x0000000746600000, 0x0000000746600000, 0x0000000746800000|  0%| F|  |TAMS 0x0000000746600000, 0x0000000746600000| Untracked 
|  14|0x0000000746800000, 0x0000000746800000, 0x0000000746a00000|  0%| F|  |TAMS 0x0000000746800000, 0x0000000746800000| Untracked 
|  15|0x0000000746a00000, 0x0000000746a00000, 0x0000000746c00000|  0%| F|  |TAMS 0x0000000746a00000, 0x0000000746a00000| Untracked 
|  16|0x0000000746c00000, 0x0000000746c00000, 0x0000000746e00000|  0%| F|  |TAMS 0x0000000746c00000, 0x0000000746c00000| Untracked 
|  17|0x0000000746e00000, 0x0000000746e00000, 0x0000000747000000|  0%| F|  |TAMS 0x0000000746e00000, 0x0000000746e00000| Untracked 
|  18|0x0000000747000000, 0x0000000747000000, 0x0000000747200000|  0%| F|  |TAMS 0x0000000747000000, 0x0000000747000000| Untracked 
|  19|0x0000000747200000, 0x0000000747200000, 0x0000000747400000|  0%| F|  |TAMS 0x0000000747200000, 0x0000000747200000| Untracked 
|  20|0x0000000747400000, 0x0000000747400000, 0x0000000747600000|  0%| F|  |TAMS 0x0000000747400000, 0x0000000747400000| Untracked 
|  21|0x0000000747600000, 0x0000000747600000, 0x0000000747800000|  0%| F|  |TAMS 0x0000000747600000, 0x0000000747600000| Untracked 
|  22|0x0000000747800000, 0x0000000747800000, 0x0000000747a00000|  0%| F|  |TAMS 0x0000000747800000, 0x0000000747800000| Untracked 
|  23|0x0000000747a00000, 0x0000000747a00000, 0x0000000747c00000|  0%| F|  |TAMS 0x0000000747a00000, 0x0000000747a00000| Untracked 
|  24|0x0000000747c00000, 0x0000000747c00000, 0x0000000747e00000|  0%| F|  |TAMS 0x0000000747c00000, 0x0000000747c00000| Untracked 
|  25|0x0000000747e00000, 0x0000000747e00000, 0x0000000748000000|  0%| F|  |TAMS 0x0000000747e00000, 0x0000000747e00000| Untracked 
|  26|0x0000000748000000, 0x0000000748000000, 0x0000000748200000|  0%| F|  |TAMS 0x0000000748000000, 0x0000000748000000| Untracked 
|  27|0x0000000748200000, 0x0000000748200000, 0x0000000748400000|  0%| F|  |TAMS 0x0000000748200000, 0x0000000748200000| Untracked 
|  28|0x0000000748400000, 0x0000000748400000, 0x0000000748600000|  0%| F|  |TAMS 0x0000000748400000, 0x0000000748400000| Untracked 
|  29|0x0000000748600000, 0x0000000748600000, 0x0000000748800000|  0%| F|  |TAMS 0x0000000748600000, 0x0000000748600000| Untracked 
|  30|0x0000000748800000, 0x0000000748800000, 0x0000000748a00000|  0%| F|  |TAMS 0x0000000748800000, 0x0000000748800000| Untracked 
|  31|0x0000000748a00000, 0x0000000748a00000, 0x0000000748c00000|  0%| F|  |TAMS 0x0000000748a00000, 0x0000000748a00000| Untracked 
|  32|0x0000000748c00000, 0x0000000748c00000, 0x0000000748e00000|  0%| F|  |TAMS 0x0000000748c00000, 0x0000000748c00000| Untracked 
|  33|0x0000000748e00000, 0x0000000748e00000, 0x0000000749000000|  0%| F|  |TAMS 0x0000000748e00000, 0x0000000748e00000| Untracked 
|  34|0x0000000749000000, 0x0000000749000000, 0x0000000749200000|  0%| F|  |TAMS 0x0000000749000000, 0x0000000749000000| Untracked 
|  35|0x0000000749200000, 0x0000000749200000, 0x0000000749400000|  0%| F|  |TAMS 0x0000000749200000, 0x0000000749200000| Untracked 
|  36|0x0000000749400000, 0x0000000749400000, 0x0000000749600000|  0%| F|  |TAMS 0x0000000749400000, 0x0000000749400000| Untracked 
|  37|0x0000000749600000, 0x0000000749600000, 0x0000000749800000|  0%| F|  |TAMS 0x0000000749600000, 0x0000000749600000| Untracked 
|  38|0x0000000749800000, 0x0000000749800000, 0x0000000749a00000|  0%| F|  |TAMS 0x0000000749800000, 0x0000000749800000| Untracked 
|  39|0x0000000749a00000, 0x0000000749a00000, 0x0000000749c00000|  0%| F|  |TAMS 0x0000000749a00000, 0x0000000749a00000| Untracked 
|  40|0x0000000749c00000, 0x0000000749c00000, 0x0000000749e00000|  0%| F|  |TAMS 0x0000000749c00000, 0x0000000749c00000| Untracked 
|  41|0x0000000749e00000, 0x0000000749e00000, 0x000000074a000000|  0%| F|  |TAMS 0x0000000749e00000, 0x0000000749e00000| Untracked 
|  42|0x000000074a000000, 0x000000074a000000, 0x000000074a200000|  0%| F|  |TAMS 0x000000074a000000, 0x000000074a000000| Untracked 
|  43|0x000000074a200000, 0x000000074a200000, 0x000000074a400000|  0%| F|  |TAMS 0x000000074a200000, 0x000000074a200000| Untracked 
|  44|0x000000074a400000, 0x000000074a400000, 0x000000074a600000|  0%| F|  |TAMS 0x000000074a400000, 0x000000074a400000| Untracked 
|  45|0x000000074a600000, 0x000000074a600000, 0x000000074a800000|  0%| F|  |TAMS 0x000000074a600000, 0x000000074a600000| Untracked 
|  46|0x000000074a800000, 0x000000074a800000, 0x000000074aa00000|  0%| F|  |TAMS 0x000000074a800000, 0x000000074a800000| Untracked 
|  47|0x000000074aa00000, 0x000000074aa00000, 0x000000074ac00000|  0%| F|  |TAMS 0x000000074aa00000, 0x000000074aa00000| Untracked 
|  48|0x000000074ac00000, 0x000000074ac00000, 0x000000074ae00000|  0%| F|  |TAMS 0x000000074ac00000, 0x000000074ac00000| Untracked 
|  49|0x000000074ae00000, 0x000000074ae00000, 0x000000074b000000|  0%| F|  |TAMS 0x000000074ae00000, 0x000000074ae00000| Untracked 
|  50|0x000000074b000000, 0x000000074b000000, 0x000000074b200000|  0%| F|  |TAMS 0x000000074b000000, 0x000000074b000000| Untracked 
|  51|0x000000074b200000, 0x000000074b200000, 0x000000074b400000|  0%| F|  |TAMS 0x000000074b200000, 0x000000074b200000| Untracked 
|  52|0x000000074b400000, 0x000000074b400000, 0x000000074b600000|  0%| F|  |TAMS 0x000000074b400000, 0x000000074b400000| Untracked 
|  53|0x000000074b600000, 0x000000074b600000, 0x000000074b800000|  0%| F|  |TAMS 0x000000074b600000, 0x000000074b600000| Untracked 
|  54|0x000000074b800000, 0x000000074b800000, 0x000000074ba00000|  0%| F|  |TAMS 0x000000074b800000, 0x000000074b800000| Untracked 
|  55|0x000000074ba00000, 0x000000074ba00000, 0x000000074bc00000|  0%| F|  |TAMS 0x000000074ba00000, 0x000000074ba00000| Untracked 
|  56|0x000000074bc00000, 0x000000074bc00000, 0x000000074be00000|  0%| F|  |TAMS 0x000000074bc00000, 0x000000074bc00000| Untracked 
|  57|0x000000074be00000, 0x000000074be00000, 0x000000074c000000|  0%| F|  |TAMS 0x000000074be00000, 0x000000074be00000| Untracked 
|  58|0x000000074c000000, 0x000000074c000000, 0x000000074c200000|  0%| F|  |TAMS 0x000000074c000000, 0x000000074c000000| Untracked 
|  59|0x000000074c200000, 0x000000074c200000, 0x000000074c400000|  0%| F|  |TAMS 0x000000074c200000, 0x000000074c200000| Untracked 
|  60|0x000000074c400000, 0x000000074c400000, 0x000000074c600000|  0%| F|  |TAMS 0x000000074c400000, 0x000000074c400000| Untracked 
|  61|0x000000074c600000, 0x000000074c600000, 0x000000074c800000|  0%| F|  |TAMS 0x000000074c600000, 0x000000074c600000| Untracked 
|  62|0x000000074c800000, 0x000000074c800000, 0x000000074ca00000|  0%| F|  |TAMS 0x000000074c800000, 0x000000074c800000| Untracked 
|  63|0x000000074ca00000, 0x000000074ca00000, 0x000000074cc00000|  0%| F|  |TAMS 0x000000074ca00000, 0x000000074ca00000| Untracked 
|  64|0x000000074cc00000, 0x000000074cc00000, 0x000000074ce00000|  0%| F|  |TAMS 0x000000074cc00000, 0x000000074cc00000| Untracked 
|  65|0x000000074ce00000, 0x000000074ce00000, 0x000000074d000000|  0%| F|  |TAMS 0x000000074ce00000, 0x000000074ce00000| Untracked 
|  66|0x000000074d000000, 0x000000074d000000, 0x000000074d200000|  0%| F|  |TAMS 0x000000074d000000, 0x000000074d000000| Untracked 
|  67|0x000000074d200000, 0x000000074d200000, 0x000000074d400000|  0%| F|  |TAMS 0x000000074d200000, 0x000000074d200000| Untracked 
|  68|0x000000074d400000, 0x000000074d400000, 0x000000074d600000|  0%| F|  |TAMS 0x000000074d400000, 0x000000074d400000| Untracked 
|  69|0x000000074d600000, 0x000000074d600000, 0x000000074d800000|  0%| F|  |TAMS 0x000000074d600000, 0x000000074d600000| Untracked 
|  70|0x000000074d800000, 0x000000074d800000, 0x000000074da00000|  0%| F|  |TAMS 0x000000074d800000, 0x000000074d800000| Untracked 
|  71|0x000000074da00000, 0x000000074da00000, 0x000000074dc00000|  0%| F|  |TAMS 0x000000074da00000, 0x000000074da00000| Untracked 
|  72|0x000000074dc00000, 0x000000074dc00000, 0x000000074de00000|  0%| F|  |TAMS 0x000000074dc00000, 0x000000074dc00000| Untracked 
|  73|0x000000074de00000, 0x000000074de00000, 0x000000074e000000|  0%| F|  |TAMS 0x000000074de00000, 0x000000074de00000| Untracked 
|  74|0x000000074e000000, 0x000000074e000000, 0x000000074e200000|  0%| F|  |TAMS 0x000000074e000000, 0x000000074e000000| Untracked 
|  75|0x000000074e200000, 0x000000074e200000, 0x000000074e400000|  0%| F|  |TAMS 0x000000074e200000, 0x000000074e200000| Untracked 
|  76|0x000000074e400000, 0x000000074e400000, 0x000000074e600000|  0%| F|  |TAMS 0x000000074e400000, 0x000000074e400000| Untracked 
|  77|0x000000074e600000, 0x000000074e600000, 0x000000074e800000|  0%| F|  |TAMS 0x000000074e600000, 0x000000074e600000| Untracked 
|  78|0x000000074e800000, 0x000000074e800000, 0x000000074ea00000|  0%| F|  |TAMS 0x000000074e800000, 0x000000074e800000| Untracked 
|  79|0x000000074ea00000, 0x000000074ea00000, 0x000000074ec00000|  0%| F|  |TAMS 0x000000074ea00000, 0x000000074ea00000| Untracked 
|  80|0x000000074ec00000, 0x000000074ed00800, 0x000000074ee00000| 50%| E|  |TAMS 0x000000074ec00000, 0x000000074ec00000| Complete 
|  81|0x000000074ee00000, 0x000000074f000000, 0x000000074f000000|100%| E|CS|TAMS 0x000000074ee00000, 0x000000074ee00000| Complete 
|  82|0x000000074f000000, 0x000000074f200000, 0x000000074f200000|100%| E|CS|TAMS 0x000000074f000000, 0x000000074f000000| Complete 
|  83|0x000000074f200000, 0x000000074f400000, 0x000000074f400000|100%| E|CS|TAMS 0x000000074f200000, 0x000000074f200000| Complete 
|  84|0x000000074f400000, 0x000000074f600000, 0x000000074f600000|100%| E|CS|TAMS 0x000000074f400000, 0x000000074f400000| Complete 
|  85|0x000000074f600000, 0x000000074f6ea9f0, 0x000000074f800000| 45%| S|CS|TAMS 0x000000074f600000, 0x000000074f600000| Complete 
|  86|0x000000074f800000, 0x000000074fa00000, 0x000000074fa00000|100%| E|CS|TAMS 0x000000074f800000, 0x000000074f800000| Complete 
|  87|0x000000074fa00000, 0x000000074fc00000, 0x000000074fc00000|100%| E|CS|TAMS 0x000000074fa00000, 0x000000074fa00000| Complete 
|  88|0x000000074fc00000, 0x000000074fe00000, 0x000000074fe00000|100%| E|CS|TAMS 0x000000074fc00000, 0x000000074fc00000| Complete 
|  89|0x000000074fe00000, 0x0000000750000000, 0x0000000750000000|100%| E|CS|TAMS 0x000000074fe00000, 0x000000074fe00000| Complete 
|  90|0x0000000750000000, 0x0000000750200000, 0x0000000750200000|100%| E|CS|TAMS 0x0000000750000000, 0x0000000750000000| Complete 
|  91|0x0000000750200000, 0x0000000750400000, 0x0000000750400000|100%| E|CS|TAMS 0x0000000750200000, 0x0000000750200000| Complete 
|  92|0x0000000750400000, 0x0000000750600000, 0x0000000750600000|100%| E|CS|TAMS 0x0000000750400000, 0x0000000750400000| Complete 
|  93|0x0000000750600000, 0x0000000750800000, 0x0000000750800000|100%| E|CS|TAMS 0x0000000750600000, 0x0000000750600000| Complete 

Card table byte_map: [0x0000016329e30000,0x000001632a410000] _byte_map_base: 0x000001632640a000

Marking Bits (Prev, Next): (CMBitMap*) 0x0000016312d76e20, (CMBitMap*) 0x0000016312d76e60
 Prev Bits: [0x000001632a9f0000, 0x000001632d8c0000)
 Next Bits: [0x000001632d8c0000, 0x0000016330790000)

Polling page: 0x0000016310cf0000

Metaspace:

Usage:
  Non-class:      9.13 MB used.
      Class:      1.08 MB used.
       Both:     10.21 MB used.

Virtual space:
  Non-class space:       64.00 MB reserved,       9.31 MB ( 15%) committed,  1 nodes.
      Class space:        1.00 GB reserved,       1.19 MB ( <1%) committed,  1 nodes.
             Both:        1.06 GB reserved,      10.50 MB ( <1%) committed. 

Chunk freelists:
   Non-Class:  5.28 MB
       Class:  14.82 MB
        Both:  20.10 MB

MaxMetaspaceSize: unlimited
CompressedClassSpaceSize: 1.00 GB
Initial GC threshold: 21.00 MB
Current GC threshold: 21.00 MB
CDS: on
MetaspaceReclaimPolicy: balanced
 - commit_granule_bytes: 65536.
 - commit_granule_words: 8192.
 - virtual_space_node_default_size: 8388608.
 - enlarge_chunks_in_place: 1.
 - new_chunks_are_fully_committed: 0.
 - uncommit_free_chunks: 1.
 - use_allocation_guard: 0.
 - handle_deallocations: 1.


Internal statistics:

num_allocs_failed_limit: 0.
num_arena_births: 326.
num_arena_deaths: 0.
num_vsnodes_births: 2.
num_vsnodes_deaths: 0.
num_space_committed: 168.
num_space_uncommitted: 0.
num_chunks_returned_to_freelist: 0.
num_chunks_taken_from_freelist: 718.
num_chunk_merges: 0.
num_chunk_splits: 475.
num_chunks_enlarged: 320.
num_inconsistent_stats: 0.

CodeHeap 'non-profiled nmethods': size=120000Kb used=761Kb max_used=761Kb free=119238Kb
 bounds [0x0000016322320000, 0x0000016322590000, 0x0000016329850000]
CodeHeap 'profiled nmethods': size=120000Kb used=3381Kb max_used=3381Kb free=116618Kb
 bounds [0x000001631a850000, 0x000001631aba0000, 0x0000016321d80000]
CodeHeap 'non-nmethods': size=5760Kb used=1354Kb max_used=1389Kb free=4405Kb
 bounds [0x0000016321d80000, 0x0000016321ff0000, 0x0000016322320000]
 total_blobs=2415 nmethods=1825 adapters=502
 compilation: enabled
              stopped_count=0, restarted_count=0
 full_count=0

Compilation events (20 events):
Event: 4.609 Thread 0x0000016332cb3780 1622       3       java.lang.Integer::equals (29 bytes)
Event: 4.609 Thread 0x0000016332cb3780 nmethod 1622 0x000001631ab37910 code [0x000001631ab37ac0, 0x000001631ab37eb8]
Event: 4.609 Thread 0x0000016332cb3780 1623       3       java.lang.reflect.Method::getRoot (5 bytes)
Event: 4.609 Thread 0x0000016332cb3780 nmethod 1623 0x000001631ab37f90 code [0x000001631ab38120, 0x000001631ab38238]
Event: 4.609 Thread 0x0000016332cb3780 1624   !   3       java.lang.reflect.Executable::declaredAnnotations (85 bytes)
Event: 4.610 Thread 0x0000016332cb3780 nmethod 1624 0x000001631ab38310 code [0x000001631ab38540, 0x000001631ab38f28]
Event: 4.610 Thread 0x0000016332cb3780 1625       3       jdk.internal.reflect.ReflectionFactory::copyMethod (11 bytes)
Event: 4.610 Thread 0x0000016332cb3780 nmethod 1625 0x000001631ab39310 code [0x000001631ab394c0, 0x000001631ab396c8]
Event: 4.610 Thread 0x0000016332cb3780 1626       3       java.lang.reflect.ReflectAccess::copyMethod (5 bytes)
Event: 4.610 Thread 0x0000016332cb3780 nmethod 1626 0x000001631ab39810 code [0x000001631ab399c0, 0x000001631ab39b08]
Event: 4.610 Thread 0x0000016332cb3780 1630       3       java.util.ArrayList::elementAt (4 bytes)
Event: 4.610 Thread 0x0000016332cb3780 nmethod 1630 0x000001631ab39c10 code [0x000001631ab39da0, 0x000001631ab39eb8]
Event: 4.610 Thread 0x0000016332cb3780 1631       3       java.lang.reflect.AccessibleObject::trySetAccessible (73 bytes)
Event: 4.611 Thread 0x0000016332cb3780 nmethod 1631 0x000001631ab39f90 code [0x000001631ab3a1e0, 0x000001631ab3adb8]
Event: 4.611 Thread 0x0000016332cb3780 1627   !   3       java.lang.reflect.Field::declaredAnnotations (82 bytes)
Event: 4.611 Thread 0x0000016332cb3780 nmethod 1627 0x000001631ab3b010 code [0x000001631ab3b200, 0x000001631ab3b7c8]
Event: 4.611 Thread 0x0000016332cb3780 1628       1       java.lang.reflect.Field::getRoot (5 bytes)
Event: 4.612 Thread 0x0000016332cb3780 nmethod 1628 0x00000163223c0590 code [0x00000163223c0720, 0x00000163223c07f8]
Event: 4.612 Thread 0x0000016332cb3780 1629       1       java.lang.reflect.Field::getType (5 bytes)
Event: 4.612 Thread 0x0000016332cb3780 nmethod 1629 0x00000163223c0890 code [0x00000163223c0a20, 0x00000163223c0af8]

GC Heap History (4 events):
Event: 1.599 GC heap before
{Heap before GC invocations=0 (full 0):
 garbage-first heap   total 192512K, used 10240K [0x0000000744c00000, 0x0000000800000000)
  region size 2048K, 6 young (12288K), 0 survivors (0K)
 Metaspace       used 4216K, committed 4416K, reserved 1114112K
  class space    used 413K, committed 512K, reserved 1048576K
}
Event: 1.602 GC heap after
{Heap after GC invocations=1 (full 0):
 garbage-first heap   total 192512K, used 1638K [0x0000000744c00000, 0x0000000800000000)
  region size 2048K, 1 young (2048K), 1 survivors (2048K)
 Metaspace       used 4216K, committed 4416K, reserved 1114112K
  class space    used 413K, committed 512K, reserved 1048576K
}
Event: 3.792 GC heap before
{Heap before GC invocations=1 (full 0):
 garbage-first heap   total 192512K, used 13926K [0x0000000744c00000, 0x0000000800000000)
  region size 2048K, 8 young (16384K), 1 survivors (2048K)
 Metaspace       used 7472K, committed 7680K, reserved 1114112K
  class space    used 743K, committed 832K, reserved 1048576K
}
Event: 3.797 GC heap after
{Heap after GC invocations=2 (full 0):
 garbage-first heap   total 192512K, used 2504K [0x0000000744c00000, 0x0000000800000000)
  region size 2048K, 1 young (2048K), 1 survivors (2048K)
 Metaspace       used 7472K, committed 7680K, reserved 1114112K
  class space    used 743K, committed 832K, reserved 1048576K
}

Dll operation events (15 events):
Event: 0.010 Loaded shared library C:\Users\Public\wpilib\2025\jdk\bin\java.dll
Event: 0.043 Loaded shared library C:\Users\Public\wpilib\2025\jdk\bin\jsvml.dll
Event: 0.514 Loaded shared library C:\Users\Public\wpilib\2025\jdk\bin\net.dll
Event: 0.516 Loaded shared library C:\Users\Public\wpilib\2025\jdk\bin\nio.dll
Event: 0.530 Loaded shared library C:\Users\Public\wpilib\2025\jdk\bin\zip.dll
Event: 0.647 Loaded shared library C:\Users\Roman\Documents\FRC Code\frc-2025-code\build\jni\release\wpiutiljni.dll
Event: 0.654 Loaded shared library C:\Users\Roman\Documents\FRC Code\frc-2025-code\build\jni\release\wpiHaljni.dll
Event: 0.719 Loaded shared library C:\Users\Roman\Documents\FRC Code\frc-2025-code\build\jni\release\ntcorejni.dll
Event: 1.170 Loaded shared library C:\Users\Public\wpilib\2025\jdk\bin\management.dll
Event: 1.183 Loaded shared library C:\Users\Public\wpilib\2025\jdk\bin\management_ext.dll
Event: 1.569 Loaded shared library C:\Users\Roman\Documents\FRC Code\frc-2025-code\build\jni\release\CTRE_PhoenixTools_Sim.dll
Event: 1.578 Loaded shared library C:\Users\Roman\Documents\FRC Code\frc-2025-code\build\jni\release\CTRE_Phoenix6_Sim.dll
Event: 2.845 Loaded shared library C:\Users\Roman\Documents\FRC Code\frc-2025-code\build\jni\release\wpimathjni.dll
Event: 3.171 Loaded shared library C:\Users\Roman\Documents\FRC Code\frc-2025-code\build\jni\release\grapplefrcdriver.dll
Event: 4.406 Loaded shared library C:\Users\Public\wpilib\2025\jdk\bin\jimage.dll

Deoptimization events (20 events):
Event: 4.460 Thread 0x0000016312d17f40 Uncommon trap: trap_request=0xffffff45 fr.pc=0x000001632239f7dc relative=0x0000000000000edc
Event: 4.460 Thread 0x0000016312d17f40 Uncommon trap: reason=unstable_if action=reinterpret pc=0x000001632239f7dc method=java.util.HashMap.hash(Ljava/lang/Object;)I @ 1 c2
Event: 4.460 Thread 0x0000016312d17f40 DEOPT PACKING pc=0x000001632239f7dc sp=0x0000003aeeefdd10
Event: 4.460 Thread 0x0000016312d17f40 DEOPT UNPACKING pc=0x0000016321dda1a3 sp=0x0000003aeeefdcd0 mode 2
Event: 4.468 Thread 0x0000016312d17f40 Uncommon trap: trap_request=0xffffff45 fr.pc=0x00000163223a1c1c relative=0x000000000000009c
Event: 4.468 Thread 0x0000016312d17f40 Uncommon trap: reason=unstable_if action=reinterpret pc=0x00000163223a1c1c method=java.util.HashMap.hash(Ljava/lang/Object;)I @ 1 c2
Event: 4.468 Thread 0x0000016312d17f40 DEOPT PACKING pc=0x00000163223a1c1c sp=0x0000003aeeefdd40
Event: 4.468 Thread 0x0000016312d17f40 DEOPT UNPACKING pc=0x0000016321dda1a3 sp=0x0000003aeeefdcd8 mode 2
Event: 4.533 Thread 0x0000016312d17f40 Uncommon trap: trap_request=0xffffff45 fr.pc=0x0000016322350be4 relative=0x0000000000000244
Event: 4.533 Thread 0x0000016312d17f40 Uncommon trap: reason=unstable_if action=reinterpret pc=0x0000016322350be4 method=java.lang.String.startsWith(Ljava/lang/String;I)Z @ 14 c2
Event: 4.533 Thread 0x0000016312d17f40 DEOPT PACKING pc=0x0000016322350be4 sp=0x0000003aeeeff0c0
Event: 4.533 Thread 0x0000016312d17f40 DEOPT UNPACKING pc=0x0000016321dda1a3 sp=0x0000003aeeefefd8 mode 2
Event: 4.533 Thread 0x0000016312d17f40 Uncommon trap: trap_request=0xffffff45 fr.pc=0x0000016322332110 relative=0x00000000000002f0
Event: 4.533 Thread 0x0000016312d17f40 Uncommon trap: reason=unstable_if action=reinterpret pc=0x0000016322332110 method=java.lang.String.startsWith(Ljava/lang/String;I)Z @ 14 c2
Event: 4.533 Thread 0x0000016312d17f40 DEOPT PACKING pc=0x0000016322332110 sp=0x0000003aeeeff050
Event: 4.533 Thread 0x0000016312d17f40 DEOPT UNPACKING pc=0x0000016321dda1a3 sp=0x0000003aeeefefd8 mode 2
Event: 4.572 Thread 0x0000016312d17f40 DEOPT PACKING pc=0x000001631aaf65f9 sp=0x0000003aeeefdbf0
Event: 4.572 Thread 0x0000016312d17f40 DEOPT UNPACKING pc=0x0000016321ddace3 sp=0x0000003aeeefd050 mode 0
Event: 4.615 Thread 0x0000016312d17f40 DEOPT PACKING pc=0x000001631aaf65f9 sp=0x0000003aeeefc120
Event: 4.615 Thread 0x0000016312d17f40 DEOPT UNPACKING pc=0x0000016321ddace3 sp=0x0000003aeeefb580 mode 0

Classes loaded (20 events):
Event: 4.603 Loading class jdk/internal/reflect/UnsafeDoubleFieldAccessorImpl
Event: 4.603 Loading class jdk/internal/reflect/UnsafeDoubleFieldAccessorImpl done
Event: 4.603 Loading class jdk/internal/reflect/UnsafeBooleanFieldAccessorImpl
Event: 4.603 Loading class jdk/internal/reflect/UnsafeBooleanFieldAccessorImpl done
Event: 4.603 Loading class jdk/internal/reflect/UnsafeQualifiedStaticIntegerFieldAccessorImpl
Event: 4.603 Loading class jdk/internal/reflect/UnsafeQualifiedStaticIntegerFieldAccessorImpl done
Event: 4.604 Loading class jdk/internal/reflect/UnsafeQualifiedIntegerFieldAccessorImpl
Event: 4.604 Loading class jdk/internal/reflect/UnsafeQualifiedIntegerFieldAccessorImpl done
Event: 4.604 Loading class jdk/internal/reflect/UnsafeLongFieldAccessorImpl
Event: 4.604 Loading class jdk/internal/reflect/UnsafeLongFieldAccessorImpl done
Event: 4.604 Loading class jdk/internal/reflect/UnsafeQualifiedDoubleFieldAccessorImpl
Event: 4.604 Loading class jdk/internal/reflect/UnsafeQualifiedDoubleFieldAccessorImpl done
Event: 4.607 Loading class jdk/internal/reflect/UnsafeStaticObjectFieldAccessorImpl
Event: 4.607 Loading class jdk/internal/reflect/UnsafeStaticObjectFieldAccessorImpl done
Event: 4.610 Loading class jdk/internal/reflect/UnsafeQualifiedLongFieldAccessorImpl
Event: 4.610 Loading class jdk/internal/reflect/UnsafeQualifiedLongFieldAccessorImpl done
Event: 4.611 Loading class jdk/internal/reflect/UnsafeStaticLongFieldAccessorImpl
Event: 4.611 Loading class jdk/internal/reflect/UnsafeStaticLongFieldAccessorImpl done
Event: 4.611 Loading class jdk/internal/reflect/UnsafeStaticBooleanFieldAccessorImpl
Event: 4.611 Loading class jdk/internal/reflect/UnsafeStaticBooleanFieldAccessorImpl done

Classes unloaded (0 events):
No events

Classes redefined (0 events):
No events

Internal exceptions (20 events):
Event: 4.126 Thread 0x0000016312d17f40 Exception <a 'java/lang/NoSuchMethodError'{0x0000000750098938}: 'int java.lang.invoke.DirectMethodHandle$Holder.invokeStaticInit(java.lang.Object, int, int)'> (0x0000000750098938) 
thrown [s\src\hotspot\share\interpreter\linkResolver.cpp, line 759]
Event: 4.127 Thread 0x0000016312d17f40 Exception <a 'java/lang/NoSuchMethodError'{0x00000007500a0128}: 'int java.lang.invoke.DirectMethodHandle$Holder.invokeStaticInit(java.lang.Object, long, long)'> (0x00000007500a0128) 
thrown [s\src\hotspot\share\interpreter\linkResolver.cpp, line 759]
Event: 4.130 Thread 0x0000016312d17f40 Exception <a 'java/lang/NoSuchMethodError'{0x00000007500a6f78}: 'int java.lang.invoke.DirectMethodHandle$Holder.invokeStaticInit(java.lang.Object, float, float)'> (0x00000007500a6f78) 
thrown [s\src\hotspot\share\interpreter\linkResolver.cpp, line 759]
Event: 4.131 Thread 0x0000016312d17f40 Exception <a 'java/lang/NoSuchMethodError'{0x00000007500addd0}: 'int java.lang.invoke.DirectMethodHandle$Holder.invokeStaticInit(java.lang.Object, double, double)'> (0x00000007500addd0) 
thrown [s\src\hotspot\share\interpreter\linkResolver.cpp, line 759]
Event: 4.132 Thread 0x0000016312d17f40 Exception <a 'java/lang/NoSuchMethodError'{0x00000007500b23d8}: 'int java.lang.invoke.DirectMethodHandle$Holder.invokeStatic(java.lang.Object, long)'> (0x00000007500b23d8) 
thrown [s\src\hotspot\share\interpreter\linkResolver.cpp, line 759]
Event: 4.135 Thread 0x0000016312d17f40 Exception <a 'java/lang/NoSuchMethodError'{0x00000007500c42b0}: 'int java.lang.invoke.DirectMethodHandle$Holder.invokeSpecial(java.lang.Object, java.lang.Object, int)'> (0x00000007500c42b0) 
thrown [s\src\hotspot\share\interpreter\linkResolver.cpp, line 759]
Event: 4.139 Thread 0x0000016312d17f40 Exception <a 'java/lang/NoSuchMethodError'{0x00000007500d9860}: 'int java.lang.invoke.Invokers$Holder.linkToTargetMethod(java.lang.Object, java.lang.Object)'> (0x00000007500d9860) 
thrown [s\src\hotspot\share\interpreter\linkResolver.cpp, line 759]
Event: 4.177 Thread 0x0000016312d17f40 Exception <a 'java/lang/NoSuchMethodError'{0x000000075015e338}: 'int java.lang.invoke.DirectMethodHandle$Holder.invokeSpecial(java.lang.Object, java.lang.Object, java.lang.Object, java.lang.Object)'> (0x000000075015e338) 
thrown [s\src\hotspot\share\interpreter\linkResolver.cpp, line 759]
Event: 4.183 Thread 0x0000016312d17f40 Exception <a 'java/lang/NoSuchMethodError'{0x000000075016fc50}: 'java.lang.Object java.lang.invoke.DirectMethodHandle$Holder.invokeStatic(java.lang.Object, int, java.lang.Object, java.lang.Object)'> (0x000000075016fc50) 
thrown [s\src\hotspot\share\interpreter\linkResolver.cpp, line 759]
Event: 4.183 Thread 0x0000016312d17f40 Exception <a 'java/lang/NoSuchMethodError'{0x0000000750173d98}: 'java.lang.Object java.lang.invoke.DirectMethodHandle$Holder.invokeSpecial(java.lang.Object, java.lang.Object, int, java.lang.Object, java.lang.Object)'> (0x0000000750173d98) 
thrown [s\src\hotspot\share\interpreter\linkResolver.cpp, line 759]
Event: 4.184 Thread 0x0000016312d17f40 Exception <a 'java/lang/NoSuchMethodError'{0x0000000750177988}: 'java.lang.Object java.lang.invoke.DelegatingMethodHandle$Holder.delegate(java.lang.Object, int, java.lang.Object, java.lang.Object)'> (0x0000000750177988) 
thrown [s\src\hotspot\share\interpreter\linkResolver.cpp, line 759]
Event: 4.186 Thread 0x0000016312d17f40 Exception <a 'java/lang/NoSuchMethodError'{0x0000000750188498}: 'int java.lang.invoke.Invokers$Holder.linkToTargetMethod(java.lang.Object, java.lang.Object, java.lang.Object)'> (0x0000000750188498) 
thrown [s\src\hotspot\share\interpreter\linkResolver.cpp, line 759]
Event: 4.275 Thread 0x0000016312d17f40 Exception <a 'java/lang/NoSuchMethodError'{0x000000074fe4aa28}: 'java.lang.Object java.lang.invoke.DirectMethodHandle$Holder.invokeSpecial(java.lang.Object, java.lang.Object, java.lang.Object, double)'> (0x000000074fe4aa28) 
thrown [s\src\hotspot\share\interpreter\linkResolver.cpp, line 759]
Event: 4.349 Thread 0x0000016312d17f40 Exception <a 'java/lang/NoSuchMethodError'{0x000000074fea1428}: 'java.lang.Object java.lang.invoke.DirectMethodHandle$Holder.newInvokeSpecial(java.lang.Object, java.lang.Object, int, int)'> (0x000000074fea1428) 
thrown [s\src\hotspot\share\interpreter\linkResolver.cpp, line 759]
Event: 4.350 Thread 0x0000016312d17f40 Exception <a 'java/lang/NoSuchMethodError'{0x000000074fea5360}: 'java.lang.Object java.lang.invoke.DirectMethodHandle$Holder.invokeSpecial(java.lang.Object, java.lang.Object, java.lang.Object, int, int)'> (0x000000074fea5360) 
thrown [s\src\hotspot\share\interpreter\linkResolver.cpp, line 759]
Event: 4.350 Thread 0x0000016312d17f40 Exception <a 'java/lang/NoSuchMethodError'{0x000000074feac508}: 'void java.lang.invoke.DirectMethodHandle$Holder.invokeSpecial(java.lang.Object, java.lang.Object, double)'> (0x000000074feac508) 
thrown [s\src\hotspot\share\interpreter\linkResolver.cpp, line 759]
Event: 4.352 Thread 0x0000016312d17f40 Exception <a 'java/lang/NoSuchMethodError'{0x000000074feb5320}: 'java.lang.Object java.lang.invoke.DirectMethodHandle$Holder.newInvokeSpecial(java.lang.Object, java.lang.Object, double)'> (0x000000074feb5320) 
thrown [s\src\hotspot\share\interpreter\linkResolver.cpp, line 759]
Event: 4.460 Thread 0x0000016312d17f40 Implicit null exception at 0x000001632239e941 to 0x000001632239f7c1
Event: 4.468 Thread 0x0000016312d17f40 Implicit null exception at 0x00000163223a1b8f to 0x00000163223a1c0d
Event: 4.509 Thread 0x0000016312d17f40 Exception <a 'java/lang/NoSuchMethodError'{0x000000074f894438}: 'java.lang.Object java.lang.invoke.Invokers$Holder.invoke_MT(java.lang.Object, java.lang.Object, java.lang.Object)'> (0x000000074f894438) 
thrown [s\src\hotspot\share\interpreter\linkResolver.cpp, line 759]

VM Operations (20 events):
Event: 2.837 Executing VM operation: HandshakeAllThreads
Event: 2.837 Executing VM operation: HandshakeAllThreads done
Event: 3.792 Executing VM operation: G1CollectForAllocation
Event: 3.797 Executing VM operation: G1CollectForAllocation done
Event: 3.840 Executing VM operation: HandshakeAllThreads
Event: 3.840 Executing VM operation: HandshakeAllThreads done
Event: 3.937 Executing VM operation: ChangeBreakpoints
Event: 3.938 Executing VM operation: ChangeBreakpoints done
Event: 4.102 Executing VM operation: HandshakeAllThreads
Event: 4.102 Executing VM operation: HandshakeAllThreads done
Event: 4.103 Executing VM operation: HandshakeAllThreads
Event: 4.103 Executing VM operation: HandshakeAllThreads done
Event: 4.116 Executing VM operation: HandshakeAllThreads
Event: 4.116 Executing VM operation: HandshakeAllThreads done
Event: 4.367 Executing VM operation: HandshakeAllThreads
Event: 4.367 Executing VM operation: HandshakeAllThreads done
Event: 4.437 Executing VM operation: HandshakeAllThreads
Event: 4.437 Executing VM operation: HandshakeAllThreads done
Event: 4.588 Executing VM operation: HandshakeAllThreads
Event: 4.588 Executing VM operation: HandshakeAllThreads done

Events (20 events):
Event: 0.064 Thread 0x0000016332c95430 Thread added: 0x0000016332c95430
Event: 0.064 Thread 0x0000016332c99f10 Thread added: 0x0000016332c99f10
Event: 0.064 Thread 0x0000016332c9a8d0 Thread added: 0x0000016332c9a8d0
Event: 0.064 Thread 0x0000016332c9be80 Thread added: 0x0000016332c9be80
Event: 0.066 Thread 0x0000016332cb3780 Thread added: 0x0000016332cb3780
Event: 0.067 Thread 0x00000163780a5510 Thread added: 0x00000163780a5510
Event: 0.150 Thread 0x00000163781856f0 Thread added: 0x00000163781856f0
Event: 0.150 Thread 0x0000016378189bb0 Thread added: 0x0000016378189bb0
Event: 0.151 Thread 0x000001637818e230 Thread added: 0x000001637818e230
Event: 0.470 Thread 0x000001637818e920 Thread added: 0x000001637818e920
Event: 0.484 Thread 0x00000163781910c0 Thread added: 0x00000163781910c0
Event: 0.835 Thread 0x0000016378b46cd0 Thread added: 0x0000016378b46cd0
Event: 1.149 Thread 0x000001637893e0c0 Thread added: 0x000001637893e0c0
Event: 2.056 Thread 0x0000016378f066f0 Thread added: 0x0000016378f066f0
Event: 2.814 Thread 0x0000016378e92960 Thread added: 0x0000016378e92960
Event: 3.169 Thread 0x000001637904f8f0 Thread added: 0x000001637904f8f0
Event: 4.152 Thread 0x00000163793864c0 Thread added: 0x00000163793864c0
Event: 4.196 Thread 0x00000163792a3080 Thread added: 0x00000163792a3080
Event: 4.350 Thread 0x00000163795600f0 Thread added: 0x00000163795600f0
Event: 4.526 Thread 0x0000016379562460 Thread added: 0x0000016379562460


Dynamic libraries:
0x00007ff77ffd0000 - 0x00007ff77ffde000 	C:\Users\Public\wpilib\2025\jdk\bin\java.exe
0x00007ffec7370000 - 0x00007ffec7587000 	C:\WINDOWS\SYSTEM32\ntdll.dll
0x00007ffec5450000 - 0x00007ffec5514000 	C:\WINDOWS\System32\KERNEL32.DLL
0x00007ffec4630000 - 0x00007ffec49ea000 	C:\WINDOWS\System32\KERNELBASE.dll
0x00007ffec4b90000 - 0x00007ffec4ca1000 	C:\WINDOWS\System32\ucrtbase.dll
0x00007ffe3b880000 - 0x00007ffe3b897000 	C:\Users\Public\wpilib\2025\jdk\bin\jli.dll
0x00007ffe3b860000 - 0x00007ffe3b87e000 	C:\Users\Public\wpilib\2025\jdk\bin\VCRUNTIME140.dll
0x00007ffec5280000 - 0x00007ffec542e000 	C:\WINDOWS\System32\USER32.dll
0x00007ffec4d70000 - 0x00007ffec4d96000 	C:\WINDOWS\System32\win32u.dll
0x00007ffeac2d0000 - 0x00007ffeac562000 	C:\WINDOWS\WinSxS\amd64_microsoft.windows.common-controls_6595b64144ccf1df_6.0.22621.4541_none_2710d1c57384c085\COMCTL32.dll
0x00007ffec6a60000 - 0x00007ffec6a89000 	C:\WINDOWS\System32\GDI32.dll
0x00007ffec5880000 - 0x00007ffec5927000 	C:\WINDOWS\System32\msvcrt.dll
0x00007ffec49f0000 - 0x00007ffec4b0b000 	C:\WINDOWS\System32\gdi32full.dll
0x00007ffec4f90000 - 0x00007ffec502a000 	C:\WINDOWS\System32\msvcp_win.dll
0x00007ffec6d00000 - 0x00007ffec6d31000 	C:\WINDOWS\System32\IMM32.DLL
0x00007ffe3b850000 - 0x00007ffe3b85c000 	C:\Users\Public\wpilib\2025\jdk\bin\vcruntime140_1.dll
0x00007ffe3b7c0000 - 0x00007ffe3b84d000 	C:\Users\Public\wpilib\2025\jdk\bin\msvcp140.dll
0x00007ffe3ab50000 - 0x00007ffe3b7ba000 	C:\Users\Public\wpilib\2025\jdk\bin\server\jvm.dll
0x00007ffec6a90000 - 0x00007ffec6b42000 	C:\WINDOWS\System32\ADVAPI32.dll
0x00007ffec6c50000 - 0x00007ffec6cf7000 	C:\WINDOWS\System32\sechost.dll
0x00007ffec5030000 - 0x00007ffec5058000 	C:\WINDOWS\System32\bcrypt.dll
0x00007ffec50b0000 - 0x00007ffec51c4000 	C:\WINDOWS\System32\RPCRT4.dll
0x00007ffec6070000 - 0x00007ffec60e1000 	C:\WINDOWS\System32\WS2_32.dll
0x00007ffec3eb0000 - 0x00007ffec3efd000 	C:\WINDOWS\SYSTEM32\POWRPROF.dll
0x00007ffeb8460000 - 0x00007ffeb8494000 	C:\WINDOWS\SYSTEM32\WINMM.dll
0x00007ffeb7ed0000 - 0x00007ffeb7eda000 	C:\WINDOWS\SYSTEM32\VERSION.dll
0x00007ffec3e90000 - 0x00007ffec3ea3000 	C:\WINDOWS\SYSTEM32\UMPDC.dll
0x00007ffec3670000 - 0x00007ffec3688000 	C:\WINDOWS\SYSTEM32\kernel.appcore.dll
0x00007ffe3ab40000 - 0x00007ffe3ab4a000 	C:\Users\Public\wpilib\2025\jdk\bin\jimage.dll
0x00007ffec1c50000 - 0x00007ffec1e82000 	C:\WINDOWS\SYSTEM32\DBGHELP.DLL
0x00007ffec6f90000 - 0x00007ffec7321000 	C:\WINDOWS\System32\combase.dll
0x00007ffec5f90000 - 0x00007ffec6067000 	C:\WINDOWS\System32\OLEAUT32.dll
0x00007ffe991e0000 - 0x00007ffe99212000 	C:\WINDOWS\SYSTEM32\dbgcore.DLL
0x00007ffec4f10000 - 0x00007ffec4f8b000 	C:\WINDOWS\System32\bcryptPrimitives.dll
0x00007ffeadd90000 - 0x00007ffeaddcb000 	C:\Users\Public\wpilib\2025\jdk\bin\jdwp.dll
0x00007ffe3ab00000 - 0x00007ffe3ab25000 	C:\Users\Public\wpilib\2025\jdk\bin\java.dll
0x00007ffe3aa20000 - 0x00007ffe3aaf7000 	C:\Users\Public\wpilib\2025\jdk\bin\jsvml.dll
0x00007ffec60f0000 - 0x00007ffec6969000 	C:\WINDOWS\System32\SHELL32.dll
0x00007ffec2530000 - 0x00007ffec2e39000 	C:\WINDOWS\SYSTEM32\windows.storage.dll
0x00007ffec23f0000 - 0x00007ffec252f000 	C:\WINDOWS\SYSTEM32\wintypes.dll
0x00007ffec5780000 - 0x00007ffec587a000 	C:\WINDOWS\System32\SHCORE.dll
0x00007ffec5720000 - 0x00007ffec577e000 	C:\WINDOWS\System32\shlwapi.dll
0x00007ffec4560000 - 0x00007ffec458b000 	C:\WINDOWS\SYSTEM32\profapi.dll
0x00007ffeade40000 - 0x00007ffeade4c000 	C:\Users\Public\wpilib\2025\jdk\bin\dt_socket.dll
0x00007ffec3090000 - 0x00007ffec30bd000 	C:\WINDOWS\SYSTEM32\IPHLPAPI.DLL
0x00007ffec3af0000 - 0x00007ffec3b59000 	C:\WINDOWS\system32\mswsock.dll
0x00007ffec30c0000 - 0x00007ffec31c2000 	C:\WINDOWS\SYSTEM32\DNSAPI.dll
0x00007ffec5950000 - 0x00007ffec5959000 	C:\WINDOWS\System32\NSI.dll
0x000000005d3f0000 - 0x000000005d3fb000 	C:\Program Files\National Instruments\Shared\mDNS Responder\nimdnsNSP.dll
0x000000005d3d0000 - 0x000000005d3e1000 	C:\WINDOWS\SYSTEM32\nimdnsResponder.dll
0x000000005d3a0000 - 0x000000005d3c6000 	C:\Program Files\Bonjour\mdnsNSP.dll
0x00007ffebb420000 - 0x00007ffebb42a000 	C:\Windows\System32\rasadhlp.dll
0x00007ffeb79c0000 - 0x00007ffeb7a43000 	C:\WINDOWS\System32\fwpuclnt.dll
0x00007ffe3a9e0000 - 0x00007ffe3a9f9000 	C:\Users\Public\wpilib\2025\jdk\bin\net.dll
0x00007ffebb7b0000 - 0x00007ffebb8e6000 	C:\WINDOWS\SYSTEM32\WINHTTP.dll
0x00007ffe3a9c0000 - 0x00007ffe3a9d6000 	C:\Users\Public\wpilib\2025\jdk\bin\nio.dll
0x00007ffe3aa00000 - 0x00007ffe3aa18000 	C:\Users\Public\wpilib\2025\jdk\bin\zip.dll
0x00007ffeade30000 - 0x00007ffeade40000 	C:\Users\Roman\Documents\FRC Code\frc-2025-code\build\jni\release\wpiutiljni.dll
0x00007ffe2ffb0000 - 0x00007ffe3033f000 	C:\Users\Roman\Documents\FRC Code\frc-2025-code\build\jni\release\wpiutil.dll
0x00007ffe88c90000 - 0x00007ffe88cd3000 	C:\Users\Roman\Documents\FRC Code\frc-2025-code\build\jni\release\wpiHaljni.dll
0x00007ffe61b70000 - 0x00007ffe61c13000 	C:\Users\Roman\Documents\FRC Code\frc-2025-code\build\jni\release\wpiHal.dll
0x00007ffeadd70000 - 0x00007ffeadd81000 	C:\Users\Roman\Documents\FRC Code\frc-2025-code\build\jni\release\halsim_ds_socket.dll
0x00007ffe2fbf0000 - 0x00007ffe2ffac000 	C:\Users\Roman\Documents\FRC Code\frc-2025-code\build\jni\release\wpinet.dll
0x00007ffec3be0000 - 0x00007ffec3c08000 	C:\WINDOWS\SYSTEM32\USERENV.dll
0x00007ffec3db0000 - 0x00007ffec3dbc000 	C:\WINDOWS\SYSTEM32\CRYPTBASE.DLL
0x00007ffebe300000 - 0x00007ffebe3b1000 	C:\WINDOWS\system32\uxtheme.dll
0x00007ffeac700000 - 0x00007ffeac73c000 	C:\Users\Roman\Documents\FRC Code\frc-2025-code\build\jni\release\ntcorejni.dll
0x00007ffe45c00000 - 0x00007ffe45d75000 	C:\Users\Roman\Documents\FRC Code\frc-2025-code\build\jni\release\ntcore.dll
0x00007ffebbc00000 - 0x00007ffebbc09000 	C:\Users\Public\wpilib\2025\jdk\bin\management.dll
0x00007ffebbbf0000 - 0x00007ffebbbfb000 	C:\Users\Public\wpilib\2025\jdk\bin\management_ext.dll
0x00007ffec5940000 - 0x00007ffec5948000 	C:\WINDOWS\System32\PSAPI.DLL
0x00007ffe2f910000 - 0x00007ffe2fbed000 	C:\Users\Roman\Documents\FRC Code\frc-2025-code\build\jni\release\CTRE_PhoenixTools_Sim.dll
0x00007ffeadc70000 - 0x00007ffeadc89000 	C:\Users\Roman\Documents\FRC Code\frc-2025-code\build\jni\release\CTRE_SimVictorSPX.dll
0x00007ffeaa340000 - 0x00007ffeaa35c000 	C:\Users\Roman\Documents\FRC Code\frc-2025-code\build\jni\release\CTRE_SimTalonSRX.dll
0x00007ffe933d0000 - 0x00007ffe933e1000 	C:\Users\Roman\Documents\FRC Code\frc-2025-code\build\jni\release\CTRE_SimPigeonIMU.dll
0x00007ffe925b0000 - 0x00007ffe925c3000 	C:\Users\Roman\Documents\FRC Code\frc-2025-code\build\jni\release\CTRE_SimCANCoder.dll
0x00007ffe61b30000 - 0x00007ffe61b68000 	C:\Users\Roman\Documents\FRC Code\frc-2025-code\build\jni\release\CTRE_SimProTalonFX.dll
0x00007ffe61af0000 - 0x00007ffe61b2a000 	C:\Users\Roman\Documents\FRC Code\frc-2025-code\build\jni\release\CTRE_SimProTalonFXS.dll
0x00007ffe72870000 - 0x00007ffe7288f000 	C:\Users\Roman\Documents\FRC Code\frc-2025-code\build\jni\release\CTRE_SimProPigeon2.dll
0x00007ffe71c30000 - 0x00007ffe71c4c000 	C:\Users\Roman\Documents\FRC Code\frc-2025-code\build\jni\release\CTRE_SimProCANcoder.dll
0x00007ffe71bb0000 - 0x00007ffe71bcc000 	C:\Users\Roman\Documents\FRC Code\frc-2025-code\build\jni\release\CTRE_SimProCANrange.dll
0x00007ffe3f6b0000 - 0x00007ffe3f8af000 	C:\Users\Roman\Documents\FRC Code\frc-2025-code\build\jni\release\CTRE_Phoenix6_Sim.dll
0x00007ffe61990000 - 0x00007ffe61a21000 	C:\Users\Roman\Documents\FRC Code\frc-2025-code\build\jni\release\wpimathjni.dll
0x00007ffe2f700000 - 0x00007ffe2f90c000 	C:\Users\Roman\Documents\FRC Code\frc-2025-code\build\jni\release\wpimath.dll
0x00007ffe61aa0000 - 0x00007ffe61ae1000 	C:\Users\Public\wpilib\2025\jdk\bin\MSVCP140_2.dll
0x00007ffe2f260000 - 0x00007ffe2f4bd000 	C:\Users\Roman\Documents\FRC Code\frc-2025-code\build\jni\release\grapplefrcdriver.dll
0x00007ffeadcf0000 - 0x00007ffeadcfb000 	C:\Users\Roman\Documents\FRC Code\frc-2025-code\build\jni\release\wpilibio.dll

dbghelp: loaded successfully - version: 4.0.5 - missing functions: none
symbol engine: initialized successfully - sym options: 0x614 - pdb path: .;C:\Users\Public\wpilib\2025\jdk\bin;C:\WINDOWS\SYSTEM32;C:\WINDOWS\WinSxS\amd64_microsoft.windows.common-controls_6595b64144ccf1df_6.0.22621.4541_none_2710d1c57384c085;C:\Users\Public\wpilib\2025\jdk\bin\server;C:\Program Files\National Instruments\Shared\mDNS Responder;C:\Program Files\Bonjour;C:\Users\Roman\Documents\FRC Code\frc-2025-code\build\jni\release

VM Arguments:
jvm_args: -agentlib:jdwp=transport=dt_socket,server=n,suspend=y,address=localhost:49752 -Djava.library.path=C:\Users\Roman\Documents\FRC Code\frc-2025-code\build\jni\release -XX:+ShowCodeDetailsInExceptionMessages 
java_command: frc.robot.Main
java_class_path (initial): C:\Users\Roman\Documents\FRC Code\frc-2025-code\bin\main;C:\Users\Roman\Documents\FRC Code\frc-2025-code\bin\default;C:\Users\Public\wpilib\2025\maven\edu\wpi\first\wpilibj\wpilibj-java\2025.1.1\wpilibj-java-2025.1.1.jar;C:\Users\Public\wpilib\2025\maven\edu\wpi\first\wpimath\wpimath-java\2025.1.1\wpimath-java-2025.1.1.jar;C:\Users\Public\wpilib\2025\maven\edu\wpi\first\ntcore\ntcore-java\2025.1.1\ntcore-java-2025.1.1.jar;C:\Users\Public\wpilib\2025\maven\edu\wpi\first\cscore\cscore-java\2025.1.1\cscore-java-2025.1.1.jar;C:\Users\Public\wpilib\2025\maven\edu\wpi\first\cameraserver\cameraserver-java\2025.1.1\cameraserver-java-2025.1.1.jar;C:\Users\Public\wpilib\2025\maven\edu\wpi\first\hal\hal-java\2025.1.1\hal-java-2025.1.1.jar;C:\Users\Public\wpilib\2025\maven\edu\wpi\first\wpinet\wpinet-java\2025.1.1\wpinet-java-2025.1.1.jar;C:\Users\Public\wpilib\2025\maven\edu\wpi\first\wpiutil\wpiutil-java\2025.1.1\wpiutil-java-2025.1.1.jar;C:\Users\Public\wpilib\2025\maven\edu\wpi\first\apriltag\apriltag-java\2025.1.1\apriltag-java-2025.1.1.jar;C:\Users\Public\wpilib\2025\maven\edu\wpi\first\wpiunits\wpiunits-java\2025.1.1\wpiunits-java-2025.1.1.jar;C:\Users\Public\wpilib\2025\maven\edu\wpi\first\epilogue\epilogue-runtime-java\2025.1.1\epilogue-runtime-java-2025.1.1.jar;C:\Users\Public\wpilib\2025\maven\edu\wpi\first\thirdparty\frc2025\opencv\opencv-java\4.10.0-3\opencv-java-4.10.0-3.jar;C:\Users\Public\wpilib\2025\maven\org\ejml\ejml-simple\0.43.1\ejml-simple-0.43.1.jar;C:\Users\Public\wpilib\2025\maven\com\fasterxml\jackson\core\jackson-core\2.15.2\jackson-core-2.15.2.jar;C:\Users\Public\wpilib\2025\maven\com\fasterxml\jackson\core\jackson-databind\2.15.2\jackson-databind-2.15.2.jar;C:\Users\Public\wpilib\2025\maven\com\fasterxml\jackson\core\jackson-annotations\2.15.2\jackson-annotations-2.15.2.jar;C:\Users\Public\wpilib\2025\maven\us\hebi\quickbuf\quickbuf-runtime\1.3.3\quickbuf-runtime-1.3.3.jar;C:\Users\Public\wpilib\2025\maven\edu\wpi\first\
Launcher Type: SUN_STANDARD

[Global flags]
     intx CICompilerCount                          = 3                                         {product} {ergonomic}
     uint ConcGCThreads                            = 1                                         {product} {ergonomic}
     uint G1ConcRefinementThreads                  = 4                                         {product} {ergonomic}
   size_t G1HeapRegionSize                         = 2097152                                   {product} {ergonomic}
    uintx GCDrainStackTargetSize                   = 64                                        {product} {ergonomic}
   size_t InitialHeapSize                          = 197132288                                 {product} {ergonomic}
   size_t MarkStackSize                            = 4194304                                   {product} {ergonomic}
   size_t MaxHeapSize                              = 3141533696                                {product} {ergonomic}
   size_t MaxNewSize                               = 1883242496                                {product} {ergonomic}
   size_t MinHeapDeltaBytes                        = 2097152                                   {product} {ergonomic}
   size_t MinHeapSize                              = 8388608                                   {product} {ergonomic}
    uintx NonNMethodCodeHeapSize                   = 5832780                                {pd product} {ergonomic}
    uintx NonProfiledCodeHeapSize                  = 122912730                              {pd product} {ergonomic}
    uintx ProfiledCodeHeapSize                     = 122912730                              {pd product} {ergonomic}
    uintx ReservedCodeCacheSize                    = 251658240                              {pd product} {ergonomic}
     bool SegmentedCodeCache                       = true                                      {product} {ergonomic}
     bool ShowCodeDetailsInExceptionMessages       = true                                   {manageable} {command line}
   size_t SoftMaxHeapSize                          = 3141533696                             {manageable} {ergonomic}
     bool UseCompressedClassPointers               = true                           {product lp64_product} {ergonomic}
     bool UseCompressedOops                        = true                           {product lp64_product} {ergonomic}
     bool UseG1GC                                  = true                                      {product} {ergonomic}
     bool UseLargePagesIndividualAllocation        = false                                  {pd product} {ergonomic}

Logging:
Log output configuration:
 #0: stdout all=warning uptime,level,tags
 #1: stderr all=off uptime,level,tags

Environment Variables:
JAVA_HOME=C:\Users\Public\wpilib\2025\jdk
PATH=C:\Users\Roman\Documents\FRC Code\frc-2025-code\build\jni\release;C:\WINDOWS\system32\
USERNAME=Roman
LANG=en_US.UTF-8
OS=Windows_NT
PROCESSOR_IDENTIFIER=Intel64 Family 6 Model 140 Stepping 1, GenuineIntel
TMP=C:\Users\Roman\AppData\Local\Temp
TEMP=C:\Users\Roman\AppData\Local\Temp



Periodic native trim disabled


---------------  S Y S T E M  ---------------

OS:
 Windows 11 , 64 bit Build 22621 (10.0.22621.4391)
OS uptime: 0 days 2:42 hours
Hyper-V role detected

CPU: total 4 (initial active 4) (2 cores per cpu, 2 threads per core) family 6 model 140 stepping 1 microcode 0x86, cx8, cmov, fxsr, ht, mmx, 3dnowpref, sse, sse2, sse3, ssse3, sse4.1, sse4.2, popcnt, lzcnt, tsc, tscinvbit, avx, avx2, aes, erms, clmul, bmi1, bmi2, adx, avx512f, avx512dq, avx512cd, avx512bw, avx512vl, sha, fma, vzeroupper, avx512_vpopcntdq, avx512_vpclmulqdq, avx512_vaes, avx512_vnni, clflush, clflushopt, clwb, avx512_vbmi2, avx512_vbmi, hv
Processor Information for all 4 processors :
  Max Mhz: 2995, Current Mhz: 2995, Mhz Limit: 2995

Memory: 4k page, system-wide physical 11982M (796M free)
TotalPageFile size 20436M (AvailPageFile size 2320M)
current process WorkingSet (physical memory assigned to process): 109M, peak: 109M
current process commit charge ("private bytes"): 339M, peak: 343M

vm_info: OpenJDK 64-Bit Server VM (17.0.12+7) for windows-amd64 JRE (17.0.12+7), built on Jul 16 2024 22:08:24 by "admin" with MS VC++ 16.10 / 16.11 (VS2019)

END.
