#
# A fatal error has been detected by the Java Runtime Environment:
#
#  EXCEPTION_UNCAUGHT_CXX_EXCEPTION (0xe06d7363) at pc=0x00007ffdaca4fb4c, pid=21960, tid=10208
#
# JRE version: OpenJDK Runtime Environment Temurin-17.0.12+7 (17.0.12+7) (build 17.0.12+7)
# Java VM: OpenJDK 64-Bit Server VM Temurin-17.0.12+7 (17.0.12+7, mixed mode, sharing, tiered, compressed oops, compressed class ptrs, g1 gc, windows-amd64)
# Problematic frame:
# C  [KERNELBASE.dll+0x5fb4c]
#
# No core dump will be written. Minidumps are not enabled by default on client versions of Windows
#
# If you would like to submit a bug report, please visit:
#   https://github.com/adoptium/adoptium-support/issues
# The crash happened outside the Java Virtual Machine in native code.
# See problematic frame for where to report the bug.
#

---------------  S U M M A R Y ------------

Command Line: -agentlib:jdwp=transport=dt_socket,server=n,suspend=y,address=localhost:55495 -Djava.library.path=C:\Users\Roman\Documents\FRC Code\frc-2025-code\build\jni\release -XX:+ShowCodeDetailsInExceptionMessages frc.robot.Main

Host: 11th Gen Intel(R) Core(TM) i3-1115G4 @ 3.00GHz, 4 cores, 11G,  Windows 11 , 64 bit Build 22621 (10.0.22621.4391)
Time: Fri Feb 21 19:14:38 2025 Central Standard Time (Mexico) elapsed time: 7.539457 seconds (0d 0h 0m 7s)

---------------  T H R E A D  ---------------

Current thread (0x0000024eed4531f0):  JavaThread "AdvantageKit_LogReceiver" daemon [_thread_in_native, id=10208, stack(0x000000d550100000,0x000000d550200000)]

Stack: [0x000000d550100000,0x000000d550200000],  sp=0x000000d5501fe840,  free space=1018k
Native frames: (J=compiled Java code, j=interpreted, Vv=VM code, C=native code)
C  [KERNELBASE.dll+0x5fb4c]
C  [VCRUNTIME140.dll+0x5267]
C  [wpiutil.dll+0x1a425]

Java frames: (J=compiled Java code, j=interpreted, Vv=VM code)
j  edu.wpi.first.util.datalog.DataLogJNI.fgCreate(Ljava/lang/String;Ljava/lang/String;)J+0
j  edu.wpi.first.util.datalog.DataLogWriter.<init>(Ljava/lang/String;Ljava/lang/String;)V+3
j  org.littletonrobotics.junction.wpilog.WPILOGWriter.start()V+96
j  org.littletonrobotics.junction.ReceiverThread.run()V+28
v  ~StubRoutines::call_stub

siginfo: EXCEPTION_UNCAUGHT_CXX_EXCEPTION (0xe06d7363), ExceptionInformation=0x0000000019930520 0x000000d5501fe9e0 0x00007ffd27b3bd38 0x00007ffd27900000 


Registers:
RAX=0x0000000000000000, RBX=0x00007ffd27b3bd38, RCX=0x0000000000000000, RDX=0x0000000000000000
RSP=0x000000d5501fe840, RBP=0x000000d5501feaf9, RSI=0x000000d5501fe9e0, RDI=0x0000000019930520
R8 =0x0055002d006e0065, R9 =0x0045004b005c0053, R10=0x004c0045004e0052, R11=0x0045005300410042
R12=0x0000000000000000, R13=0x0000000000000000, R14=0x000000d5501feb98, R15=0x0000000000000000
RIP=0x00007ffdaca4fb4c, EFLAGS=0x0000000000000206


Register to memory mapping:

RIP=0x00007ffdaca4fb4c KERNELBASE.dll
RAX=0x0 is NULL
RBX=0x00007ffd27b3bd38 wpiutil.dll
RCX=0x0 is NULL
RDX=0x0 is NULL
RSP=0x000000d5501fe840 is pointing into the stack for thread: 0x0000024eed4531f0
RBP=0x000000d5501feaf9 is pointing into the stack for thread: 0x0000024eed4531f0
RSI=0x000000d5501fe9e0 is pointing into the stack for thread: 0x0000024eed4531f0
RDI=0x0000000019930520 is an unknown value
R8 =0x0055002d006e0065 is an unknown value
R9 =0x0045004b005c0053 is an unknown value
R10=0x004c0045004e0052 is an unknown value
R11=0x0045005300410042 is an unknown value
R12=0x0 is NULL
R13=0x0 is NULL
R14=0x000000d5501feb98 is pointing into the stack for thread: 0x0000024eed4531f0
R15=0x0 is NULL


Top of Stack: (sp=0x000000d5501fe840)
0x000000d5501fe840:   0000000000000004 00007ffd27b3bd38
0x000000d5501fe850:   000000d5501fe9e0 0000024eee44e6e0
0x000000d5501fe860:   00000081e06d7363 0000000000000000
0x000000d5501fe870:   00007ffdaca4fb4c 000000d500000004
0x000000d5501fe880:   0000000019930520 000000d5501fe9e0
0x000000d5501fe890:   00007ffd27b3bd38 00007ffd27900000
0x000000d5501fe8a0:   0000024e00000000 0000000000000000
0x000000d5501fe8b0:   0000000000000000 00007ffd27b3bd38
0x000000d5501fe8c0:   000000d5501feb98 00007ffdaf706bef
0x000000d5501fe8d0:   000000d5501fe940 00007ffd27c73000
0x000000d5501fe8e0:   000000d5501fe9e0 0000000019930520
0x000000d5501fe8f0:   00007ffd27c73000 00007ffd27900000
0x000000d5501fe900:   00000bad3658196e 000000d5501feaf9
0x000000d5501fe910:   00007ffd27b3bd38 00007ffd29435267
0x000000d5501fe920:   0000024eede52450 0000000000000019
0x000000d5501fe930:   000000d5501fe9e0 0000000000000000
0x000000d5501fe940:   00007ffd27900000 0000000019930520
0x000000d5501fe950:   000000d5501fe9e0 00007ffd27b3bd38
0x000000d5501fe960:   00007ffd27900000 000000d5501feb98
0x000000d5501fe970:   000000d5501feb98 00007ffd2791a425
0x000000d5501fe980:   000000d5501fe938 0000000000000040
0x000000d5501fe990:   00007ffd27ae8a74 000000d5501fecb0
0x000000d5501fe9a0:   00000bad00000005 00007ffd27c69010
0x000000d5501fe9b0:   00000bad00000005 00007ffd27c69010
0x000000d5501fe9c0:   0000737574617473 0000000000000000
0x000000d5501fe9d0:   0000000000000006 000000000000000f
0x000000d5501fe9e0:   00007ffd27ae8a58 0000024eede52450
0x000000d5501fe9f0:   0000000000000001 00000bad00000005
0x000000d5501fea00:   00007ffd27c69010 0000024eee44d5d0
0x000000d5501fea10:   0000000000000000 000000000000002c
0x000000d5501fea20:   000000000000002f 0000000000000000
0x000000d5501fea30:   0000000000000000 0000000000000000 

Instructions: (pc=0x00007ffdaca4fb4c)
0x00007ffdaca4fa4c:   ff 4c 8d 05 ec d9 2d 00 33 d2 b9 00 00 10 00 e8
0x00007ffdaca4fa5c:   a0 41 fe ff 4c 8b f0 48 89 44 24 58 48 85 c0 0f
0x00007ffdaca4fa6c:   84 0b fe ff ff 4c 8d 05 10 da 2d 00 33 d2 8d 4a
0x00007ffdaca4fa7c:   02 e8 7e 41 fe ff 48 8b f8 48 89 44 24 50 e9 ed
0x00007ffdaca4fa8c:   fd ff ff 45 33 c0 49 8b d7 48 83 c9 ff e8 c2 a5
0x00007ffdaca4fa9c:   01 00 e9 08 ff ff ff 48 8b 0d e6 c4 30 00 e8 f1
0x00007ffdaca4faac:   c3 fd ff 48 8b cf e8 89 98 fc ff e9 f8 fe ff ff
0x00007ffdaca4fabc:   49 8b ce e8 7c 98 fc ff e9 f4 fe ff ff 48 8b ce
0x00007ffdaca4facc:   e8 6f 98 fc ff e9 f0 fe ff ff cc cc 71 18 d3 7a
0x00007ffdaca4fadc:   1a 87 89 f9 48 81 ec d8 00 00 00 48 8b 05 02 95
0x00007ffdaca4faec:   30 00 48 33 c4 48 89 84 24 c0 00 00 00 48 83 64
0x00007ffdaca4fafc:   24 28 00 48 8d 05 da ff ff ff 83 e2 01 89 4c 24
0x00007ffdaca4fb0c:   20 89 54 24 24 48 89 44 24 30 4d 85 c9 74 4f b8
0x00007ffdaca4fb1c:   0f 00 00 00 48 8d 4c 24 40 44 3b c0 49 8b d1 41
0x00007ffdaca4fb2c:   0f 46 c0 44 8b c0 44 89 44 24 38 49 c1 e0 03 e8
0x00007ffdaca4fb3c:   67 e9 07 00 48 8d 4c 24 20 48 ff 15 a4 14 21 00
0x00007ffdaca4fb4c:   0f 1f 44 00 00 48 8b 8c 24 c0 00 00 00 48 33 cc
0x00007ffdaca4fb5c:   e8 df 0e 05 00 48 81 c4 d8 00 00 00 c3 cc 83 64
0x00007ffdaca4fb6c:   24 38 00 eb cf cc cc cc cc cc cc cc 48 8b c4 48
0x00007ffdaca4fb7c:   89 58 08 48 89 70 10 48 89 78 18 4c 89 68 20 55
0x00007ffdaca4fb8c:   41 56 41 57 48 8d 68 a1 48 81 ec e0 00 00 00 48
0x00007ffdaca4fb9c:   8b 05 4e 94 30 00 48 33 c4 48 89 45 3f 45 33 ff
0x00007ffdaca4fbac:   66 c7 45 2b 00 05 48 8d 45 c7 44 89 7d 27 48 89
0x00007ffdaca4fbbc:   44 24 50 48 8d 4d 27 44 89 7c 24 48 45 33 c9 44
0x00007ffdaca4fbcc:   89 7c 24 40 45 8d 47 12 44 89 7c 24 38 b2 01 44
0x00007ffdaca4fbdc:   89 7c 24 30 41 8b df 44 89 7c 24 28 41 8b ff 44
0x00007ffdaca4fbec:   89 7c 24 20 45 8b f7 44 89 7d 2f 66 c7 45 33 00
0x00007ffdaca4fbfc:   01 44 89 7d 37 66 c7 45 3b 00 10 4c 89 7d c7 4c
0x00007ffdaca4fc0c:   89 7d cf 4c 89 7d d7 4c 89 7d df 48 ff 15 f2 14
0x00007ffdaca4fc1c:   21 00 0f 1f 44 00 00 85 c0 0f 88 a7 02 00 00 48
0x00007ffdaca4fc2c:   8d 45 cf 41 b9 20 02 00 00 48 89 44 24 50 45 8d
0x00007ffdaca4fc3c:   6f 02 44 89 7c 24 48 45 8d 47 20 44 89 7c 24 40 


Stack slot to memory mapping:
stack at sp + 0 slots: 0x0000000000000004 is an unknown value
stack at sp + 1 slots: 0x00007ffd27b3bd38 wpiutil.dll
stack at sp + 2 slots: 0x000000d5501fe9e0 is pointing into the stack for thread: 0x0000024eed4531f0
stack at sp + 3 slots: 0x0000024eee44e6e0 points into unknown readable memory: 0x006c005c003a0046 | 46 00 3a 00 5c 00 6c 00
stack at sp + 4 slots: 0x00000081e06d7363 is an unknown value
stack at sp + 5 slots: 0x0 is NULL
stack at sp + 6 slots: 0x00007ffdaca4fb4c KERNELBASE.dll
stack at sp + 7 slots: 0x000000d500000004 is an unknown value


---------------  P R O C E S S  ---------------

Threads class SMR info:
_java_thread_list=0x0000024eee0e9010, length=25, elements={
0x0000024e873bcc10, 0x0000024ea7305690, 0x0000024ea7306250, 0x0000024ea731cf40,
0x0000024ea731d900, 0x0000024ea73202d0, 0x0000024ea7321430, 0x0000024ea7322970,
0x0000024ea7329870, 0x0000024ea7337120, 0x0000024ea7582e80, 0x0000024ea758eba0,
0x0000024ea758f0a0, 0x0000024ea7591eb0, 0x0000024ea7596ca0, 0x0000024eed0d4fe0,
0x0000024eed4d2540, 0x0000024eed7ac040, 0x0000024eed7fea30, 0x0000024eed9f4190,
0x0000024eedfcdb00, 0x0000024eee048ba0, 0x0000024eed4527d0, 0x0000024eed4518a0,
0x0000024eed4531f0
}

Java Threads: ( => current thread )
  0x0000024e873bcc10 JavaThread "main" [_thread_in_Java, id=16644, stack(0x000000d54ad00000,0x000000d54ae00000)]
  0x0000024ea7305690 JavaThread "Reference Handler" daemon [_thread_blocked, id=19968, stack(0x000000d54b400000,0x000000d54b500000)]
  0x0000024ea7306250 JavaThread "Finalizer" daemon [_thread_blocked, id=13148, stack(0x000000d54b500000,0x000000d54b600000)]
  0x0000024ea731cf40 JavaThread "Signal Dispatcher" daemon [_thread_blocked, id=18280, stack(0x000000d54b600000,0x000000d54b700000)]
  0x0000024ea731d900 JavaThread "Attach Listener" daemon [_thread_blocked, id=10028, stack(0x000000d54b700000,0x000000d54b800000)]
  0x0000024ea73202d0 JavaThread "Service Thread" daemon [_thread_blocked, id=20200, stack(0x000000d54b800000,0x000000d54b900000)]
  0x0000024ea7321430 JavaThread "Monitor Deflation Thread" daemon [_thread_blocked, id=13968, stack(0x000000d54b900000,0x000000d54ba00000)]
  0x0000024ea7322970 JavaThread "C2 CompilerThread0" daemon [_thread_blocked, id=22072, stack(0x000000d54ba00000,0x000000d54bb00000)]
  0x0000024ea7329870 JavaThread "C1 CompilerThread0" daemon [_thread_in_native, id=18204, stack(0x000000d54bb00000,0x000000d54bc00000)]
  0x0000024ea7337120 JavaThread "Sweeper thread" daemon [_thread_blocked, id=8880, stack(0x000000d54bc00000,0x000000d54bd00000)]
  0x0000024ea7582e80 JavaThread "JDWP Transport Listener: dt_socket" daemon [_thread_blocked, id=20152, stack(0x000000d54bd00000,0x000000d54be00000)]
  0x0000024ea758eba0 JavaThread "JDWP Event Helper Thread" daemon [_thread_blocked, id=11488, stack(0x000000d54be00000,0x000000d54bf00000)]
  0x0000024ea758f0a0 JavaThread "JDWP Command Reader" daemon [_thread_in_native, id=20764, stack(0x000000d54bf00000,0x000000d54c000000)]
  0x0000024ea7591eb0 JavaThread "Notification Thread" daemon [_thread_blocked, id=3176, stack(0x000000d54c000000,0x000000d54c100000)]
  0x0000024ea7596ca0 JavaThread "Common-Cleaner" daemon [_thread_blocked, id=18068, stack(0x000000d54c200000,0x000000d54c300000)]
  0x0000024eed0d4fe0 JavaThread "NTListener" daemon [_thread_in_native, id=17896, stack(0x000000d54e800000,0x000000d54e900000)]
  0x0000024eed4d2540 JavaThread "Thread-0" daemon [_thread_in_native, id=21556, stack(0x000000d54e900000,0x000000d54ea00000)]
  0x0000024eed7ac040 JavaThread "Notifier" daemon [_thread_in_native, id=16928, stack(0x000000d54f800000,0x000000d54f900000)]
  0x0000024eed7fea30 JavaThread "Notifier" daemon [_thread_in_native, id=13608, stack(0x000000d54fa00000,0x000000d54fb00000)]
  0x0000024eed9f4190 JavaThread "Cleaner-0" daemon [_thread_blocked, id=4776, stack(0x000000d54fb00000,0x000000d54fc00000)]
  0x0000024eedfcdb00 JavaThread "C2 CompilerThread1" daemon [_thread_blocked, id=19908, stack(0x000000d54fd00000,0x000000d54fe00000)]
  0x0000024eee048ba0 JavaThread "ADStar Planning Thread" daemon [_thread_blocked, id=21272, stack(0x000000d54fe00000,0x000000d54ff00000)]
  0x0000024eed4527d0 JavaThread "Thread-5" [_thread_in_native, id=20348, stack(0x000000d54f900000,0x000000d54fa00000)]
  0x0000024eed4518a0 JavaThread "DataLogDS" daemon [_thread_in_native, id=13692, stack(0x000000d550000000,0x000000d550100000)]
=>0x0000024eed4531f0 JavaThread "AdvantageKit_LogReceiver" daemon [_thread_in_native, id=10208, stack(0x000000d550100000,0x000000d550200000)]

Other Threads:
  0x0000024ea7300440 VMThread "VM Thread" [stack: 0x000000d54b300000,0x000000d54b400000] [id=9888]
  0x0000024ea7592530 WatcherThread [stack: 0x000000d54c100000,0x000000d54c200000] [id=5968]
  0x0000024e8741ba90 GCTaskThread "GC Thread#0" [stack: 0x000000d54ae00000,0x000000d54af00000] [id=22168]
  0x0000024ea7639620 GCTaskThread "GC Thread#1" [stack: 0x000000d54ea00000,0x000000d54eb00000] [id=16192]
  0x0000024ea76385a0 GCTaskThread "GC Thread#2" [stack: 0x000000d54eb00000,0x000000d54ec00000] [id=7760]
  0x0000024ea7638de0 GCTaskThread "GC Thread#3" [stack: 0x000000d54ec00000,0x000000d54ed00000] [id=4380]
  0x0000024e87428520 ConcurrentGCThread "G1 Main Marker" [stack: 0x000000d54af00000,0x000000d54b000000] [id=20304]
  0x0000024e87429f50 ConcurrentGCThread "G1 Conc#0" [stack: 0x000000d54b000000,0x000000d54b100000] [id=3192]
  0x0000024ea71c20c0 ConcurrentGCThread "G1 Refine#0" [stack: 0x000000d54b100000,0x000000d54b200000] [id=15092]
  0x0000024ea71c2af0 ConcurrentGCThread "G1 Service" [stack: 0x000000d54b200000,0x000000d54b300000] [id=17336]

Threads with active compile tasks:
C1 CompilerThread0     7726 2078       3       edu.wpi.first.hal.simulation.SimValueCallback::callbackNative (19 bytes)

VM state: not at safepoint (normal execution)

VM Mutex/Monitor currently owned by a thread: None

Heap address: 0x0000000744c00000, size: 2996 MB, Compressed Oops mode: Zero based, Oop shift amount: 3

CDS archive(s) mapped at: [0x0000024ea8000000-0x0000024ea8bb0000-0x0000024ea8bb0000), size 12255232, SharedBaseAddress: 0x0000024ea8000000, ArchiveRelocationMode: 1.
Compressed class space mapped at: 0x0000024ea9000000-0x0000024ee9000000, reserved size: 1073741824
Narrow klass base: 0x0000024ea8000000, Narrow klass shift: 0, Narrow klass range: 0x100000000

GC Precious Log:
 CPUs: 4 total, 4 available
 Memory: 11982M
 Large Page Support: Disabled
 NUMA Support: Disabled
 Compressed Oops: Enabled (Zero based)
 Heap Region Size: 2M
 Heap Min Capacity: 8M
 Heap Initial Capacity: 188M
 Heap Max Capacity: 2996M
 Pre-touch: Disabled
 Parallel Workers: 4
 Concurrent Workers: 1
 Concurrent Refinement Workers: 4
 Periodic GC: Disabled

Heap:
 garbage-first heap   total 192512K, used 51591K [0x0000000744c00000, 0x0000000800000000)
  region size 2048K, 26 young (53248K), 1 survivors (2048K)
 Metaspace       used 16021K, committed 16320K, reserved 1114112K
  class space    used 1709K, committed 1856K, reserved 1048576K

Heap Regions: E=young(eden), S=young(survivor), O=old, HS=humongous(starts), HC=humongous(continues), CS=collection set, F=free, OA=open archive, CA=closed archive, TAMS=top-at-mark-start (previous, next)
|   0|0x0000000744c00000, 0x0000000744d85a00, 0x0000000744e00000| 76%| O|  |TAMS 0x0000000744c00000, 0x0000000744c00000| Untracked 
|   1|0x0000000744e00000, 0x0000000744e00000, 0x0000000745000000|  0%| F|  |TAMS 0x0000000744e00000, 0x0000000744e00000| Untracked 
|   2|0x0000000745000000, 0x0000000745000000, 0x0000000745200000|  0%| F|  |TAMS 0x0000000745000000, 0x0000000745000000| Untracked 
|   3|0x0000000745200000, 0x0000000745200000, 0x0000000745400000|  0%| F|  |TAMS 0x0000000745200000, 0x0000000745200000| Untracked 
|   4|0x0000000745400000, 0x0000000745400000, 0x0000000745600000|  0%| F|  |TAMS 0x0000000745400000, 0x0000000745400000| Untracked 
|   5|0x0000000745600000, 0x0000000745600000, 0x0000000745800000|  0%| F|  |TAMS 0x0000000745600000, 0x0000000745600000| Untracked 
|   6|0x0000000745800000, 0x0000000745800000, 0x0000000745a00000|  0%| F|  |TAMS 0x0000000745800000, 0x0000000745800000| Untracked 
|   7|0x0000000745a00000, 0x0000000745a00000, 0x0000000745c00000|  0%| F|  |TAMS 0x0000000745a00000, 0x0000000745a00000| Untracked 
|   8|0x0000000745c00000, 0x0000000745c00000, 0x0000000745e00000|  0%| F|  |TAMS 0x0000000745c00000, 0x0000000745c00000| Untracked 
|   9|0x0000000745e00000, 0x0000000745e00000, 0x0000000746000000|  0%| F|  |TAMS 0x0000000745e00000, 0x0000000745e00000| Untracked 
|  10|0x0000000746000000, 0x0000000746000000, 0x0000000746200000|  0%| F|  |TAMS 0x0000000746000000, 0x0000000746000000| Untracked 
|  11|0x0000000746200000, 0x0000000746200000, 0x0000000746400000|  0%| F|  |TAMS 0x0000000746200000, 0x0000000746200000| Untracked 
|  12|0x0000000746400000, 0x0000000746400000, 0x0000000746600000|  0%| F|  |TAMS 0x0000000746400000, 0x0000000746400000| Untracked 
|  13|0x0000000746600000, 0x0000000746600000, 0x0000000746800000|  0%| F|  |TAMS 0x0000000746600000, 0x0000000746600000| Untracked 
|  14|0x0000000746800000, 0x0000000746800000, 0x0000000746a00000|  0%| F|  |TAMS 0x0000000746800000, 0x0000000746800000| Untracked 
|  15|0x0000000746a00000, 0x0000000746a00000, 0x0000000746c00000|  0%| F|  |TAMS 0x0000000746a00000, 0x0000000746a00000| Untracked 
|  16|0x0000000746c00000, 0x0000000746c00000, 0x0000000746e00000|  0%| F|  |TAMS 0x0000000746c00000, 0x0000000746c00000| Untracked 
|  17|0x0000000746e00000, 0x0000000746e00000, 0x0000000747000000|  0%| F|  |TAMS 0x0000000746e00000, 0x0000000746e00000| Untracked 
|  18|0x0000000747000000, 0x0000000747000000, 0x0000000747200000|  0%| F|  |TAMS 0x0000000747000000, 0x0000000747000000| Untracked 
|  19|0x0000000747200000, 0x0000000747200000, 0x0000000747400000|  0%| F|  |TAMS 0x0000000747200000, 0x0000000747200000| Untracked 
|  20|0x0000000747400000, 0x0000000747400000, 0x0000000747600000|  0%| F|  |TAMS 0x0000000747400000, 0x0000000747400000| Untracked 
|  21|0x0000000747600000, 0x0000000747600000, 0x0000000747800000|  0%| F|  |TAMS 0x0000000747600000, 0x0000000747600000| Untracked 
|  22|0x0000000747800000, 0x0000000747800000, 0x0000000747a00000|  0%| F|  |TAMS 0x0000000747800000, 0x0000000747800000| Untracked 
|  23|0x0000000747a00000, 0x0000000747a00000, 0x0000000747c00000|  0%| F|  |TAMS 0x0000000747a00000, 0x0000000747a00000| Untracked 
|  24|0x0000000747c00000, 0x0000000747c00000, 0x0000000747e00000|  0%| F|  |TAMS 0x0000000747c00000, 0x0000000747c00000| Untracked 
|  25|0x0000000747e00000, 0x0000000747e00000, 0x0000000748000000|  0%| F|  |TAMS 0x0000000747e00000, 0x0000000747e00000| Untracked 
|  26|0x0000000748000000, 0x0000000748000000, 0x0000000748200000|  0%| F|  |TAMS 0x0000000748000000, 0x0000000748000000| Untracked 
|  27|0x0000000748200000, 0x0000000748200000, 0x0000000748400000|  0%| F|  |TAMS 0x0000000748200000, 0x0000000748200000| Untracked 
|  28|0x0000000748400000, 0x0000000748400000, 0x0000000748600000|  0%| F|  |TAMS 0x0000000748400000, 0x0000000748400000| Untracked 
|  29|0x0000000748600000, 0x0000000748600000, 0x0000000748800000|  0%| F|  |TAMS 0x0000000748600000, 0x0000000748600000| Untracked 
|  30|0x0000000748800000, 0x0000000748800000, 0x0000000748a00000|  0%| F|  |TAMS 0x0000000748800000, 0x0000000748800000| Untracked 
|  31|0x0000000748a00000, 0x0000000748a00000, 0x0000000748c00000|  0%| F|  |TAMS 0x0000000748a00000, 0x0000000748a00000| Untracked 
|  32|0x0000000748c00000, 0x0000000748c00000, 0x0000000748e00000|  0%| F|  |TAMS 0x0000000748c00000, 0x0000000748c00000| Untracked 
|  33|0x0000000748e00000, 0x0000000748e00000, 0x0000000749000000|  0%| F|  |TAMS 0x0000000748e00000, 0x0000000748e00000| Untracked 
|  34|0x0000000749000000, 0x0000000749000000, 0x0000000749200000|  0%| F|  |TAMS 0x0000000749000000, 0x0000000749000000| Untracked 
|  35|0x0000000749200000, 0x0000000749200000, 0x0000000749400000|  0%| F|  |TAMS 0x0000000749200000, 0x0000000749200000| Untracked 
|  36|0x0000000749400000, 0x0000000749400000, 0x0000000749600000|  0%| F|  |TAMS 0x0000000749400000, 0x0000000749400000| Untracked 
|  37|0x0000000749600000, 0x0000000749600000, 0x0000000749800000|  0%| F|  |TAMS 0x0000000749600000, 0x0000000749600000| Untracked 
|  38|0x0000000749800000, 0x0000000749800000, 0x0000000749a00000|  0%| F|  |TAMS 0x0000000749800000, 0x0000000749800000| Untracked 
|  39|0x0000000749a00000, 0x0000000749a00000, 0x0000000749c00000|  0%| F|  |TAMS 0x0000000749a00000, 0x0000000749a00000| Untracked 
|  40|0x0000000749c00000, 0x0000000749c00000, 0x0000000749e00000|  0%| F|  |TAMS 0x0000000749c00000, 0x0000000749c00000| Untracked 
|  41|0x0000000749e00000, 0x0000000749e00000, 0x000000074a000000|  0%| F|  |TAMS 0x0000000749e00000, 0x0000000749e00000| Untracked 
|  42|0x000000074a000000, 0x000000074a000000, 0x000000074a200000|  0%| F|  |TAMS 0x000000074a000000, 0x000000074a000000| Untracked 
|  43|0x000000074a200000, 0x000000074a200000, 0x000000074a400000|  0%| F|  |TAMS 0x000000074a200000, 0x000000074a200000| Untracked 
|  44|0x000000074a400000, 0x000000074a400000, 0x000000074a600000|  0%| F|  |TAMS 0x000000074a400000, 0x000000074a400000| Untracked 
|  45|0x000000074a600000, 0x000000074a600000, 0x000000074a800000|  0%| F|  |TAMS 0x000000074a600000, 0x000000074a600000| Untracked 
|  46|0x000000074a800000, 0x000000074a800000, 0x000000074aa00000|  0%| F|  |TAMS 0x000000074a800000, 0x000000074a800000| Untracked 
|  47|0x000000074aa00000, 0x000000074aa00000, 0x000000074ac00000|  0%| F|  |TAMS 0x000000074aa00000, 0x000000074aa00000| Untracked 
|  48|0x000000074ac00000, 0x000000074ac00000, 0x000000074ae00000|  0%| F|  |TAMS 0x000000074ac00000, 0x000000074ac00000| Untracked 
|  49|0x000000074ae00000, 0x000000074ae00000, 0x000000074b000000|  0%| F|  |TAMS 0x000000074ae00000, 0x000000074ae00000| Untracked 
|  50|0x000000074b000000, 0x000000074b000000, 0x000000074b200000|  0%| F|  |TAMS 0x000000074b000000, 0x000000074b000000| Untracked 
|  51|0x000000074b200000, 0x000000074b200000, 0x000000074b400000|  0%| F|  |TAMS 0x000000074b200000, 0x000000074b200000| Untracked 
|  52|0x000000074b400000, 0x000000074b400000, 0x000000074b600000|  0%| F|  |TAMS 0x000000074b400000, 0x000000074b400000| Untracked 
|  53|0x000000074b600000, 0x000000074b600000, 0x000000074b800000|  0%| F|  |TAMS 0x000000074b600000, 0x000000074b600000| Untracked 
|  54|0x000000074b800000, 0x000000074b800000, 0x000000074ba00000|  0%| F|  |TAMS 0x000000074b800000, 0x000000074b800000| Untracked 
|  55|0x000000074ba00000, 0x000000074ba00000, 0x000000074bc00000|  0%| F|  |TAMS 0x000000074ba00000, 0x000000074ba00000| Untracked 
|  56|0x000000074bc00000, 0x000000074bc00000, 0x000000074be00000|  0%| F|  |TAMS 0x000000074bc00000, 0x000000074bc00000| Untracked 
|  57|0x000000074be00000, 0x000000074be00000, 0x000000074c000000|  0%| F|  |TAMS 0x000000074be00000, 0x000000074be00000| Untracked 
|  58|0x000000074c000000, 0x000000074c000000, 0x000000074c200000|  0%| F|  |TAMS 0x000000074c000000, 0x000000074c000000| Untracked 
|  59|0x000000074c200000, 0x000000074c200000, 0x000000074c400000|  0%| F|  |TAMS 0x000000074c200000, 0x000000074c200000| Untracked 
|  60|0x000000074c400000, 0x000000074c400000, 0x000000074c600000|  0%| F|  |TAMS 0x000000074c400000, 0x000000074c400000| Untracked 
|  61|0x000000074c600000, 0x000000074c600000, 0x000000074c800000|  0%| F|  |TAMS 0x000000074c600000, 0x000000074c600000| Untracked 
|  62|0x000000074c800000, 0x000000074c800000, 0x000000074ca00000|  0%| F|  |TAMS 0x000000074c800000, 0x000000074c800000| Untracked 
|  63|0x000000074ca00000, 0x000000074ca00000, 0x000000074cc00000|  0%| F|  |TAMS 0x000000074ca00000, 0x000000074ca00000| Untracked 
|  64|0x000000074cc00000, 0x000000074cc00000, 0x000000074ce00000|  0%| F|  |TAMS 0x000000074cc00000, 0x000000074cc00000| Untracked 
|  65|0x000000074ce00000, 0x000000074ce00000, 0x000000074d000000|  0%| F|  |TAMS 0x000000074ce00000, 0x000000074ce00000| Untracked 
|  66|0x000000074d000000, 0x000000074d000000, 0x000000074d200000|  0%| F|  |TAMS 0x000000074d000000, 0x000000074d000000| Untracked 
|  67|0x000000074d200000, 0x000000074d200000, 0x000000074d400000|  0%| F|  |TAMS 0x000000074d200000, 0x000000074d200000| Untracked 
|  68|0x000000074d400000, 0x000000074d58b8e8, 0x000000074d600000| 77%| E|  |TAMS 0x000000074d400000, 0x000000074d400000| Complete 
|  69|0x000000074d600000, 0x000000074d800000, 0x000000074d800000|100%| E|CS|TAMS 0x000000074d600000, 0x000000074d600000| Complete 
|  70|0x000000074d800000, 0x000000074da00000, 0x000000074da00000|100%| E|CS|TAMS 0x000000074d800000, 0x000000074d800000| Complete 
|  71|0x000000074da00000, 0x000000074dc00000, 0x000000074dc00000|100%| E|CS|TAMS 0x000000074da00000, 0x000000074da00000| Complete 
|  72|0x000000074dc00000, 0x000000074de00000, 0x000000074de00000|100%| E|CS|TAMS 0x000000074dc00000, 0x000000074dc00000| Complete 
|  73|0x000000074de00000, 0x000000074e000000, 0x000000074e000000|100%| E|CS|TAMS 0x000000074de00000, 0x000000074de00000| Complete 
|  74|0x000000074e000000, 0x000000074e200000, 0x000000074e200000|100%| E|CS|TAMS 0x000000074e000000, 0x000000074e000000| Complete 
|  75|0x000000074e200000, 0x000000074e400000, 0x000000074e400000|100%| E|CS|TAMS 0x000000074e200000, 0x000000074e200000| Complete 
|  76|0x000000074e400000, 0x000000074e600000, 0x000000074e600000|100%| E|CS|TAMS 0x000000074e400000, 0x000000074e400000| Complete 
|  77|0x000000074e600000, 0x000000074e800000, 0x000000074e800000|100%| E|CS|TAMS 0x000000074e600000, 0x000000074e600000| Complete 
|  78|0x000000074e800000, 0x000000074ea00000, 0x000000074ea00000|100%| E|CS|TAMS 0x000000074e800000, 0x000000074e800000| Complete 
|  79|0x000000074ea00000, 0x000000074ec00000, 0x000000074ec00000|100%| E|CS|TAMS 0x000000074ea00000, 0x000000074ea00000| Complete 
|  80|0x000000074ec00000, 0x000000074ee00000, 0x000000074ee00000|100%| E|CS|TAMS 0x000000074ec00000, 0x000000074ec00000| Complete 
|  81|0x000000074ee00000, 0x000000074f000000, 0x000000074f000000|100%| E|CS|TAMS 0x000000074ee00000, 0x000000074ee00000| Complete 
|  82|0x000000074f000000, 0x000000074f200000, 0x000000074f200000|100%| E|CS|TAMS 0x000000074f000000, 0x000000074f000000| Complete 
|  83|0x000000074f200000, 0x000000074f400000, 0x000000074f400000|100%| E|CS|TAMS 0x000000074f200000, 0x000000074f200000| Complete 
|  84|0x000000074f400000, 0x000000074f600000, 0x000000074f600000|100%| E|CS|TAMS 0x000000074f400000, 0x000000074f400000| Complete 
|  85|0x000000074f600000, 0x000000074f6dc520, 0x000000074f800000| 43%| S|CS|TAMS 0x000000074f600000, 0x000000074f600000| Complete 
|  86|0x000000074f800000, 0x000000074fa00000, 0x000000074fa00000|100%| E|CS|TAMS 0x000000074f800000, 0x000000074f800000| Complete 
|  87|0x000000074fa00000, 0x000000074fc00000, 0x000000074fc00000|100%| E|CS|TAMS 0x000000074fa00000, 0x000000074fa00000| Complete 
|  88|0x000000074fc00000, 0x000000074fe00000, 0x000000074fe00000|100%| E|CS|TAMS 0x000000074fc00000, 0x000000074fc00000| Complete 
|  89|0x000000074fe00000, 0x0000000750000000, 0x0000000750000000|100%| E|CS|TAMS 0x000000074fe00000, 0x000000074fe00000| Complete 
|  90|0x0000000750000000, 0x0000000750200000, 0x0000000750200000|100%| E|CS|TAMS 0x0000000750000000, 0x0000000750000000| Complete 
|  91|0x0000000750200000, 0x0000000750400000, 0x0000000750400000|100%| E|CS|TAMS 0x0000000750200000, 0x0000000750200000| Complete 
|  92|0x0000000750400000, 0x0000000750600000, 0x0000000750600000|100%| E|CS|TAMS 0x0000000750400000, 0x0000000750400000| Complete 
|  93|0x0000000750600000, 0x0000000750800000, 0x0000000750800000|100%| E|CS|TAMS 0x0000000750600000, 0x0000000750600000| Complete 

Card table byte_map: [0x0000024e9e4d0000,0x0000024e9eab0000] _byte_map_base: 0x0000024e9aaaa000

Marking Bits (Prev, Next): (CMBitMap*) 0x0000024e8741c0b0, (CMBitMap*) 0x0000024e8741c0f0
 Prev Bits: [0x0000024e9f090000, 0x0000024ea1f60000)
 Next Bits: [0x0000024ea1f60000, 0x0000024ea4e30000)

Polling page: 0x0000024e86b70000

Metaspace:

Usage:
  Non-class:     13.99 MB used.
      Class:      1.67 MB used.
       Both:     15.66 MB used.

Virtual space:
  Non-class space:       64.00 MB reserved,      14.12 MB ( 22%) committed,  1 nodes.
      Class space:        1.00 GB reserved,       1.81 MB ( <1%) committed,  1 nodes.
             Both:        1.06 GB reserved,      15.94 MB (  1%) committed. 

Chunk freelists:
   Non-Class:  976.00 KB
       Class:  14.04 MB
        Both:  14.99 MB

MaxMetaspaceSize: unlimited
CompressedClassSpaceSize: 1.00 GB
Initial GC threshold: 21.00 MB
Current GC threshold: 21.00 MB
CDS: on
MetaspaceReclaimPolicy: balanced
 - commit_granule_bytes: 65536.
 - commit_granule_words: 8192.
 - virtual_space_node_default_size: 8388608.
 - enlarge_chunks_in_place: 1.
 - new_chunks_are_fully_committed: 0.
 - uncommit_free_chunks: 1.
 - use_allocation_guard: 0.
 - handle_deallocations: 1.


Internal statistics:

num_allocs_failed_limit: 0.
num_arena_births: 348.
num_arena_deaths: 0.
num_vsnodes_births: 2.
num_vsnodes_deaths: 0.
num_space_committed: 255.
num_space_uncommitted: 0.
num_chunks_returned_to_freelist: 0.
num_chunks_taken_from_freelist: 920.
num_chunk_merges: 0.
num_chunk_splits: 644.
num_chunks_enlarged: 485.
num_inconsistent_stats: 0.

CodeHeap 'non-profiled nmethods': size=120000Kb used=1196Kb max_used=1196Kb free=118803Kb
 bounds [0x0000024e969c0000, 0x0000024e96c30000, 0x0000024e9def0000]
CodeHeap 'profiled nmethods': size=120000Kb used=3900Kb max_used=3900Kb free=116099Kb
 bounds [0x0000024e8eef0000, 0x0000024e8f2c0000, 0x0000024e96420000]
CodeHeap 'non-nmethods': size=5760Kb used=1389Kb max_used=1447Kb free=4370Kb
 bounds [0x0000024e96420000, 0x0000024e96690000, 0x0000024e969c0000]
 total_blobs=2723 nmethods=2090 adapters=545
 compilation: enabled
              stopped_count=0, restarted_count=0
 full_count=0

Compilation events (20 events):
Event: 6.887 Thread 0x0000024ea7329870 nmethod 1959 0x0000024e8f281110 code [0x0000024e8f2812e0, 0x0000024e8f2817f8]
Event: 6.904 Thread 0x0000024ea7329870 1960       3       java.lang.Module::isStaticallyExportedOrOpen (70 bytes)
Event: 6.904 Thread 0x0000024ea7329870 nmethod 1960 0x0000024e8f281990 code [0x0000024e8f281ba0, 0x0000024e8f282298]
Event: 6.905 Thread 0x0000024ea7329870 1961       3       java.util.concurrent.ConcurrentHashMap::sumCount (60 bytes)
Event: 6.905 Thread 0x0000024ea7329870 nmethod 1961 0x0000024e8f282490 code [0x0000024e8f282640, 0x0000024e8f2828b8]
Event: 6.905 Thread 0x0000024ea7329870 1962       3       java.lang.String::substring (10 bytes)
Event: 6.906 Thread 0x0000024ea7329870 nmethod 1962 0x0000024e8f282a10 code [0x0000024e8f282bc0, 0x0000024e8f282e08]
Event: 6.907 Thread 0x0000024ea7322970 1963       4       java.util.HashSet::add (20 bytes)
Event: 6.908 Thread 0x0000024ea7329870 1964       3       java.lang.invoke.LambdaForm$MH/0x0000024ea901b800::invoke (27 bytes)
Event: 6.909 Thread 0x0000024ea7329870 nmethod 1964 0x0000024e8f282f10 code [0x0000024e8f2830c0, 0x0000024e8f283498]
Event: 6.909 Thread 0x0000024ea7329870 1965       3       java.lang.reflect.Method::getRoot (5 bytes)
Event: 6.909 Thread 0x0000024ea7329870 nmethod 1965 0x0000024e8f283610 code [0x0000024e8f2837a0, 0x0000024e8f2838b8]
Event: 6.909 Thread 0x0000024ea7329870 1966       1       java.lang.reflect.Method::getAnnotationBytes (5 bytes)
Event: 6.909 Thread 0x0000024ea7329870 nmethod 1966 0x0000024e96ac2d90 code [0x0000024e96ac2f20, 0x0000024e96ac2ff8]
Event: 6.909 Thread 0x0000024ea7322970 nmethod 1963 0x0000024e96ac3090 code [0x0000024e96ac3240, 0x0000024e96ac34d8]
Event: 6.909 Thread 0x0000024ea7329870 1967       3       java.lang.StringBuilder::append (6 bytes)
Event: 6.909 Thread 0x0000024ea7329870 nmethod 1967 0x0000024e8f283990 code [0x0000024e8f283b40, 0x0000024e8f283ce8]
Event: 6.909 Thread 0x0000024ea7329870 1968       3       java.lang.StringBuilder::<init> (6 bytes)
Event: 6.909 Thread 0x0000024ea7329870 nmethod 1968 0x0000024e8f283d90 code [0x0000024e8f283f20, 0x0000024e8f284068]
Event: 6.909 Thread 0x0000024ea7329870 1969       3       java.lang.AbstractStringBuilder::<init> (63 bytes)

GC Heap History (4 events):
Event: 1.686 GC heap before
{Heap before GC invocations=0 (full 0):
 garbage-first heap   total 192512K, used 12288K [0x0000000744c00000, 0x0000000800000000)
  region size 2048K, 6 young (12288K), 0 survivors (0K)
 Metaspace       used 4402K, committed 4608K, reserved 1114112K
  class space    used 412K, committed 512K, reserved 1048576K
}
Event: 1.703 GC heap after
{Heap after GC invocations=1 (full 0):
 garbage-first heap   total 192512K, used 1570K [0x0000000744c00000, 0x0000000800000000)
  region size 2048K, 1 young (2048K), 1 survivors (2048K)
 Metaspace       used 4402K, committed 4608K, reserved 1114112K
  class space    used 412K, committed 512K, reserved 1048576K
}
Event: 4.339 GC heap before
{Heap before GC invocations=1 (full 0):
 garbage-first heap   total 192512K, used 15906K [0x0000000744c00000, 0x0000000800000000)
  region size 2048K, 8 young (16384K), 1 survivors (2048K)
 Metaspace       used 7725K, committed 7872K, reserved 1114112K
  class space    used 754K, committed 832K, reserved 1048576K
}
Event: 4.343 GC heap after
{Heap after GC invocations=2 (full 0):
 garbage-first heap   total 192512K, used 2439K [0x0000000744c00000, 0x0000000800000000)
  region size 2048K, 1 young (2048K), 1 survivors (2048K)
 Metaspace       used 7725K, committed 7872K, reserved 1114112K
  class space    used 754K, committed 832K, reserved 1048576K
}

Dll operation events (16 events):
Event: 0.014 Loaded shared library C:\Users\Public\wpilib\2025\jdk\bin\java.dll
Event: 0.046 Loaded shared library C:\Users\Public\wpilib\2025\jdk\bin\jsvml.dll
Event: 0.351 Loaded shared library C:\Users\Public\wpilib\2025\jdk\bin\net.dll
Event: 0.364 Loaded shared library C:\Users\Public\wpilib\2025\jdk\bin\nio.dll
Event: 0.373 Loaded shared library C:\Users\Public\wpilib\2025\jdk\bin\zip.dll
Event: 0.486 Loaded shared library C:\Users\Roman\Documents\FRC Code\frc-2025-code\build\jni\release\wpiutiljni.dll
Event: 0.516 Loaded shared library C:\Users\Roman\Documents\FRC Code\frc-2025-code\build\jni\release\wpiHaljni.dll
Event: 0.761 Loaded shared library C:\Users\Roman\Documents\FRC Code\frc-2025-code\build\jni\release\ntcorejni.dll
Event: 1.147 Loaded shared library C:\Users\Public\wpilib\2025\jdk\bin\management.dll
Event: 1.155 Loaded shared library C:\Users\Public\wpilib\2025\jdk\bin\management_ext.dll
Event: 1.733 Loaded shared library C:\Users\Roman\Documents\FRC Code\frc-2025-code\build\jni\release\CTRE_PhoenixTools_Sim.dll
Event: 1.737 Loaded shared library C:\Users\Roman\Documents\FRC Code\frc-2025-code\build\jni\release\CTRE_Phoenix6_Sim.dll
Event: 3.472 Loaded shared library C:\Users\Roman\Documents\FRC Code\frc-2025-code\build\jni\release\wpimathjni.dll
Event: 3.951 Loaded shared library C:\Users\Roman\Documents\FRC Code\frc-2025-code\build\jni\release\grapplefrcdriver.dll
Event: 4.336 Loaded shared library C:\Users\Roman\Documents\FRC Code\frc-2025-code\build\jni\release\REVLibDriver.dll
Event: 4.686 Loaded shared library C:\Users\Public\wpilib\2025\jdk\bin\jimage.dll

Deoptimization events (20 events):
Event: 6.270 Thread 0x0000024eee048ba0 DEOPT PACKING pc=0x0000024e96a54a34 sp=0x000000d54fefed30
Event: 6.270 Thread 0x0000024eee048ba0 DEOPT UNPACKING pc=0x0000024e9647a1a3 sp=0x000000d54fefecc8 mode 2
Event: 6.556 Thread 0x0000024eee048ba0 DEOPT PACKING pc=0x0000024e8f237f1c sp=0x000000d54fefec80
Event: 6.556 Thread 0x0000024eee048ba0 DEOPT UNPACKING pc=0x0000024e9647ace3 sp=0x000000d54fefe368 mode 0
Event: 6.676 Thread 0x0000024e873bcc10 Uncommon trap: trap_request=0xffffff45 fr.pc=0x0000024e96a3ec58 relative=0x00000000000001d8
Event: 6.676 Thread 0x0000024e873bcc10 Uncommon trap: reason=unstable_if action=reinterpret pc=0x0000024e96a3ec58 method=java.lang.String.indexOf(Ljava/lang/String;)I @ 10 c2
Event: 6.676 Thread 0x0000024e873bcc10 DEOPT PACKING pc=0x0000024e96a3ec58 sp=0x000000d54adff0e0
Event: 6.676 Thread 0x0000024e873bcc10 DEOPT UNPACKING pc=0x0000024e9647a1a3 sp=0x000000d54adff080 mode 2
Event: 6.676 Thread 0x0000024e873bcc10 Uncommon trap: trap_request=0xffffff45 fr.pc=0x0000024e969e8040 relative=0x0000000000000520
Event: 6.676 Thread 0x0000024e873bcc10 Uncommon trap: reason=unstable_if action=reinterpret pc=0x0000024e969e8040 method=java.lang.AbstractStringBuilder.putStringAt(ILjava/lang/String;II)V @ 8 c2
Event: 6.676 Thread 0x0000024e873bcc10 DEOPT PACKING pc=0x0000024e969e8040 sp=0x000000d54adff060
Event: 6.676 Thread 0x0000024e873bcc10 DEOPT UNPACKING pc=0x0000024e9647a1a3 sp=0x000000d54adfef28 mode 2
Event: 6.676 Thread 0x0000024e873bcc10 Uncommon trap: trap_request=0xffffff45 fr.pc=0x0000024e969e72b0 relative=0x0000000000000510
Event: 6.676 Thread 0x0000024e873bcc10 Uncommon trap: reason=unstable_if action=reinterpret pc=0x0000024e969e72b0 method=java.lang.AbstractStringBuilder.putStringAt(ILjava/lang/String;II)V @ 8 c2
Event: 6.676 Thread 0x0000024e873bcc10 DEOPT PACKING pc=0x0000024e969e72b0 sp=0x000000d54adff000
Event: 6.676 Thread 0x0000024e873bcc10 DEOPT UNPACKING pc=0x0000024e9647a1a3 sp=0x000000d54adfef20 mode 2
Event: 6.676 Thread 0x0000024e873bcc10 Uncommon trap: trap_request=0xffffff45 fr.pc=0x0000024e96a5f78c relative=0x00000000000003ec
Event: 6.676 Thread 0x0000024e873bcc10 Uncommon trap: reason=unstable_if action=reinterpret pc=0x0000024e96a5f78c method=java.lang.StringBuilder.toString()Ljava/lang/String; @ 4 c2
Event: 6.676 Thread 0x0000024e873bcc10 DEOPT PACKING pc=0x0000024e96a5f78c sp=0x000000d54adff0a0
Event: 6.676 Thread 0x0000024e873bcc10 DEOPT UNPACKING pc=0x0000024e9647a1a3 sp=0x000000d54adff090 mode 2

Classes loaded (20 events):
Event: 6.851 Loading class java/util/InputMismatchException
Event: 6.851 Loading class java/util/InputMismatchException done
Event: 6.855 Loading class java/nio/DirectLongBufferRU
Event: 6.855 Loading class java/nio/DirectLongBufferRU done
Event: 6.856 Loading class java/nio/DirectFloatBufferRU
Event: 6.856 Loading class java/nio/DirectFloatBufferU
Event: 6.856 Loading class java/nio/FloatBuffer
Event: 6.856 Loading class java/nio/FloatBuffer done
Event: 6.856 Loading class java/nio/DirectFloatBufferU done
Event: 6.856 Loading class java/nio/DirectFloatBufferRU done
Event: 6.869 Loading class java/nio/DirectDoubleBufferRU
Event: 6.869 Loading class java/nio/DirectDoubleBufferU
Event: 6.869 Loading class java/nio/DoubleBuffer
Event: 6.869 Loading class java/nio/DoubleBuffer done
Event: 6.869 Loading class java/nio/DirectDoubleBufferU done
Event: 6.869 Loading class java/nio/DirectDoubleBufferRU done
Event: 6.873 Loading class jdk/internal/misc/ScopedMemoryAccess$Scope
Event: 6.874 Loading class jdk/internal/misc/ScopedMemoryAccess$Scope done
Event: 6.909 Loading class java/lang/Deprecated
Event: 6.909 Loading class java/lang/Deprecated done

Classes unloaded (0 events):
No events

Classes redefined (0 events):
No events

Internal exceptions (20 events):
Event: 6.036 Thread 0x0000024e873bcc10 Exception <a 'java/lang/NoSuchMethodError'{0x000000074e6fff08}: 'int java.lang.invoke.DirectMethodHandle$Holder.invokeVirtual(java.lang.Object, java.lang.Object, java.lang.Object)'> (0x000000074e6fff08) 
thrown [s\src\hotspot\share\interpreter\linkResolver.cpp, line 759]
Event: 6.039 Thread 0x0000024e873bcc10 Exception <a 'java/lang/NoSuchMethodError'{0x000000074e704568}: 'int java.lang.invoke.DirectMethodHandle$Holder.invokeStaticInit(java.lang.Object, java.lang.Object, java.lang.Object)'> (0x000000074e704568) 
thrown [s\src\hotspot\share\interpreter\linkResolver.cpp, line 759]
Event: 6.040 Thread 0x0000024e873bcc10 Exception <a 'java/lang/NoSuchMethodError'{0x000000074e707e18}: 'int java.lang.invoke.DirectMethodHandle$Holder.invokeStaticInit(java.lang.Object, int, int)'> (0x000000074e707e18) 
thrown [s\src\hotspot\share\interpreter\linkResolver.cpp, line 759]
Event: 6.041 Thread 0x0000024e873bcc10 Exception <a 'java/lang/NoSuchMethodError'{0x000000074e70f608}: 'int java.lang.invoke.DirectMethodHandle$Holder.invokeStaticInit(java.lang.Object, long, long)'> (0x000000074e70f608) 
thrown [s\src\hotspot\share\interpreter\linkResolver.cpp, line 759]
Event: 6.041 Thread 0x0000024e873bcc10 Exception <a 'java/lang/NoSuchMethodError'{0x000000074e716458}: 'int java.lang.invoke.DirectMethodHandle$Holder.invokeStaticInit(java.lang.Object, float, float)'> (0x000000074e716458) 
thrown [s\src\hotspot\share\interpreter\linkResolver.cpp, line 759]
Event: 6.042 Thread 0x0000024e873bcc10 Exception <a 'java/lang/NoSuchMethodError'{0x000000074e71d2b0}: 'int java.lang.invoke.DirectMethodHandle$Holder.invokeStaticInit(java.lang.Object, double, double)'> (0x000000074e71d2b0) 
thrown [s\src\hotspot\share\interpreter\linkResolver.cpp, line 759]
Event: 6.042 Thread 0x0000024e873bcc10 Exception <a 'java/lang/NoSuchMethodError'{0x000000074e7218b8}: 'int java.lang.invoke.DirectMethodHandle$Holder.invokeStatic(java.lang.Object, long)'> (0x000000074e7218b8) 
thrown [s\src\hotspot\share\interpreter\linkResolver.cpp, line 759]
Event: 6.056 Thread 0x0000024e873bcc10 Exception <a 'java/lang/NoSuchMethodError'{0x000000074e736818}: 'int java.lang.invoke.DirectMethodHandle$Holder.invokeSpecial(java.lang.Object, java.lang.Object, int)'> (0x000000074e736818) 
thrown [s\src\hotspot\share\interpreter\linkResolver.cpp, line 759]
Event: 6.058 Thread 0x0000024e873bcc10 Exception <a 'java/lang/NoSuchMethodError'{0x000000074e74bd60}: 'int java.lang.invoke.Invokers$Holder.linkToTargetMethod(java.lang.Object, java.lang.Object)'> (0x000000074e74bd60) 
thrown [s\src\hotspot\share\interpreter\linkResolver.cpp, line 759]
Event: 6.135 Thread 0x0000024e873bcc10 Exception <a 'java/lang/NoSuchMethodError'{0x000000074e791700}: 'int java.lang.invoke.DirectMethodHandle$Holder.invokeSpecial(java.lang.Object, java.lang.Object, java.lang.Object, java.lang.Object)'> (0x000000074e791700) 
thrown [s\src\hotspot\share\interpreter\linkResolver.cpp, line 759]
Event: 6.138 Thread 0x0000024e873bcc10 Exception <a 'java/lang/NoSuchMethodError'{0x000000074e7a3018}: 'java.lang.Object java.lang.invoke.DirectMethodHandle$Holder.invokeStatic(java.lang.Object, int, java.lang.Object, java.lang.Object)'> (0x000000074e7a3018) 
thrown [s\src\hotspot\share\interpreter\linkResolver.cpp, line 759]
Event: 6.138 Thread 0x0000024e873bcc10 Exception <a 'java/lang/NoSuchMethodError'{0x000000074e7a7160}: 'java.lang.Object java.lang.invoke.DirectMethodHandle$Holder.invokeSpecial(java.lang.Object, java.lang.Object, int, java.lang.Object, java.lang.Object)'> (0x000000074e7a7160) 
thrown [s\src\hotspot\share\interpreter\linkResolver.cpp, line 759]
Event: 6.138 Thread 0x0000024e873bcc10 Exception <a 'java/lang/NoSuchMethodError'{0x000000074e7aad50}: 'java.lang.Object java.lang.invoke.DelegatingMethodHandle$Holder.delegate(java.lang.Object, int, java.lang.Object, java.lang.Object)'> (0x000000074e7aad50) 
thrown [s\src\hotspot\share\interpreter\linkResolver.cpp, line 759]
Event: 6.152 Thread 0x0000024e873bcc10 Exception <a 'java/lang/NoSuchMethodError'{0x000000074e7bb7a8}: 'int java.lang.invoke.Invokers$Holder.linkToTargetMethod(java.lang.Object, java.lang.Object, java.lang.Object)'> (0x000000074e7bb7a8) 
thrown [s\src\hotspot\share\interpreter\linkResolver.cpp, line 759]
Event: 6.238 Thread 0x0000024e873bcc10 Exception <a 'java/lang/NoSuchMethodError'{0x000000074e4c9208}: 'java.lang.Object java.lang.invoke.DirectMethodHandle$Holder.newInvokeSpecial(java.lang.Object, java.lang.Object, int, int)'> (0x000000074e4c9208) 
thrown [s\src\hotspot\share\interpreter\linkResolver.cpp, line 759]
Event: 6.238 Thread 0x0000024e873bcc10 Exception <a 'java/lang/NoSuchMethodError'{0x000000074e4cd140}: 'java.lang.Object java.lang.invoke.DirectMethodHandle$Holder.invokeSpecial(java.lang.Object, java.lang.Object, java.lang.Object, int, int)'> (0x000000074e4cd140) 
thrown [s\src\hotspot\share\interpreter\linkResolver.cpp, line 759]
Event: 6.239 Thread 0x0000024e873bcc10 Exception <a 'java/lang/NoSuchMethodError'{0x000000074e4d42e8}: 'void java.lang.invoke.DirectMethodHandle$Holder.invokeSpecial(java.lang.Object, java.lang.Object, double)'> (0x000000074e4d42e8) 
thrown [s\src\hotspot\share\interpreter\linkResolver.cpp, line 759]
Event: 6.239 Thread 0x0000024e873bcc10 Exception <a 'java/lang/NoSuchMethodError'{0x000000074e4da090}: 'java.lang.Object java.lang.invoke.DirectMethodHandle$Holder.newInvokeSpecial(java.lang.Object, java.lang.Object, double)'> (0x000000074e4da090) 
thrown [s\src\hotspot\share\interpreter\linkResolver.cpp, line 759]
Event: 6.266 Thread 0x0000024e873bcc10 Implicit null exception at 0x0000024e96a568d8 to 0x0000024e96a5696e
Event: 6.816 Thread 0x0000024e873bcc10 Exception <a 'java/lang/NoSuchMethodError'{0x000000074e58abf8}: 'java.lang.Object java.lang.invoke.Invokers$Holder.invoke_MT(java.lang.Object, java.lang.Object, java.lang.Object)'> (0x000000074e58abf8) 
thrown [s\src\hotspot\share\interpreter\linkResolver.cpp, line 759]

VM Operations (20 events):
Event: 4.885 Executing VM operation: HandshakeAllThreads
Event: 4.885 Executing VM operation: HandshakeAllThreads done
Event: 4.965 Executing VM operation: HandshakeAllThreads
Event: 4.965 Executing VM operation: HandshakeAllThreads done
Event: 5.470 Executing VM operation: HandshakeAllThreads
Event: 5.470 Executing VM operation: HandshakeAllThreads done
Event: 5.470 Executing VM operation: Cleanup
Event: 5.470 Executing VM operation: Cleanup done
Event: 5.776 Executing VM operation: ChangeBreakpoints
Event: 5.779 Executing VM operation: ChangeBreakpoints done
Event: 6.000 Executing VM operation: HandshakeAllThreads
Event: 6.000 Executing VM operation: HandshakeAllThreads done
Event: 6.001 Executing VM operation: HandshakeAllThreads
Event: 6.001 Executing VM operation: HandshakeAllThreads done
Event: 6.001 Executing VM operation: HandshakeAllThreads
Event: 6.001 Executing VM operation: HandshakeAllThreads done
Event: 6.014 Executing VM operation: HandshakeAllThreads
Event: 6.014 Executing VM operation: HandshakeAllThreads done
Event: 6.553 Executing VM operation: HandshakeAllThreads
Event: 6.587 Executing VM operation: HandshakeAllThreads done

Events (20 events):
Event: 0.065 Thread 0x0000024ea73202d0 Thread added: 0x0000024ea73202d0
Event: 0.065 Thread 0x0000024ea7321430 Thread added: 0x0000024ea7321430
Event: 0.065 Thread 0x0000024ea7322970 Thread added: 0x0000024ea7322970
Event: 0.065 Thread 0x0000024ea7329870 Thread added: 0x0000024ea7329870
Event: 0.065 Thread 0x0000024ea7337120 Thread added: 0x0000024ea7337120
Event: 0.129 Thread 0x0000024ea7582e80 Thread added: 0x0000024ea7582e80
Event: 0.129 Thread 0x0000024ea758eba0 Thread added: 0x0000024ea758eba0
Event: 0.129 Thread 0x0000024ea758f0a0 Thread added: 0x0000024ea758f0a0
Event: 0.293 Thread 0x0000024ea7591eb0 Thread added: 0x0000024ea7591eb0
Event: 0.299 Thread 0x0000024ea7596ca0 Thread added: 0x0000024ea7596ca0
Event: 1.025 Thread 0x0000024eed0d4fe0 Thread added: 0x0000024eed0d4fe0
Event: 1.114 Thread 0x0000024eed4d2540 Thread added: 0x0000024eed4d2540
Event: 2.200 Thread 0x0000024eed7ac040 Thread added: 0x0000024eed7ac040
Event: 3.426 Thread 0x0000024eed7fea30 Thread added: 0x0000024eed7fea30
Event: 3.949 Thread 0x0000024eed9f4190 Thread added: 0x0000024eed9f4190
Event: 5.650 Thread 0x0000024eedfcdb00 Thread added: 0x0000024eedfcdb00
Event: 6.070 Thread 0x0000024eee048ba0 Thread added: 0x0000024eee048ba0
Event: 6.242 Thread 0x0000024eed4527d0 Thread added: 0x0000024eed4527d0
Event: 6.552 Thread 0x0000024eed4518a0 Thread added: 0x0000024eed4518a0
Event: 6.848 Thread 0x0000024eed4531f0 Thread added: 0x0000024eed4531f0


Dynamic libraries:
0x00007ff6d28f0000 - 0x00007ff6d28fe000 	C:\Users\Public\wpilib\2025\jdk\bin\java.exe
0x00007ffdaf690000 - 0x00007ffdaf8a7000 	C:\WINDOWS\SYSTEM32\ntdll.dll
0x00007ffdae2c0000 - 0x00007ffdae384000 	C:\WINDOWS\System32\KERNEL32.DLL
0x00007ffdac9f0000 - 0x00007ffdacdaa000 	C:\WINDOWS\System32\KERNELBASE.dll
0x00007ffdad260000 - 0x00007ffdad371000 	C:\WINDOWS\System32\ucrtbase.dll
0x00007ffd29430000 - 0x00007ffd2944e000 	C:\Users\Public\wpilib\2025\jdk\bin\VCRUNTIME140.dll
0x00007ffd2d450000 - 0x00007ffd2d467000 	C:\Users\Public\wpilib\2025\jdk\bin\jli.dll
0x00007ffdaf030000 - 0x00007ffdaf1de000 	C:\WINDOWS\System32\USER32.dll
0x00007ffd95c10000 - 0x00007ffd95ea2000 	C:\WINDOWS\WinSxS\amd64_microsoft.windows.common-controls_6595b64144ccf1df_6.0.22621.4541_none_2710d1c57384c085\COMCTL32.dll
0x00007ffdad230000 - 0x00007ffdad256000 	C:\WINDOWS\System32\win32u.dll
0x00007ffdad4f0000 - 0x00007ffdad519000 	C:\WINDOWS\System32\GDI32.dll
0x00007ffdaf3f0000 - 0x00007ffdaf497000 	C:\WINDOWS\System32\msvcrt.dll
0x00007ffdad110000 - 0x00007ffdad22b000 	C:\WINDOWS\System32\gdi32full.dll
0x00007ffdac950000 - 0x00007ffdac9ea000 	C:\WINDOWS\System32\msvcp_win.dll
0x00007ffdad430000 - 0x00007ffdad461000 	C:\WINDOWS\System32\IMM32.DLL
0x00007ffda14b0000 - 0x00007ffda14bc000 	C:\Users\Public\wpilib\2025\jdk\bin\vcruntime140_1.dll
0x00007ffd148e0000 - 0x00007ffd1496d000 	C:\Users\Public\wpilib\2025\jdk\bin\msvcp140.dll
0x00007ffd13c70000 - 0x00007ffd148da000 	C:\Users\Public\wpilib\2025\jdk\bin\server\jvm.dll
0x00007ffdade60000 - 0x00007ffdadf12000 	C:\WINDOWS\System32\ADVAPI32.dll
0x00007ffdad380000 - 0x00007ffdad427000 	C:\WINDOWS\System32\sechost.dll
0x00007ffdacdb0000 - 0x00007ffdacdd8000 	C:\WINDOWS\System32\bcrypt.dll
0x00007ffdae690000 - 0x00007ffdae7a4000 	C:\WINDOWS\System32\RPCRT4.dll
0x00007ffdae7b0000 - 0x00007ffdae821000 	C:\WINDOWS\System32\WS2_32.dll
0x00007ffdac1d0000 - 0x00007ffdac21d000 	C:\WINDOWS\SYSTEM32\POWRPROF.dll
0x00007ffda3460000 - 0x00007ffda346a000 	C:\WINDOWS\SYSTEM32\VERSION.dll
0x00007ffda3820000 - 0x00007ffda3854000 	C:\WINDOWS\SYSTEM32\WINMM.dll
0x00007ffdac1b0000 - 0x00007ffdac1c3000 	C:\WINDOWS\SYSTEM32\UMPDC.dll
0x00007ffdab990000 - 0x00007ffdab9a8000 	C:\WINDOWS\SYSTEM32\kernel.appcore.dll
0x00007ffd5bfd0000 - 0x00007ffd5bfda000 	C:\Users\Public\wpilib\2025\jdk\bin\jimage.dll
0x00007ffda9f70000 - 0x00007ffdaa1a2000 	C:\WINDOWS\SYSTEM32\DBGHELP.DLL
0x00007ffdadf20000 - 0x00007ffdae2b1000 	C:\WINDOWS\System32\combase.dll
0x00007ffdaef30000 - 0x00007ffdaf007000 	C:\WINDOWS\System32\OLEAUT32.dll
0x00007ffda1470000 - 0x00007ffda14a2000 	C:\WINDOWS\SYSTEM32\dbgcore.DLL
0x00007ffdad010000 - 0x00007ffdad08b000 	C:\WINDOWS\System32\bcryptPrimitives.dll
0x00007ffd91530000 - 0x00007ffd9156b000 	C:\Users\Public\wpilib\2025\jdk\bin\jdwp.dll
0x00007ffd13c40000 - 0x00007ffd13c65000 	C:\Users\Public\wpilib\2025\jdk\bin\java.dll
0x00007ffd14a70000 - 0x00007ffd14b47000 	C:\Users\Public\wpilib\2025\jdk\bin\jsvml.dll
0x00007ffdad520000 - 0x00007ffdadd99000 	C:\WINDOWS\System32\SHELL32.dll
0x00007ffdaa840000 - 0x00007ffdab149000 	C:\WINDOWS\SYSTEM32\windows.storage.dll
0x00007ffdaa700000 - 0x00007ffdaa83f000 	C:\WINDOWS\SYSTEM32\wintypes.dll
0x00007ffdae840000 - 0x00007ffdae93a000 	C:\WINDOWS\System32\SHCORE.dll
0x00007ffdae3f0000 - 0x00007ffdae44e000 	C:\WINDOWS\System32\shlwapi.dll
0x00007ffdac880000 - 0x00007ffdac8ab000 	C:\WINDOWS\SYSTEM32\profapi.dll
0x00007ffda3d40000 - 0x00007ffda3d4c000 	C:\Users\Public\wpilib\2025\jdk\bin\dt_socket.dll
0x00007ffdab3b0000 - 0x00007ffdab3dd000 	C:\WINDOWS\SYSTEM32\IPHLPAPI.DLL
0x00007ffdabe80000 - 0x00007ffdabee9000 	C:\WINDOWS\system32\mswsock.dll
0x00007ffdab3e0000 - 0x00007ffdab4e2000 	C:\WINDOWS\SYSTEM32\DNSAPI.dll
0x00007ffdae830000 - 0x00007ffdae839000 	C:\WINDOWS\System32\NSI.dll
0x00000000553f0000 - 0x00000000553fb000 	C:\Program Files\National Instruments\Shared\mDNS Responder\nimdnsNSP.dll
0x00000000553d0000 - 0x00000000553e1000 	C:\WINDOWS\SYSTEM32\nimdnsResponder.dll
0x00000000553a0000 - 0x00000000553c6000 	C:\Program Files\Bonjour\mdnsNSP.dll
0x00007ffda17f0000 - 0x00007ffda17fa000 	C:\Windows\System32\rasadhlp.dll
0x00007ffda3130000 - 0x00007ffda31b3000 	C:\WINDOWS\System32\fwpuclnt.dll
0x00007ffd14a50000 - 0x00007ffd14a69000 	C:\Users\Public\wpilib\2025\jdk\bin\net.dll
0x00007ffda5950000 - 0x00007ffda5a86000 	C:\WINDOWS\SYSTEM32\WINHTTP.dll
0x00007ffd14a30000 - 0x00007ffd14a46000 	C:\Users\Public\wpilib\2025\jdk\bin\nio.dll
0x00007ffd162d0000 - 0x00007ffd162e8000 	C:\Users\Public\wpilib\2025\jdk\bin\zip.dll
0x00007ffd9f630000 - 0x00007ffd9f640000 	C:\Users\Roman\Documents\FRC Code\frc-2025-code\build\jni\release\wpiutiljni.dll
0x00007ffd27900000 - 0x00007ffd27c8c000 	C:\Users\Roman\Documents\FRC Code\frc-2025-code\build\jni\release\wpiutil.dll
0x00007ffd83d60000 - 0x00007ffd83da3000 	C:\Users\Roman\Documents\FRC Code\frc-2025-code\build\jni\release\wpiHaljni.dll
0x00007ffd76300000 - 0x00007ffd763a3000 	C:\Users\Roman\Documents\FRC Code\frc-2025-code\build\jni\release\wpiHal.dll
0x00007ffd83e80000 - 0x00007ffd83e91000 	C:\Users\Roman\Documents\FRC Code\frc-2025-code\build\jni\release\halsim_ds_socket.dll
0x00007ffd27540000 - 0x00007ffd278fc000 	C:\Users\Roman\Documents\FRC Code\frc-2025-code\build\jni\release\wpinet.dll
0x00007ffdabf70000 - 0x00007ffdabf98000 	C:\WINDOWS\SYSTEM32\USERENV.dll
0x00007ffdac0d0000 - 0x00007ffdac0dc000 	C:\WINDOWS\SYSTEM32\CRYPTBASE.DLL
0x00007ffda6480000 - 0x00007ffda6531000 	C:\WINDOWS\system32\uxtheme.dll
0x00007ffd8c7a0000 - 0x00007ffd8c7dc000 	C:\Users\Roman\Documents\FRC Code\frc-2025-code\build\jni\release\ntcorejni.dll
0x00007ffd4d200000 - 0x00007ffd4d375000 	C:\Users\Roman\Documents\FRC Code\frc-2025-code\build\jni\release\ntcore.dll
0x00007ffda14f0000 - 0x00007ffda14f9000 	C:\Users\Public\wpilib\2025\jdk\bin\management.dll
0x00007ffda14e0000 - 0x00007ffda14eb000 	C:\Users\Public\wpilib\2025\jdk\bin\management_ext.dll
0x00007ffdade30000 - 0x00007ffdade38000 	C:\WINDOWS\System32\PSAPI.DLL
0x00007ffd2f430000 - 0x00007ffd2f70d000 	C:\Users\Roman\Documents\FRC Code\frc-2025-code\build\jni\release\CTRE_PhoenixTools_Sim.dll
0x00007ffd9bbf0000 - 0x00007ffd9bc0c000 	C:\Users\Roman\Documents\FRC Code\frc-2025-code\build\jni\release\CTRE_SimTalonSRX.dll
0x00007ffd9f170000 - 0x00007ffd9f189000 	C:\Users\Roman\Documents\FRC Code\frc-2025-code\build\jni\release\CTRE_SimVictorSPX.dll
0x00007ffd7d8d0000 - 0x00007ffd7d8e1000 	C:\Users\Roman\Documents\FRC Code\frc-2025-code\build\jni\release\CTRE_SimPigeonIMU.dll
0x00007ffd7d780000 - 0x00007ffd7d793000 	C:\Users\Roman\Documents\FRC Code\frc-2025-code\build\jni\release\CTRE_SimCANCoder.dll
0x00007ffd78f40000 - 0x00007ffd78f7a000 	C:\Users\Roman\Documents\FRC Code\frc-2025-code\build\jni\release\CTRE_SimProTalonFXS.dll
0x00007ffd762c0000 - 0x00007ffd762f8000 	C:\Users\Roman\Documents\FRC Code\frc-2025-code\build\jni\release\CTRE_SimProTalonFX.dll
0x00007ffd7d420000 - 0x00007ffd7d43c000 	C:\Users\Roman\Documents\FRC Code\frc-2025-code\build\jni\release\CTRE_SimProCANcoder.dll
0x00007ffd78fe0000 - 0x00007ffd78fff000 	C:\Users\Roman\Documents\FRC Code\frc-2025-code\build\jni\release\CTRE_SimProPigeon2.dll
0x00007ffd76490000 - 0x00007ffd764ac000 	C:\Users\Roman\Documents\FRC Code\frc-2025-code\build\jni\release\CTRE_SimProCANrange.dll
0x00007ffd2a4b0000 - 0x00007ffd2a6af000 	C:\Users\Roman\Documents\FRC Code\frc-2025-code\build\jni\release\CTRE_Phoenix6_Sim.dll
0x00007ffd75750000 - 0x00007ffd757e0000 	C:\Users\Roman\Documents\FRC Code\frc-2025-code\build\jni\release\wpimathjni.dll
0x00007ffd284f0000 - 0x00007ffd286fc000 	C:\Users\Roman\Documents\FRC Code\frc-2025-code\build\jni\release\wpimath.dll
0x00007ffd53db0000 - 0x00007ffd53df1000 	C:\Users\Public\wpilib\2025\jdk\bin\MSVCP140_2.dll
0x00007ffd272e0000 - 0x00007ffd2753d000 	C:\Users\Roman\Documents\FRC Code\frc-2025-code\build\jni\release\grapplefrcdriver.dll
0x00007ffd75dd0000 - 0x00007ffd75e0a000 	C:\Users\Roman\Documents\FRC Code\frc-2025-code\build\jni\release\REVLibDriver.dll
0x00007ffd9f120000 - 0x00007ffd9f12b000 	C:\Users\Roman\Documents\FRC Code\frc-2025-code\build\jni\release\wpilibio.dll

dbghelp: loaded successfully - version: 4.0.5 - missing functions: none
symbol engine: initialized successfully - sym options: 0x614 - pdb path: .;C:\Users\Public\wpilib\2025\jdk\bin;C:\WINDOWS\SYSTEM32;C:\WINDOWS\WinSxS\amd64_microsoft.windows.common-controls_6595b64144ccf1df_6.0.22621.4541_none_2710d1c57384c085;C:\Users\Public\wpilib\2025\jdk\bin\server;C:\Program Files\National Instruments\Shared\mDNS Responder;C:\Program Files\Bonjour;C:\Users\Roman\Documents\FRC Code\frc-2025-code\build\jni\release

VM Arguments:
jvm_args: -agentlib:jdwp=transport=dt_socket,server=n,suspend=y,address=localhost:55495 -Djava.library.path=C:\Users\Roman\Documents\FRC Code\frc-2025-code\build\jni\release -XX:+ShowCodeDetailsInExceptionMessages 
java_command: frc.robot.Main
java_class_path (initial): C:\Users\Roman\Documents\FRC Code\frc-2025-code\bin\main;C:\Users\Roman\Documents\FRC Code\frc-2025-code\bin\default;C:\Users\Public\wpilib\2025\maven\edu\wpi\first\wpilibj\wpilibj-java\2025.3.1\wpilibj-java-2025.3.1.jar;C:\Users\Public\wpilib\2025\maven\edu\wpi\first\wpimath\wpimath-java\2025.3.1\wpimath-java-2025.3.1.jar;C:\Users\Public\wpilib\2025\maven\edu\wpi\first\ntcore\ntcore-java\2025.3.1\ntcore-java-2025.3.1.jar;C:\Users\Public\wpilib\2025\maven\edu\wpi\first\cscore\cscore-java\2025.3.1\cscore-java-2025.3.1.jar;C:\Users\Public\wpilib\2025\maven\edu\wpi\first\cameraserver\cameraserver-java\2025.3.1\cameraserver-java-2025.3.1.jar;C:\Users\Public\wpilib\2025\maven\edu\wpi\first\hal\hal-java\2025.3.1\hal-java-2025.3.1.jar;C:\Users\Public\wpilib\2025\maven\edu\wpi\first\wpinet\wpinet-java\2025.3.1\wpinet-java-2025.3.1.jar;C:\Users\Public\wpilib\2025\maven\edu\wpi\first\wpiutil\wpiutil-java\2025.3.1\wpiutil-java-2025.3.1.jar;C:\Users\Public\wpilib\2025\maven\edu\wpi\first\apriltag\apriltag-java\2025.3.1\apriltag-java-2025.3.1.jar;C:\Users\Public\wpilib\2025\maven\edu\wpi\first\wpiunits\wpiunits-java\2025.3.1\wpiunits-java-2025.3.1.jar;C:\Users\Public\wpilib\2025\maven\edu\wpi\first\epilogue\epilogue-runtime-java\2025.3.1\epilogue-runtime-java-2025.3.1.jar;C:\Users\Public\wpilib\2025\maven\edu\wpi\first\thirdparty\frc2025\opencv\opencv-java\4.10.0-3\opencv-java-4.10.0-3.jar;C:\Users\Public\wpilib\2025\maven\org\ejml\ejml-simple\0.43.1\ejml-simple-0.43.1.jar;C:\Users\Public\wpilib\2025\maven\com\fasterxml\jackson\core\jackson-core\2.15.2\jackson-core-2.15.2.jar;C:\Users\Public\wpilib\2025\maven\com\fasterxml\jackson\core\jackson-databind\2.15.2\jackson-databind-2.15.2.jar;C:\Users\Public\wpilib\2025\maven\com\fasterxml\jackson\core\jackson-annotations\2.15.2\jackson-annotations-2.15.2.jar;C:\Users\Public\wpilib\2025\maven\us\hebi\quickbuf\quickbuf-runtime\1.3.3\quickbuf-runtime-1.3.3.jar;C:\Users\Public\wpilib\2025\maven\edu\wpi\first\
Launcher Type: SUN_STANDARD

[Global flags]
     intx CICompilerCount                          = 3                                         {product} {ergonomic}
     uint ConcGCThreads                            = 1                                         {product} {ergonomic}
     uint G1ConcRefinementThreads                  = 4                                         {product} {ergonomic}
   size_t G1HeapRegionSize                         = 2097152                                   {product} {ergonomic}
    uintx GCDrainStackTargetSize                   = 64                                        {product} {ergonomic}
   size_t InitialHeapSize                          = 197132288                                 {product} {ergonomic}
   size_t MarkStackSize                            = 4194304                                   {product} {ergonomic}
   size_t MaxHeapSize                              = 3141533696                                {product} {ergonomic}
   size_t MaxNewSize                               = 1883242496                                {product} {ergonomic}
   size_t MinHeapDeltaBytes                        = 2097152                                   {product} {ergonomic}
   size_t MinHeapSize                              = 8388608                                   {product} {ergonomic}
    uintx NonNMethodCodeHeapSize                   = 5832780                                {pd product} {ergonomic}
    uintx NonProfiledCodeHeapSize                  = 122912730                              {pd product} {ergonomic}
    uintx ProfiledCodeHeapSize                     = 122912730                              {pd product} {ergonomic}
    uintx ReservedCodeCacheSize                    = 251658240                              {pd product} {ergonomic}
     bool SegmentedCodeCache                       = true                                      {product} {ergonomic}
     bool ShowCodeDetailsInExceptionMessages       = true                                   {manageable} {command line}
   size_t SoftMaxHeapSize                          = 3141533696                             {manageable} {ergonomic}
     bool UseCompressedClassPointers               = true                           {product lp64_product} {ergonomic}
     bool UseCompressedOops                        = true                           {product lp64_product} {ergonomic}
     bool UseG1GC                                  = true                                      {product} {ergonomic}
     bool UseLargePagesIndividualAllocation        = false                                  {pd product} {ergonomic}

Logging:
Log output configuration:
 #0: stdout all=warning uptime,level,tags
 #1: stderr all=off uptime,level,tags

Environment Variables:
JAVA_HOME=C:\Users\Public\wpilib\2025\jdk
PATH=C:\Users\Roman\Documents\FRC Code\frc-2025-code\build\jni\release;C:\WINDOWS\system32\
USERNAME=Roman
LANG=en_US.UTF-8
OS=Windows_NT
PROCESSOR_IDENTIFIER=Intel64 Family 6 Model 140 Stepping 1, GenuineIntel
TMP=C:\Users\Roman\AppData\Local\Temp
TEMP=C:\Users\Roman\AppData\Local\Temp



Periodic native trim disabled


---------------  S Y S T E M  ---------------

OS:
 Windows 11 , 64 bit Build 22621 (10.0.22621.4391)
OS uptime: 0 days 3:33 hours
Hyper-V role detected

CPU: total 4 (initial active 4) (2 cores per cpu, 2 threads per core) family 6 model 140 stepping 1 microcode 0x86, cx8, cmov, fxsr, ht, mmx, 3dnowpref, sse, sse2, sse3, ssse3, sse4.1, sse4.2, popcnt, lzcnt, tsc, tscinvbit, avx, avx2, aes, erms, clmul, bmi1, bmi2, adx, avx512f, avx512dq, avx512cd, avx512bw, avx512vl, sha, fma, vzeroupper, avx512_vpopcntdq, avx512_vpclmulqdq, avx512_vaes, avx512_vnni, clflush, clflushopt, clwb, avx512_vbmi2, avx512_vbmi, hv
Processor Information for all 4 processors :
  Max Mhz: 2995, Current Mhz: 2995, Mhz Limit: 2995

Memory: 4k page, system-wide physical 11982M (1993M free)
TotalPageFile size 21183M (AvailPageFile size 3661M)
current process WorkingSet (physical memory assigned to process): 158M, peak: 167M
current process commit charge ("private bytes"): 362M, peak: 373M

vm_info: OpenJDK 64-Bit Server VM (17.0.12+7) for windows-amd64 JRE (17.0.12+7), built on Jul 16 2024 22:08:24 by "admin" with MS VC++ 16.10 / 16.11 (VS2019)

END.
